<html>
<body>
<pre>
<h1>µVision Build Log</h1>
<h2>Tool Versions:</h2>
IDE-Version: µVision V5.31.0.0
Copyright (C) 2020 ARM Ltd and ARM Germany GmbH. All rights reserved.
License Information: Lidia Wiœniewska, AGH Uniwersity of Science and Technology, LIC=----
 
Tool Versions:
Toolchain:       MDK-Lite  Version: 5.31.0.0
Toolchain Path:  C:\Keil_v5\ARM\ARMCLANG\Bin
C Compiler:      ArmClang.exe V6.14
Assembler:       Armasm.exe V6.14
Linker/Locator:  ArmLink.exe V6.14
Library Manager: ArmAr.exe V6.14
Hex Converter:   FromElf.exe V6.14
CPU DLL:         SARMCM3.DLL V5.31.0.0
Dialog DLL:      DARMCM1.DLL V1.19.3.0
Target DLL:      Segger\JL2CM3.dll V2.99.38.0
Dialog DLL:      TARMCM1.DLL V1.14.2.0
 
<h2>Project:</h2>
C:\Users\Lidia\Documents\GitHub\Calculator\klawiatura.uvprojx
Project File Date:  01/19/2021

<h2>Output:</h2>
*** Using Compiler 'V6.14', folder: 'C:\Keil_v5\ARM\ARMCLANG\Bin'
Build target 'FRDM-KL05ZJ'
calc.c(2): warning: In file included from...
./calc.h(9): warning: no newline at end of file [-Wnewline-eof]
#endif
      ^
calc.c(5): warning: In file included from...
./buzzer.h(6): warning: no newline at end of file [-Wnewline-eof]
#endif
      ^
calc.c(11): warning: no previous extern declaration for non-static variable 'temp' [-Wmissing-variable-declarations]
char temp[20]={"\0"};
     ^
calc.c(11): note: declare 'static' if the variable is not intended to be used outside of this translation unit
char temp[20]={"\0"};
^
calc.c(12): warning: no previous extern declaration for non-static variable 'number' [-Wmissing-variable-declarations]
char number[10]={"\0"};
     ^
calc.c(12): note: declare 'static' if the variable is not intended to be used outside of this translation unit
char number[10]={"\0"};
^
calc.c(13): warning: no previous extern declaration for non-static variable 'reset' [-Wmissing-variable-declarations]
uint8_t reset = 0;
        ^
calc.c(13): note: declare 'static' if the variable is not intended to be used outside of this translation unit
uint8_t reset = 0;
^
calc.c(14): warning: no previous extern declaration for non-static variable 'counter' [-Wmissing-variable-declarations]
int counter = 0;
    ^
calc.c(14): note: declare 'static' if the variable is not intended to be used outside of this translation unit
int counter = 0;
^
calc.c(16): warning: no previous extern declaration for non-static variable 's' [-Wmissing-variable-declarations]
int s = 0;
    ^
calc.c(16): note: declare 'static' if the variable is not intended to be used outside of this translation unit
int s = 0;
^
calc.c(18): warning: no previous extern declaration for non-static variable 'last_arg' [-Wmissing-variable-declarations]
char last_arg = '+';
     ^
calc.c(18): note: declare 'static' if the variable is not intended to be used outside of this translation unit
char last_arg = '+';
^
calc.c(19): warning: no previous extern declaration for non-static variable 'result' [-Wmissing-variable-declarations]
int result = 0;
    ^
calc.c(19): note: declare 'static' if the variable is not intended to be used outside of this translation unit
int result = 0;
^
calc.c(48): warning: implicit conversion turns floating-point number into integer: 'double' to 'int' [-Wfloat-conversion]
                                result = pow(result,a);
                                       ~ ^~~~~~~~~~~~~
calc.c(51): warning: implicit conversion turns floating-point number into integer: 'double' to 'int' [-Wfloat-conversion]
                                result = sqrt(a);
                                       ~ ^~~~~~~
calc.c(154): warning: declaration shadows a variable in the global scope [-Wshadow]
                        int result = liczby[0];
                            ^
calc.c(19): note: previous declaration is here
int result = 0;
    ^
calc.c(15): warning: no previous extern declaration for non-static variable 'sep' [-Wmissing-variable-declarations]
char sep[2];
     ^
calc.c(15): note: declare 'static' if the variable is not intended to be used outside of this translation unit
char sep[2];
^
13 warnings generated.
compiling calc.c...
linking...
Program Size: Code=11248 RO-data=788 RW-data=24 ZI-data=424  
".\Objects\klawiatura.axf" - 0 Error(s), 13 Warning(s).

<h2>Software Packages used:</h2>

Package Vendor: ARM
                http://www.keil.com/pack/ARM.CMSIS.5.7.0.pack
                ARM.CMSIS.5.7.0
                CMSIS (Cortex Microcontroller Software Interface Standard)
   * Component: CORE Version: 5.4.0

Package Vendor: Keil
                http://www.keil.com/pack/Keil.Kinetis_KLxx_DFP.1.15.0.pack
                Keil.Kinetis_KLxx_DFP.1.15.0
                NXP Kinetis KLxx Series Device Support and Examples
   * Component: Startup Version: 1.0.0

<h2>Collection of Component include folders:</h2>
  .\RTE\_FRDM-KL05ZJ
  C:\Users\Lidia\AppData\Local\Arm\Packs\ARM\CMSIS\5.7.0\CMSIS\Core\Include
  C:\Users\Lidia\AppData\Local\Arm\Packs\Keil\Kinetis_KLxx_DFP\1.15.0\Device\Include

<h2>Collection of Component Files used:</h2>

   * Component: ARM::CMSIS:CORE:5.4.0

   * Component: Keil::Device:Startup:1.0.0
      Source file:   Device\Source\ARM\startup_MKL05Z4.s
      Source file:   Device\Source\system_MKL05Z4.c
Build Time Elapsed:  00:00:00
</pre>
</body>
</html>
