<html>
<body>
<pre>
<h1>µVision Build Log</h1>
<h2>Tool Versions:</h2>
IDE-Version: µVision V5.31.0.0
Copyright (C) 2020 ARM Ltd and ARM Germany GmbH. All rights reserved.
License Information: Lidia Wiœniewska, AGH Uniwersity of Science and Technology, LIC=----
 
Tool Versions:
Toolchain:       MDK-Lite  Version: 5.31.0.0
Toolchain Path:  C:\Keil_v5\ARM\ARMCLANG\Bin
C Compiler:      ArmClang.exe V6.14
Assembler:       Armasm.exe V6.14
Linker/Locator:  ArmLink.exe V6.14
Library Manager: ArmAr.exe V6.14
Hex Converter:   FromElf.exe V6.14
CPU DLL:         SARMCM3.DLL V5.31.0.0
Dialog DLL:      DARMCM1.DLL V1.19.3.0
Target DLL:      Segger\JL2CM3.dll V2.99.38.0
Dialog DLL:      TARMCM1.DLL V1.14.2.0
 
<h2>Project:</h2>
C:\Users\Lidia\Documents\TMP2\projektTMP\klawiatura.uvprojx
Project File Date:  12/04/2020

<h2>Output:</h2>
*** Using Compiler 'V6.14', folder: 'C:\Keil_v5\ARM\ARMCLANG\Bin'
Build target 'FRDM-KL05ZJ'
calc.c(2): warning: In file included from...
./calc.h(6): warning: no newline at end of file [-Wnewline-eof]
#endif
      ^
calc.c(9): warning: no previous extern declaration for non-static variable 'temp' [-Wmissing-variable-declarations]
char temp[20]={"\0"};
     ^
calc.c(9): note: declare 'static' if the variable is not intended to be used outside of this translation unit
char temp[20]={"\0"};
^
calc.c(10): warning: no previous extern declaration for non-static variable 'counter' [-Wmissing-variable-declarations]
int counter = 0;
    ^
calc.c(10): note: declare 'static' if the variable is not intended to be used outside of this translation unit
int counter = 0;
^
calc.c(61): warning: incompatible integer to pointer conversion passing 'int' to parameter of type 'const char *' [-Wint-conversion]
        ptr=strtok(NULL,'=');
                        ^~~
C:\Keil_v5\ARM\ARMCLANG\Bin\..\include\string.h(280): note: passing argument to parameter here
extern _ARMABI char *strtok(char * __restrict /*s1*/, const char * __restrict /*s2*/) __attribute__((__nonnull__(2)));
                                                                                    ^
calc.c(70): warning: no newline at end of file [-Wnewline-eof]
}
 ^
calc.c(57): warning: unused variable 'i' [-Wunused-variable]
        uint8_t i=0;
                ^
calc.c(67): warning: variable 'result' is used uninitialized whenever 'if' condition is false [-Wsometimes-uninitialized]
        else if(separator[0] =='/') result = a/b;
                ^~~~~~~~~~~~~~~~~~
calc.c(68): note: uninitialized use occurs here
        inttostring(sm,result);
                       ^~~~~~
calc.c(67): note: remove the 'if' if its condition is always true
        else if(separator[0] =='/') result = a/b;
             ^~~~~~~~~~~~~~~~~~~~~~~
calc.c(63): note: initialize the variable 'result' to silence this warning
        int result;
                  ^
                   = 0
calc.c(11): warning: no previous extern declaration for non-static variable 'sep' [-Wmissing-variable-declarations]
char sep[2];
     ^
calc.c(11): note: declare 'static' if the variable is not intended to be used outside of this translation unit
char sep[2];
^
8 warnings generated.
compiling calc.c...
linking...
Program Size: Code=3336 RO-data=516 RW-data=28 ZI-data=384  
".\Objects\klawiatura.axf" - 0 Error(s), 8 Warning(s).

<h2>Software Packages used:</h2>

Package Vendor: ARM
                http://www.keil.com/pack/ARM.CMSIS.5.7.0.pack
                ARM.CMSIS.5.7.0
                CMSIS (Cortex Microcontroller Software Interface Standard)
   * Component: CORE Version: 5.4.0

Package Vendor: Keil
                http://www.keil.com/pack/Keil.Kinetis_KLxx_DFP.1.15.0.pack
                Keil.Kinetis_KLxx_DFP.1.15.0
                NXP Kinetis KLxx Series Device Support and Examples
   * Component: Startup Version: 1.0.0

<h2>Collection of Component include folders:</h2>
  .\RTE\_FRDM-KL05ZJ
  C:\Users\Lidia\AppData\Local\Arm\Packs\ARM\CMSIS\5.7.0\CMSIS\Core\Include
  C:\Users\Lidia\AppData\Local\Arm\Packs\Keil\Kinetis_KLxx_DFP\1.15.0\Device\Include

<h2>Collection of Component Files used:</h2>

   * Component: ARM::CMSIS:CORE:5.4.0

   * Component: Keil::Device:Startup:1.0.0
      Source file:   Device\Source\ARM\startup_MKL05Z4.s
      Source file:   Device\Source\system_MKL05Z4.c
Build Time Elapsed:  00:00:01
</pre>
</body>
</html>
