Component: ARM Compiler 6.14 Tool: armlink [5db06800]

==============================================================================

Section Cross References

    buttons.o(.ARM.exidx.text.buttons_init) refers to buttons.o(.text.buttons_init) for [Anonymous Symbol]
    buttons.o(.ARM.exidx.text.choose_row) refers to buttons.o(.text.choose_row) for [Anonymous Symbol]
    buttons.o(.text.print_button) refers to buttons.o(.data.tab) for tab
    buttons.o(.ARM.exidx.text.print_button) refers to buttons.o(.text.print_button) for [Anonymous Symbol]
    buttons.o(.text.mode_change) refers to lcd1602.o(.text.LCD1602_SetCursor) for LCD1602_SetCursor
    buttons.o(.text.mode_change) refers to lcd1602.o(.text.LCD1602_Print) for LCD1602_Print
    buttons.o(.text.mode_change) refers to main.o(.text.delay_ms) for delay_ms
    buttons.o(.text.mode_change) refers to buttons.o(.bss.MODE_FLAG) for MODE_FLAG
    buttons.o(.text.mode_change) refers to buttons.o(.rodata.str1.1) for .L.str.3
    buttons.o(.ARM.exidx.text.mode_change) refers to buttons.o(.text.mode_change) for [Anonymous Symbol]
    buttons.o(.text.inttostring) refers to aeabi_sdivfast.o(.text_divfast) for __aeabi_idiv
    buttons.o(.ARM.exidx.text.inttostring) refers to buttons.o(.text.inttostring) for [Anonymous Symbol]
    i2c.o(.ARM.exidx.text.I2C_Init) refers to i2c.o(.text.I2C_Init) for [Anonymous Symbol]
    i2c.o(.text.I2C_Write) refers to i2c.o(.text.i2c_enable) for i2c_enable
    i2c.o(.text.I2C_Write) refers to i2c.o(.text.i2c_tran) for i2c_tran
    i2c.o(.text.I2C_Write) refers to i2c.o(.text.i2c_m_start) for i2c_m_start
    i2c.o(.text.I2C_Write) refers to i2c.o(.text.i2c_send) for i2c_send
    i2c.o(.text.I2C_Write) refers to i2c.o(.text.i2c_wait) for i2c_wait
    i2c.o(.text.I2C_Write) refers to i2c.o(.text.i2c_m_stop) for i2c_m_stop
    i2c.o(.text.I2C_Write) refers to i2c.o(.text.i2c_disable) for i2c_disable
    i2c.o(.text.I2C_Write) refers to i2c.o(.bss.error) for [Anonymous Symbol]
    i2c.o(.ARM.exidx.text.I2C_Write) refers to i2c.o(.text.I2C_Write) for [Anonymous Symbol]
    i2c.o(.ARM.exidx.text.i2c_enable) refers to i2c.o(.text.i2c_enable) for [Anonymous Symbol]
    i2c.o(.ARM.exidx.text.i2c_tran) refers to i2c.o(.text.i2c_tran) for [Anonymous Symbol]
    i2c.o(.ARM.exidx.text.i2c_m_start) refers to i2c.o(.text.i2c_m_start) for [Anonymous Symbol]
    i2c.o(.ARM.exidx.text.i2c_send) refers to i2c.o(.text.i2c_send) for [Anonymous Symbol]
    i2c.o(.text.i2c_wait) refers to i2c.o(.bss.error) for [Anonymous Symbol]
    i2c.o(.ARM.exidx.text.i2c_wait) refers to i2c.o(.text.i2c_wait) for [Anonymous Symbol]
    i2c.o(.ARM.exidx.text.i2c_m_stop) refers to i2c.o(.text.i2c_m_stop) for [Anonymous Symbol]
    i2c.o(.ARM.exidx.text.i2c_disable) refers to i2c.o(.text.i2c_disable) for [Anonymous Symbol]
    i2c.o(.ARM.exidx.text.i2c_m_rstart) refers to i2c.o(.text.i2c_m_rstart) for [Anonymous Symbol]
    main.o(.text) refers (Special) to _printf_i.o(.ARM.Collect$$_printf_percent$$00000008) for _printf_i
    main.o(.text) refers (Special) to _printf_dec.o(.text) for _printf_int_dec
    main.o(.text) refers (Special) to _printf_percent.o(.ARM.Collect$$_printf_percent$$00000000) for _printf_percent
    main.o(.text.RTC_Seconds_IRQHandler) refers (Special) to _printf_i.o(.ARM.Collect$$_printf_percent$$00000008) for _printf_i
    main.o(.text.RTC_Seconds_IRQHandler) refers (Special) to _printf_dec.o(.text) for _printf_int_dec
    main.o(.text.RTC_Seconds_IRQHandler) refers (Special) to _printf_percent.o(.ARM.Collect$$_printf_percent$$00000000) for _printf_percent
    main.o(.text.RTC_Seconds_IRQHandler) refers to main.o(.bss.sec) for sec
    main.o(.ARM.exidx.text.RTC_Seconds_IRQHandler) refers (Special) to _printf_i.o(.ARM.Collect$$_printf_percent$$00000008) for _printf_i
    main.o(.ARM.exidx.text.RTC_Seconds_IRQHandler) refers (Special) to _printf_dec.o(.text) for _printf_int_dec
    main.o(.ARM.exidx.text.RTC_Seconds_IRQHandler) refers (Special) to _printf_percent.o(.ARM.Collect$$_printf_percent$$00000000) for _printf_percent
    main.o(.ARM.exidx.text.RTC_Seconds_IRQHandler) refers to main.o(.text.RTC_Seconds_IRQHandler) for [Anonymous Symbol]
    main.o(.text.PIT_IRQHandler) refers (Special) to _printf_i.o(.ARM.Collect$$_printf_percent$$00000008) for _printf_i
    main.o(.text.PIT_IRQHandler) refers (Special) to _printf_dec.o(.text) for _printf_int_dec
    main.o(.text.PIT_IRQHandler) refers (Special) to _printf_percent.o(.ARM.Collect$$_printf_percent$$00000000) for _printf_percent
    main.o(.text.PIT_IRQHandler) refers to main.o(.text.__NVIC_ClearPendingIRQ) for __NVIC_ClearPendingIRQ
    main.o(.text.PIT_IRQHandler) refers to main.o(.bss.irqTimer) for irqTimer
    main.o(.ARM.exidx.text.PIT_IRQHandler) refers (Special) to _printf_i.o(.ARM.Collect$$_printf_percent$$00000008) for _printf_i
    main.o(.ARM.exidx.text.PIT_IRQHandler) refers (Special) to _printf_dec.o(.text) for _printf_int_dec
[...]

Removing Unused input sections from the image.

    Removing buttons.o(.text), (0 bytes).
    Removing buttons.o(.ARM.exidx.text.buttons_init), (8 bytes).
    Removing buttons.o(.ARM.exidx.text.choose_row), (8 bytes).
    Removing buttons.o(.ARM.exidx.text.print_button), (8 bytes).
    Removing buttons.o(.ARM.exidx.text.mode_change), (8 bytes).
    Removing buttons.o(.ARM.exidx.text.inttostring), (8 bytes).
    Removing i2c.o(.text), (0 bytes).
    Removing i2c.o(.ARM.exidx.text.I2C_Init), (8 bytes).
    Removing i2c.o(.ARM.exidx.text.I2C_Write), (8 bytes).
    Removing i2c.o(.ARM.exidx.text.i2c_enable), (8 bytes).
    Removing i2c.o(.ARM.exidx.text.i2c_tran), (8 bytes).
    Removing i2c.o(.ARM.exidx.text.i2c_m_start), (8 bytes).
    Removing i2c.o(.ARM.exidx.text.i2c_send), (8 bytes).
    Removing i2c.o(.ARM.exidx.text.i2c_wait), (8 bytes).
    Removing i2c.o(.ARM.exidx.text.i2c_m_stop), (8 bytes).
    Removing i2c.o(.ARM.exidx.text.i2c_disable), (8 bytes).
    Removing i2c.o(.text.i2c_m_rstart), (16 bytes).
    Removing i2c.o(.ARM.exidx.text.i2c_m_rstart), (8 bytes).
    Removing main.o(.text), (0 bytes).
    Removing main.o(.ARM.exidx.text.RTC_Seconds_IRQHandler), (8 bytes).
    Removing main.o(.ARM.exidx.text.PIT_IRQHandler), (8 bytes).
    Removing main.o(.ARM.exidx.text.__NVIC_ClearPendingIRQ), (8 bytes).
    Removing main.o(.ARM.exidx.text.delay_ms), (8 bytes).
    Removing main.o(.ARM.exidx.text.main), (8 bytes).
    Removing main.o(.ARM.use_no_argv), (4 bytes).
    Removing pit.o(.text), (0 bytes).
    Removing pit.o(.ARM.exidx.text.PIT_Init), (8 bytes).
    Removing pit.o(.ARM.exidx.text.__NVIC_ClearPendingIRQ), (8 bytes).
    Removing pit.o(.ARM.exidx.text.__NVIC_EnableIRQ), (8 bytes).
    Removing lcd1602.o(.text), (0 bytes).
    Removing lcd1602.o(.ARM.exidx.text.LCD1602_Init), (8 bytes).
    Removing lcd1602.o(.ARM.exidx.text.LCD1602_CheckAddress), (8 bytes).
    Removing lcd1602.o(.ARM.exidx.text.LCD1602_Write8), (8 bytes).
    Removing lcd1602.o(.ARM.exidx.text.LCD1602_SetCursor), (8 bytes).
    Removing lcd1602.o(.text.LCD1602_ClearAll), (12 bytes).
    Removing lcd1602.o(.ARM.exidx.text.LCD1602_ClearAll), (8 bytes).
    Removing lcd1602.o(.ARM.exidx.text.LCD1602_Print), (8 bytes).
    Removing lcd1602.o(.text.LCD1602_PrintNum), (44 bytes).
    Removing lcd1602.o(.ARM.exidx.text.LCD1602_PrintNum), (8 bytes).
    Removing lcd1602.o(.text.itoa), (118 bytes).
    Removing lcd1602.o(.ARM.exidx.text.itoa), (8 bytes).
    Removing lcd1602.o(.ARM.exidx.text.LCD1602_Backlight), (8 bytes).
    Removing lcd1602.o(.ARM.exidx.text.PCF8574_Write), (8 bytes).
    Removing lcd1602.o(.ARM.exidx.text.LCD1602_Write4), (8 bytes).
    Removing calc.o(.text), (0 bytes).
    Removing calc.o(.ARM.exidx.text.calculator), (8 bytes).
    Removing calc.o(.text.getResult), (220 bytes).
    Removing calc.o(.ARM.exidx.text.getResult), (8 bytes).
    Removing calc.o(.bss.sep), (2 bytes).
    Removing rtc.o(.text), (0 bytes).
    Removing rtc.o(.ARM.exidx.text.rtc_init), (8 bytes).
    Removing rtc.o(.ARM.exidx.text.__NVIC_EnableIRQ), (8 bytes).
    Removing rtc.o(.text.rtc_reset), (32 bytes).
    Removing rtc.o(.ARM.exidx.text.rtc_reset), (8 bytes).
    Removing rtc.o(.text.rtc_update), (12 bytes).
    Removing rtc.o(.ARM.exidx.text.rtc_update), (8 bytes).
    Removing buzzer.o(.text), (0 bytes).
    Removing buzzer.o(.ARM.exidx.text.buzzer), (8 bytes).
    Removing led.o(.text), (0 bytes).
    Removing led.o(.ARM.exidx.text.led_init), (8 bytes).
    Removing led.o(.ARM.exidx.text.turn_off), (8 bytes).
    Removing system_mkl05z4.o(.text), (0 bytes).
    Removing system_mkl05z4.o(.ARM.exidx.text.SystemInit), (8 bytes).
    Removing system_mkl05z4.o(.text.SystemCoreClockUpdate), (184 bytes).
    Removing system_mkl05z4.o(.ARM.exidx.text.SystemCoreClockUpdate), (8 bytes).

65 unused section(s) (total 1004 bytes) removed from the image.

==============================================================================

Image Symbol Table

    Local Symbols

    Symbol Name                              Value     Ov Type        Size  Object(Section)

    ../clib/angel/boardlib.s                 0x00000000   Number         0  boardinit1.o ABSOLUTE
    ../clib/angel/boardlib.s                 0x00000000   Number         0  boardinit2.o ABSOLUTE
    ../clib/angel/boardlib.s                 0x00000000   Number         0  boardinit3.o ABSOLUTE
    ../clib/angel/boardlib.s                 0x00000000   Number         0  boardshut.o ABSOLUTE
    ../clib/angel/handlers.s                 0x00000000   Number         0  __scatter_copy.o ABSOLUTE
    ../clib/angel/handlers.s                 0x00000000   Number         0  __scatter_zi.o ABSOLUTE
    ../clib/angel/kernel.s                   0x00000000   Number         0  __rtentry.o ABSOLUTE
    ../clib/angel/kernel.s                   0x00000000   Number         0  __rtentry2.o ABSOLUTE
    ../clib/angel/kernel.s                   0x00000000   Number         0  __rtentry4.o ABSOLUTE
    ../clib/angel/kernel.s                   0x00000000   Number         0  rtexit.o ABSOLUTE
    ../clib/angel/kernel.s                   0x00000000   Number         0  rtexit2.o ABSOLUTE
    ../clib/angel/rt.s                       0x00000000   Number         0  aeabi_idiv0.o ABSOLUTE
    ../clib/angel/rt.s                       0x00000000   Number         0  aeabi_idiv0_sigfpe.o ABSOLUTE
    ../clib/angel/rt.s                       0x00000000   Number         0  rt_errno_addr.o ABSOLUTE
    ../clib/angel/rt.s                       0x00000000   Number         0  rt_errno_addr_intlibspace.o ABSOLUTE
    ../clib/angel/rt.s                       0x00000000   Number         0  rt_ctype_table.o ABSOLUTE
    ../clib/angel/rt.s                       0x00000000   Number         0  rt_div0.o ABSOLUTE
    ../clib/angel/rt.s                       0x00000000   Number         0  rt_locale.o ABSOLUTE
    ../clib/angel/rt.s                       0x00000000   Number         0  rt_locale_intlibspace.o ABSOLUTE
    ../clib/angel/rt.s                       0x00000000   Number         0  rt_raise.o ABSOLUTE
    ../clib/angel/scatterp.s                 0x00000000   Number         0  __scatter.o ABSOLUTE
    ../clib/angel/startup.s                  0x00000000   Number         0  __main.o ABSOLUTE
    ../clib/angel/sys.s                      0x00000000   Number         0  libspace.o ABSOLUTE
    ../clib/angel/sys.s                      0x00000000   Number         0  sys_stackheap_outer.o ABSOLUTE
    ../clib/angel/sys.s                      0x00000000   Number         0  tempstk.o ABSOLUTE
    ../clib/angel/sys.s                      0x00000000   Number         0  use_no_semi.o ABSOLUTE
    ../clib/angel/sys.s                      0x00000000   Number         0  indicate_semi.o ABSOLUTE
    ../clib/angel/sysapp.c                   0x00000000   Number         0  sys_exit.o ABSOLUTE
    ../clib/angel/sysapp.c                   0x00000000   Number         0  sys_exit_hlt.o ABSOLUTE
    ../clib/angel/sysapp.c                   0x00000000   Number         0  sys_wrch.o ABSOLUTE
    ../clib/angel/sysapp.c                   0x00000000   Number         0  sys_wrch_hlt.o ABSOLUTE
    ../clib/angel/sysapp.c                   0x00000000   Number         0  sys_command.o ABSOLUTE
    ../clib/angel/sysapp.c                   0x00000000   Number         0  sys_command_hlt.o ABSOLUTE
    ../clib/armsys.c                         0x00000000   Number         0  argv_veneer.o ABSOLUTE
    ../clib/armsys.c                         0x00000000   Number         0  _get_argv_nomalloc.o ABSOLUTE
    ../clib/armsys.c                         0x00000000   Number         0  no_argv.o ABSOLUTE
    ../clib/division.c                       0x00000000   Number         0  rtudiv10.o ABSOLUTE
    ../clib/division.s                       0x00000000   Number         0  aeabi_sdivfast.o ABSOLUTE
    ../clib/division.s                       0x00000000   Number         0  aeabi_sdivfast_div0.o ABSOLUTE
    ../clib/fenv.c                           0x00000000   Number         0  _rserrno.o ABSOLUTE
    ../clib/heapalloc.c                      0x00000000   Number         0  hrguard.o ABSOLUTE
    ../clib/heapaux.c                        0x00000000   Number         0  heapauxi.o ABSOLUTE
    ../clib/libinit.s                        0x00000000   Number         0  libinit.o ABSOLUTE
    ../clib/libinit.s                        0x00000000   Number         0  libinit2.o ABSOLUTE
    ../clib/libinit.s                        0x00000000   Number         0  libshutdown.o ABSOLUTE
    ../clib/libinit.s                        0x00000000   Number         0  libshutdown2.o ABSOLUTE
    ../clib/locale.s                         0x00000000   Number         0  lc_ctype_c.o ABSOLUTE
    ../clib/memcpset.s                       0x00000000   Number         0  strcmpv6m.o ABSOLUTE
    ../clib/printf.c                         0x00000000   Number         0  __2sprintf.o ABSOLUTE
    ../clib/printf.c                         0x00000000   Number         0  noretval__2sprintf.o ABSOLUTE
    ../clib/printf.c                         0x00000000   Number         0  __printf.o ABSOLUTE
    ../clib/printf.c                         0x00000000   Number         0  _printf_dec.o ABSOLUTE
    ../clib/printf.c                         0x00000000   Number         0  __printf_flags.o ABSOLUTE
    ../clib/printf.c                         0x00000000   Number         0  __printf_ss.o ABSOLUTE
    ../clib/printf.c                         0x00000000   Number         0  __printf_flags_ss.o ABSOLUTE
    ../clib/printf.c                         0x00000000   Number         0  __printf_wp.o ABSOLUTE
    ../clib/printf.c                         0x00000000   Number         0  __printf_flags_wp.o ABSOLUTE
    ../clib/printf.c                         0x00000000   Number         0  __printf_ss_wp.o ABSOLUTE
    ../clib/printf.c                         0x00000000   Number         0  __printf_flags_ss_wp.o ABSOLUTE
    ../clib/printf.c                         0x00000000   Number         0  _printf_intcommon.o ABSOLUTE
    ../clib/printf.c                         0x00000000   Number         0  _printf_char_common.o ABSOLUTE
    ../clib/printf.c                         0x00000000   Number         0  _sputc.o ABSOLUTE
    ../clib/printf.c                         0x00000000   Number         0  __printf_nopercent.o ABSOLUTE
    ../clib/printf_percent.s                 0x00000000   Number         0  _printf_i.o ABSOLUTE
    ../clib/printf_percent.s                 0x00000000   Number         0  _printf_percent.o ABSOLUTE
    ../clib/printf_percent.s                 0x00000000   Number         0  _printf_percent_end.o ABSOLUTE
    ../clib/scanf.c                          0x00000000   Number         0  atoi.o ABSOLUTE
    ../clib/scanf.c                          0x00000000   Number         0  strtol.o ABSOLUTE
    ../clib/scanf.c                          0x00000000   Number         0  _strtoul.o ABSOLUTE
    ../clib/scanf.c                          0x00000000   Number         0  _chval.o ABSOLUTE
    ../clib/signal.c                         0x00000000   Number         0  defsig_fpe_outer.o ABSOLUTE
    ../clib/signal.c                         0x00000000   Number         0  defsig_fpe_formal.o ABSOLUTE
    ../clib/signal.c                         0x00000000   Number         0  defsig_exit.o ABSOLUTE
    ../clib/signal.c                         0x00000000   Number         0  defsig_fpe_inner.o ABSOLUTE
    ../clib/signal.c                         0x00000000   Number         0  __raise.o ABSOLUTE
    ../clib/signal.c                         0x00000000   Number         0  defsig_general.o ABSOLUTE
    ../clib/signal.c                         0x00000000   Number         0  defsig_abrt_inner.o ABSOLUTE
    ../clib/signal.c                         0x00000000   Number         0  defsig_rtred_inner.o ABSOLUTE
    ../clib/signal.c                         0x00000000   Number         0  defsig_rtmem_inner.o ABSOLUTE
    ../clib/signal.c                         0x00000000   Number         0  defsig_rtmem_outer.o ABSOLUTE
    ../clib/signal.c                         0x00000000   Number         0  defsig_rtmem_formal.o ABSOLUTE
    ../clib/signal.c                         0x00000000   Number         0  defsig_stak_inner.o ABSOLUTE
    ../clib/signal.c                         0x00000000   Number         0  defsig_pvfn_inner.o ABSOLUTE
    ../clib/signal.c                         0x00000000   Number         0  defsig_cppl_inner.o ABSOLUTE
    ../clib/signal.c                         0x00000000   Number         0  defsig_segv_inner.o ABSOLUTE
    ../clib/signal.c                         0x00000000   Number         0  defsig_other.o ABSOLUTE
    ../clib/signal.s                         0x00000000   Number         0  defsig.o ABSOLUTE
    ../clib/stdlib.c                         0x00000000   Number         0  exit.o ABSOLUTE
    ../clib/string.c                         0x00000000   Number         0  strtok.o ABSOLUTE
    ../clib/string.c                         0x00000000   Number         0  strcpy.o ABSOLUTE
    ../clib/string.c                         0x00000000   Number         0  strtok_int.o ABSOLUTE
    ../clib/string.c                         0x00000000   Number         0  strcspn.o ABSOLUTE
    ../clib/string.c                         0x00000000   Number         0  strspn.o ABSOLUTE
    ../fplib/cfplib/cmpret.c                 0x00000000   Number         0  cmpret.o ABSOLUTE
    ../fplib/cfplib/daddsub.c                0x00000000   Number         0  daddsub.o ABSOLUTE
    ../fplib/cfplib/dcmpin.c                 0x00000000   Number         0  dcmpin.o ABSOLUTE
    ../fplib/cfplib/ddiv.c                   0x00000000   Number         0  ddiv.o ABSOLUTE
    ../fplib/cfplib/dmul.c                   0x00000000   Number         0  dmul.o ABSOLUTE
    ../fplib/cfplib/dsqrt.c                  0x00000000   Number         0  dsqrt.o ABSOLUTE
    ../fplib/cfplib/ffix.c                   0x00000000   Number         0  dfixi.o ABSOLUTE
    ../fplib/cfplib/fflt.c                   0x00000000   Number         0  dflti.o ABSOLUTE
    ../fplib/cfplib/fpinit.c                 0x00000000   Number         0  fpinit.o ABSOLUTE
    ../fplib/cfplib/nan2.c                   0x00000000   Number         0  dnan2.o ABSOLUTE
    ../fplib/cfplib/retnan.c                 0x00000000   Number         0  retnan.o ABSOLUTE
    ../fplib/cfplib/scalbn.c                 0x00000000   Number         0  dscalbn.o ABSOLUTE
    ../fplib/dleqf6m.s                       0x00000000   Number         0  dlef.o ABSOLUTE
    ../fplib/drleqf6m.s                      0x00000000   Number         0  drlef.o ABSOLUTE
    ../fplib/usenofp.s                       0x00000000   Number         0  usenofp.o ABSOLUTE
    ../mathlib/dunder.c                      0x00000000   Number         0  dunder.o ABSOLUTE
    ../mathlib/fpclassify.c                  0x00000000   Number         0  fpclassify.o ABSOLUTE
    ../mathlib/poly.c                        0x00000000   Number         0  poly.o ABSOLUTE
    ../mathlib/pow.c                         0x00000000   Number         0  pow.o ABSOLUTE
    ../mathlib/pow.c                         0x00000000   Number         0  pow_x.o ABSOLUTE
    ../mathlib/qnan.c                        0x00000000   Number         0  qnan.o ABSOLUTE
    ../mathlib/sqrt.c                        0x00000000   Number         0  sqrt.o ABSOLUTE
    ../mathlib/sqrt.c                        0x00000000   Number         0  sqrt_x.o ABSOLUTE
    RTE/Device/MKL05Z32xxx4/startup_MKL05Z4.s 0x00000000   Number         0  startup_mkl05z4.o ABSOLUTE
    buttons.c                                0x00000000   Number         0  buttons.o ABSOLUTE
    buzzer.c                                 0x00000000   Number         0  buzzer.o ABSOLUTE
    calc.c                                   0x00000000   Number         0  calc.o ABSOLUTE
    dc.s                                     0x00000000   Number         0  dc.o ABSOLUTE
    i2c.c                                    0x00000000   Number         0  i2c.o ABSOLUTE
    lcd1602.c                                0x00000000   Number         0  lcd1602.o ABSOLUTE
    led.c                                    0x00000000   Number         0  led.o ABSOLUTE
    main.c                                   0x00000000   Number         0  main.o ABSOLUTE
    pit.c                                    0x00000000   Number         0  pit.o ABSOLUTE
    rtc.c                                    0x00000000   Number         0  rtc.o ABSOLUTE
    system_MKL05Z4.c                         0x00000000   Number         0  system_mkl05z4.o ABSOLUTE
    RESET                                    0x00000000   Section      192  startup_mkl05z4.o(RESET)
    !!!main                                  0x000000c0   Section        8  __main.o(!!!main)
    !!!scatter                               0x000000c8   Section       60  __scatter.o(!!!scatter)
    !!handler_copy                           0x00000104   Section       26  __scatter_copy.o(!!handler_copy)
    !!handler_zi                             0x00000120   Section       28  __scatter_zi.o(!!handler_zi)
    .ARM.Collect$$_printf_percent$$00000000  0x0000013c   Section        2  _printf_percent.o(.ARM.Collect$$_printf_percent$$00000000)
    .ARM.Collect$$_printf_percent$$00000008  0x0000013e   Section       10  _printf_i.o(.ARM.Collect$$_printf_percent$$00000008)
    .ARM.Collect$$_printf_percent$$00000017  0x00000148   Section        4  _printf_percent_end.o(.ARM.Collect$$_printf_percent$$00000017)
    .ARM.Collect$$libinit$$00000000          0x0000014c   Section        2  libinit.o(.ARM.Collect$$libinit$$00000000)
    .ARM.Collect$$libinit$$00000002          0x0000014e   Section        0  libinit2.o(.ARM.Collect$$libinit$$00000002)
    .ARM.Collect$$libinit$$00000004          0x0000014e   Section        0  libinit2.o(.ARM.Collect$$libinit$$00000004)
    .ARM.Collect$$libinit$$0000000A          0x0000014e   Section        0  libinit2.o(.ARM.Collect$$libinit$$0000000A)
    .ARM.Collect$$libinit$$0000000C          0x0000014e   Section        0  libinit2.o(.ARM.Collect$$libinit$$0000000C)
    .ARM.Collect$$libinit$$0000000E          0x0000014e   Section        0  libinit2.o(.ARM.Collect$$libinit$$0000000E)
    .ARM.Collect$$libinit$$0000000F          0x0000014e   Section        6  libinit2.o(.ARM.Collect$$libinit$$0000000F)
    .ARM.Collect$$libinit$$00000011          0x00000154   Section        0  libinit2.o(.ARM.Collect$$libinit$$00000011)
    .ARM.Collect$$libinit$$00000012          0x00000154   Section       12  libinit2.o(.ARM.Collect$$libinit$$00000012)
    .ARM.Collect$$libinit$$00000013          0x00000160   Section        0  libinit2.o(.ARM.Collect$$libinit$$00000013)
    .ARM.Collect$$libinit$$00000015          0x00000160   Section        0  libinit2.o(.ARM.Collect$$libinit$$00000015)
    .ARM.Collect$$libinit$$00000017          0x00000160   Section        0  libinit2.o(.ARM.Collect$$libinit$$00000017)
    .ARM.Collect$$libinit$$00000019          0x00000160   Section        0  libinit2.o(.ARM.Collect$$libinit$$00000019)
    .ARM.Collect$$libinit$$0000001B          0x00000160   Section        0  libinit2.o(.ARM.Collect$$libinit$$0000001B)
    .ARM.Collect$$libinit$$0000001D          0x00000160   Section        0  libinit2.o(.ARM.Collect$$libinit$$0000001D)
    .ARM.Collect$$libinit$$0000001F          0x00000160   Section        0  libinit2.o(.ARM.Collect$$libinit$$0000001F)
    .ARM.Collect$$libinit$$00000021          0x00000160   Section        0  libinit2.o(.ARM.Collect$$libinit$$00000021)
    .ARM.Collect$$libinit$$00000023          0x00000160   Section        0  libinit2.o(.ARM.Collect$$libinit$$00000023)
    .ARM.Collect$$libinit$$00000025          0x00000160   Section        0  libinit2.o(.ARM.Collect$$libinit$$00000025)
    .ARM.Collect$$libinit$$0000002C          0x00000160   Section        0  libinit2.o(.ARM.Collect$$libinit$$0000002C)
    .ARM.Collect$$libinit$$0000002E          0x00000160   Section        0  libinit2.o(.ARM.Collect$$libinit$$0000002E)
    .ARM.Collect$$libinit$$00000030          0x00000160   Section        0  libinit2.o(.ARM.Collect$$libinit$$00000030)
    .ARM.Collect$$libinit$$00000032          0x00000160   Section        0  libinit2.o(.ARM.Collect$$libinit$$00000032)
    .ARM.Collect$$libinit$$00000033          0x00000160   Section        2  libinit2.o(.ARM.Collect$$libinit$$00000033)
    .ARM.Collect$$libshutdown$$00000000      0x00000162   Section        2  libshutdown.o(.ARM.Collect$$libshutdown$$00000000)
    .ARM.Collect$$libshutdown$$00000002      0x00000164   Section        0  libshutdown2.o(.ARM.Collect$$libshutdown$$00000002)
    .ARM.Collect$$libshutdown$$00000004      0x00000164   Section        0  libshutdown2.o(.ARM.Collect$$libshutdown$$00000004)
    .ARM.Collect$$libshutdown$$00000007      0x00000164   Section        0  libshutdown2.o(.ARM.Collect$$libshutdown$$00000007)
    .ARM.Collect$$libshutdown$$0000000A      0x00000164   Section        0  libshutdown2.o(.ARM.Collect$$libshutdown$$0000000A)
    .ARM.Collect$$libshutdown$$0000000C      0x00000164   Section        0  libshutdown2.o(.ARM.Collect$$libshutdown$$0000000C)
    .ARM.Collect$$libshutdown$$0000000F      0x00000164   Section        0  libshutdown2.o(.ARM.Collect$$libshutdown$$0000000F)
    .ARM.Collect$$libshutdown$$00000010      0x00000164   Section        2  libshutdown2.o(.ARM.Collect$$libshutdown$$00000010)
    .ARM.Collect$$rtentry$$00000000          0x00000166   Section        0  __rtentry.o(.ARM.Collect$$rtentry$$00000000)
    .ARM.Collect$$rtentry$$00000002          0x00000166   Section        0  __rtentry2.o(.ARM.Collect$$rtentry$$00000002)
    .ARM.Collect$$rtentry$$00000004          0x00000166   Section        6  __rtentry4.o(.ARM.Collect$$rtentry$$00000004)
    .ARM.Collect$$rtentry$$00000009          0x0000016c   Section        0  __rtentry2.o(.ARM.Collect$$rtentry$$00000009)
    .ARM.Collect$$rtentry$$0000000A          0x0000016c   Section        4  __rtentry2.o(.ARM.Collect$$rtentry$$0000000A)
    .ARM.Collect$$rtentry$$0000000C          0x00000170   Section        0  __rtentry2.o(.ARM.Collect$$rtentry$$0000000C)
    .ARM.Collect$$rtentry$$0000000D          0x00000170   Section        8  __rtentry2.o(.ARM.Collect$$rtentry$$0000000D)
    .ARM.Collect$$rtexit$$00000000           0x00000178   Section        2  rtexit.o(.ARM.Collect$$rtexit$$00000000)
    .ARM.Collect$$rtexit$$00000002           0x0000017a   Section        0  rtexit2.o(.ARM.Collect$$rtexit$$00000002)
    .ARM.Collect$$rtexit$$00000003           0x0000017a   Section        4  rtexit2.o(.ARM.Collect$$rtexit$$00000003)
    .ARM.Collect$$rtexit$$00000004           0x0000017e   Section        6  rtexit2.o(.ARM.Collect$$rtexit$$00000004)
    .text                                    0x00000184   Section       52  startup_mkl05z4.o(.text)
    .text                                    0x000001b8   Section        0  noretval__2sprintf.o(.text)
    .text                                    0x000001e0   Section        0  __printf.o(.text)
    .text                                    0x0000024c   Section        0  _printf_dec.o(.text)
    .text                                    0x000002b8   Section        0  atoi.o(.text)
    .text                                    0x000002d2   Section        0  heapauxi.o(.text)
    .text                                    0x000002d8   Section        0  dfixi.o(.text)
    .text                                    0x00000344   Section        0  dflti.o(.text)
    .text                                    0x0000039c   Section        8  rt_errno_addr_intlibspace.o(.text)
    .text                                    0x000003a4   Section        0  _rserrno.o(.text)
    _printf_input_char                       0x000003bd   Thumb Code    10  _printf_char_common.o(.text)
    .text                                    0x000003bc   Section        0  _printf_char_common.o(.text)
    .text                                    0x000003ec   Section        0  _sputc.o(.text)
    .text                                    0x000003f8   Section        8  libspace.o(.text)
    .ARM.__at_0x400                          0x00000400   Section       16  startup_mkl05z4.o(.ARM.__at_0x400)
    .text                                    0x00000410   Section        0  _printf_intcommon.o(.text)
    .text                                    0x000004c0   Section        0  strtol.o(.text)
    .text                                    0x00000530   Section        0  rtudiv10.o(.text)
    _dadd1                                   0x00000559   Thumb Code   290  daddsub.o(.text)
    .text                                    0x00000558   Section        0  daddsub.o(.text)
    _dsub1                                   0x0000067b   Thumb Code   470  daddsub.o(.text)
    .text                                    0x000008b0   Section        0  ddiv.o(.text)
    .text                                    0x00000cf8   Section        0  dmul.o(.text)
    .text                                    0x00000f40   Section        0  dscalbn.o(.text)
    .text                                    0x00000fa0   Section        0  dsqrt.o(.text)
    .text                                    0x000010a0   Section       16  rt_ctype_table.o(.text)
    .text                                    0x000010b0   Section        0  _strtoul.o(.text)
    .text                                    0x00001158   Section        0  dcmpin.o(.text)
    .text                                    0x000011f8   Section       62  sys_stackheap_outer.o(.text)
    .text                                    0x00001238   Section        8  rt_locale_intlibspace.o(.text)
    .text                                    0x00001240   Section        0  _chval.o(.text)
    .text                                    0x0000125e   Section        0  exit.o(.text)
    .text                                    0x0000126e   Section        0  cmpret.o(.text)
    .text                                    0x0000129c   Section        0  dnan2.o(.text)
    .text                                    0x000012b0   Section      176  strcmpv6m.o(.text)
    .text                                    0x00001360   Section        0  retnan.o(.text)
    .text                                    0x000013c0   Section        0  sys_exit.o(.text)
    .text                                    0x000013cc   Section        2  use_no_semi.o(.text)
    .text                                    0x000013ce   Section        0  indicate_semi.o(.text)
    [Anonymous Symbol]                       0x000013d0   Section        0  i2c.o(.text.I2C_Init)
    __arm_cp.0_0                             0x00001430   Number         4  i2c.o(.text.I2C_Init)
    __arm_cp.0_1                             0x00001434   Number         4  i2c.o(.text.I2C_Init)
    __arm_cp.0_2                             0x00001438   Number         4  i2c.o(.text.I2C_Init)
    [Anonymous Symbol]                       0x0000143c   Section        0  i2c.o(.text.I2C_Write)
    __arm_cp.1_0                             0x00001478   Number         4  i2c.o(.text.I2C_Write)
    [Anonymous Symbol]                       0x0000147c   Section        0  lcd1602.o(.text.LCD1602_Backlight)
    [Anonymous Symbol]                       0x0000148c   Section        0  lcd1602.o(.text.LCD1602_CheckAddress)
    [Anonymous Symbol]                       0x000014b4   Section        0  lcd1602.o(.text.LCD1602_Init)
    __arm_cp.0_0                             0x000014fc   Number         4  lcd1602.o(.text.LCD1602_Init)
    [Anonymous Symbol]                       0x00001500   Section        0  lcd1602.o(.text.LCD1602_Print)
    [Anonymous Symbol]                       0x00001520   Section        0  lcd1602.o(.text.LCD1602_SetCursor)
    [Anonymous Symbol]                       0x00001538   Section        0  lcd1602.o(.text.LCD1602_Write4)
    __arm_cp.10_0                            0x0000155c   Number         4  lcd1602.o(.text.LCD1602_Write4)
    [Anonymous Symbol]                       0x00001560   Section        0  lcd1602.o(.text.LCD1602_Write8)
    [Anonymous Symbol]                       0x0000157c   Section        0  lcd1602.o(.text.PCF8574_Write)
    __arm_cp.9_0                             0x000015a0   Number         4  lcd1602.o(.text.PCF8574_Write)
    __arm_cp.9_1                             0x000015a4   Number         4  lcd1602.o(.text.PCF8574_Write)
    [Anonymous Symbol]                       0x000015a8   Section        0  main.o(.text.PIT_IRQHandler)
    __arm_cp.1_0                             0x000015cc   Number         4  main.o(.text.PIT_IRQHandler)
    __arm_cp.1_1                             0x000015d0   Number         4  main.o(.text.PIT_IRQHandler)
    [Anonymous Symbol]                       0x000015d4   Section        0  pit.o(.text.PIT_Init)
    __arm_cp.0_0                             0x00001608   Number         4  pit.o(.text.PIT_Init)
    __arm_cp.0_1                             0x0000160c   Number         4  pit.o(.text.PIT_Init)
    __arm_cp.0_2                             0x00001610   Number         4  pit.o(.text.PIT_Init)
    __arm_cp.0_3                             0x00001614   Number         4  pit.o(.text.PIT_Init)
    [Anonymous Symbol]                       0x00001618   Section        0  main.o(.text.RTC_Seconds_IRQHandler)
    __arm_cp.0_0                             0x00001624   Number         4  main.o(.text.RTC_Seconds_IRQHandler)
    [Anonymous Symbol]                       0x00001628   Section        0  system_mkl05z4.o(.text.SystemInit)
    __arm_cp.0_0                             0x00001664   Number         4  system_mkl05z4.o(.text.SystemInit)
    __arm_cp.0_1                             0x00001668   Number         4  system_mkl05z4.o(.text.SystemInit)
    __arm_cp.0_2                             0x0000166c   Number         4  system_mkl05z4.o(.text.SystemInit)
    __arm_cp.0_3                             0x00001670   Number         4  system_mkl05z4.o(.text.SystemInit)
    __NVIC_ClearPendingIRQ                   0x00001675   Thumb Code    12  main.o(.text.__NVIC_ClearPendingIRQ)
    [Anonymous Symbol]                       0x00001674   Section        0  main.o(.text.__NVIC_ClearPendingIRQ)
    __NVIC_ClearPendingIRQ                   0x00001681   Thumb Code    16  pit.o(.text.__NVIC_ClearPendingIRQ)
    [Anonymous Symbol]                       0x00001680   Section        0  pit.o(.text.__NVIC_ClearPendingIRQ)
    __arm_cp.1_0                             0x0000168c   Number         4  pit.o(.text.__NVIC_ClearPendingIRQ)
    __NVIC_EnableIRQ                         0x00001691   Thumb Code    12  pit.o(.text.__NVIC_EnableIRQ)
    [Anonymous Symbol]                       0x00001690   Section        0  pit.o(.text.__NVIC_EnableIRQ)
    __NVIC_EnableIRQ                         0x0000169d   Thumb Code    16  rtc.o(.text.__NVIC_EnableIRQ)
    [Anonymous Symbol]                       0x0000169c   Section        0  rtc.o(.text.__NVIC_EnableIRQ)
    __arm_cp.1_0                             0x000016a8   Number         4  rtc.o(.text.__NVIC_EnableIRQ)
    [Anonymous Symbol]                       0x000016ac   Section        0  buttons.o(.text.buttons_init)
    __arm_cp.0_0                             0x00001770   Number         4  buttons.o(.text.buttons_init)
    __arm_cp.0_1                             0x00001774   Number         4  buttons.o(.text.buttons_init)
    __arm_cp.0_2                             0x00001778   Number         4  buttons.o(.text.buttons_init)
    __arm_cp.0_3                             0x0000177c   Number         4  buttons.o(.text.buttons_init)
    [Anonymous Symbol]                       0x00001780   Section        0  buzzer.o(.text.buzzer)
    __arm_cp.0_0                             0x0000179c   Number         4  buzzer.o(.text.buzzer)
    [Anonymous Symbol]                       0x000017a0   Section        0  calc.o(.text.calculator)
    __arm_cp.0_2                             0x00001ad4   Number         4  calc.o(.text.calculator)
    __arm_cp.0_3                             0x00001ad8   Number         4  calc.o(.text.calculator)
    __arm_cp.0_4                             0x00001adc   Number         4  calc.o(.text.calculator)
    __arm_cp.0_5                             0x00001ae0   Number         4  calc.o(.text.calculator)
    __arm_cp.0_6                             0x00001ae4   Number         4  calc.o(.text.calculator)
    __arm_cp.0_7                             0x00001ae8   Number         4  calc.o(.text.calculator)
    __arm_cp.0_8                             0x00001aec   Number         4  calc.o(.text.calculator)
    __arm_cp.0_9                             0x00001af0   Number         4  calc.o(.text.calculator)
    __arm_cp.0_10                            0x00001af4   Number         4  calc.o(.text.calculator)
    [Anonymous Symbol]                       0x00001af8   Section        0  buttons.o(.text.choose_row)
    __arm_cp.1_0                             0x00001b90   Number         4  buttons.o(.text.choose_row)
    [Anonymous Symbol]                       0x00001b94   Section        0  main.o(.text.delay_ms)
    __arm_cp.3_0                             0x00001bc4   Number         4  main.o(.text.delay_ms)
    [Anonymous Symbol]                       0x00001bc8   Section        0  i2c.o(.text.i2c_disable)
    [Anonymous Symbol]                       0x00001bd4   Section        0  i2c.o(.text.i2c_enable)
    [Anonymous Symbol]                       0x00001be0   Section        0  i2c.o(.text.i2c_m_start)
    [Anonymous Symbol]                       0x00001bec   Section        0  i2c.o(.text.i2c_m_stop)
    [Anonymous Symbol]                       0x00001bf8   Section        0  i2c.o(.text.i2c_send)
    __arm_cp.5_0                             0x00001c00   Number         4  i2c.o(.text.i2c_send)
    [Anonymous Symbol]                       0x00001c04   Section        0  i2c.o(.text.i2c_tran)
    __arm_cp.3_0                             0x00001c10   Number         4  i2c.o(.text.i2c_tran)
    [Anonymous Symbol]                       0x00001c14   Section        0  i2c.o(.text.i2c_wait)
    __arm_cp.6_0                             0x00001c54   Number         4  i2c.o(.text.i2c_wait)
    __arm_cp.6_1                             0x00001c58   Number         4  i2c.o(.text.i2c_wait)
    __arm_cp.6_2                             0x00001c5c   Number         4  i2c.o(.text.i2c_wait)
    [Anonymous Symbol]                       0x00001c60   Section        0  buttons.o(.text.inttostring)
    [Anonymous Symbol]                       0x00001cc8   Section        0  led.o(.text.led_init)
    __arm_cp.0_0                             0x00001d34   Number         4  led.o(.text.led_init)
    [Anonymous Symbol]                       0x00001d38   Section        0  main.o(.text.main)
    __arm_cp.4_0                             0x00001eac   Number         4  main.o(.text.main)
    __arm_cp.4_1                             0x00001eb0   Number         4  main.o(.text.main)
    __arm_cp.4_2                             0x00001eb4   Number         4  main.o(.text.main)
    __arm_cp.4_4                             0x00001ec4   Number         4  main.o(.text.main)
    __arm_cp.4_5                             0x00001ec8   Number         4  main.o(.text.main)
    __arm_cp.4_6                             0x00001ecc   Number         4  main.o(.text.main)
    __arm_cp.4_7                             0x00001ed0   Number         4  main.o(.text.main)
    __arm_cp.4_8                             0x00001ed4   Number         4  main.o(.text.main)
    __arm_cp.4_9                             0x00001ed8   Number         4  main.o(.text.main)
    __arm_cp.4_10                            0x00001edc   Number         4  main.o(.text.main)
    __arm_cp.4_12                            0x00001eec   Number         4  main.o(.text.main)
    [Anonymous Symbol]                       0x00001f10   Section        0  buttons.o(.text.mode_change)
    __arm_cp.3_0                             0x00001f7c   Number         4  buttons.o(.text.mode_change)
    __arm_cp.3_1                             0x00001f80   Number         4  buttons.o(.text.mode_change)
    __arm_cp.3_2                             0x00001f84   Number         4  buttons.o(.text.mode_change)
    __arm_cp.3_3                             0x00001f88   Number         4  buttons.o(.text.mode_change)
    [Anonymous Symbol]                       0x00001fac   Section        0  buttons.o(.text.print_button)
    __arm_cp.2_0                             0x00002010   Number         4  buttons.o(.text.print_button)
    __arm_cp.2_1                             0x00002014   Number         4  buttons.o(.text.print_button)
    [Anonymous Symbol]                       0x00002018   Section        0  rtc.o(.text.rtc_init)
    __arm_cp.0_0                             0x0000205c   Number         4  rtc.o(.text.rtc_init)
    __arm_cp.0_1                             0x00002060   Number         4  rtc.o(.text.rtc_init)
    __arm_cp.0_2                             0x00002064   Number         4  rtc.o(.text.rtc_init)
    [Anonymous Symbol]                       0x00002068   Section        0  led.o(.text.turn_off)
    __arm_cp.1_1                             0x00002138   Number         4  led.o(.text.turn_off)
    .text_divfast                            0x0000218c   Section      502  aeabi_sdivfast.o(.text_divfast)
    i.__ARM_fpclassify                       0x00002384   Section        0  fpclassify.o(i.__ARM_fpclassify)
    i.__kernel_poly                          0x000023b0   Section        0  poly.o(i.__kernel_poly)
    i.__mathlib_dbl_divzero                  0x0000245c   Section        0  dunder.o(i.__mathlib_dbl_divzero)
    i.__mathlib_dbl_infnan2                  0x00002470   Section        0  dunder.o(i.__mathlib_dbl_infnan2)
    i.__mathlib_dbl_invalid                  0x00002478   Section        0  dunder.o(i.__mathlib_dbl_invalid)
    i.__mathlib_dbl_overflow                 0x00002488   Section        0  dunder.o(i.__mathlib_dbl_overflow)
    i.__mathlib_dbl_underflow                0x0000249c   Section        0  dunder.o(i.__mathlib_dbl_underflow)
    i.pow                                    0x000024b0   Section        0  pow.o(i.pow)
    i.sqrt                                   0x00002eac   Section        0  sqrt.o(i.sqrt)
    locale$$code                             0x00002ef4   Section       44  lc_ctype_c.o(locale$$code)
    x$fpl$drleqf                             0x00002f20   Section      104  drlef.o(x$fpl$drleqf)
    bp                                       0x00002f88   Data          16  pow.o(.constdata)
    .constdata                               0x00002f88   Section      136  pow.o(.constdata)
    x$fpl$usenofp                            0x00002f88   Section        0  usenofp.o(x$fpl$usenofp)
    dp_h                                     0x00002f98   Data          16  pow.o(.constdata)
    dp_l                                     0x00002fa8   Data          16  pow.o(.constdata)
    L                                        0x00002fb8   Data          48  pow.o(.constdata)
    P                                        0x00002fe8   Data          40  pow.o(.constdata)
    ddiv_reciptbl                            0x00003010   Data         128  ddiv.o(.constdata)
    .constdata                               0x00003010   Section      128  ddiv.o(.constdata)
    .constdata                               0x00003090   Section        8  qnan.o(.constdata)
    .L.str.3                                 0x00003098   Data          20  buttons.o(.rodata.str1.1)
    [Anonymous Symbol]                       0x00003098   Section        0  buttons.o(.rodata.str1.1)
    .L.str.2                                 0x000030ac   Data          12  buttons.o(.rodata.str1.1)
    .L.str.3                                 0x000030b8   Data           3  main.o(.rodata.str1.1)
    [Anonymous Symbol]                       0x000030b8   Section        0  main.o(.rodata.str1.1)
    .L.str.2                                 0x000030bb   Data          10  calc.o(.rodata.str1.1)
    [Anonymous Symbol]                       0x000030bb   Section        0  calc.o(.rodata.str1.1)
    .L.str.3                                 0x000030c5   Data           5  calc.o(.rodata.str1.1)
    .L.str.4                                 0x000030ca   Data          11  calc.o(.rodata.str1.1)
    locale$$data                             0x000030e8   Section      272  lc_ctype_c.o(locale$$data)
    __lcctype_c_name                         0x000030ec   Data           2  lc_ctype_c.o(locale$$data)
    __lcctype_c_start                        0x000030f4   Data           0  lc_ctype_c.o(locale$$data)
    __lcctype_c_end                          0x000031f8   Data           0  lc_ctype_c.o(locale$$data)
    lcd_backlight                            0x1ffffc05   Data           1  lcd1602.o(.data.lcd_backlight)
    [Anonymous Symbol]                       0x1ffffc05   Section        0  lcd1602.o(.data.lcd_backlight)
    .bss                                     0x1ffffc18   Section       96  libspace.o(.bss)
    error                                    0x1ffffc80   Data           1  i2c.o(.bss.error)
    [Anonymous Symbol]                       0x1ffffc80   Section        0  i2c.o(.bss.error)
    pcf_address                              0x1ffffc92   Data           1  lcd1602.o(.bss.pcf_address)
    [Anonymous Symbol]                       0x1ffffc92   Section        0  lcd1602.o(.bss.pcf_address)
    Heap_Mem                                 0x1ffffcc0   Data           0  startup_mkl05z4.o(HEAP)
    Stack_Mem                                0x1ffffcc0   Data         256  startup_mkl05z4.o(STACK)
    HEAP                                     0x1ffffcc0   Section        0  startup_mkl05z4.o(HEAP)
    STACK                                    0x1ffffcc0   Section      256  startup_mkl05z4.o(STACK)
    __initial_sp                             0x1ffffdc0   Data           0  startup_mkl05z4.o(STACK)

    Global Symbols

    Symbol Name                              Value     Ov Type        Size  Object(Section)

    BuildAttributes$$THM_ISAv3M$S$PE$A:L22$X:L11$S22$IEEE1$IW$~IW$USESV6$~STKCKD$USESV7$~SHL$OTIME$ROPI$IEEEX$EBA8$UX$STANDARDLIB$REQ8$PRES8$EABIv2 0x00000000   Number         0  anon$$obj.o ABSOLUTE
    __Vectors                                0x00000000   Data           4  startup_mkl05z4.o(RESET)
    __ARM_exceptions_init                     - Undefined Weak Reference
    __alloca_initialize                       - Undefined Weak Reference
    __arm_preinit_                            - Undefined Weak Reference
    __cpp_initialize__aeabi_                  - Undefined Weak Reference
    __cxa_finalize                            - Undefined Weak Reference
    __sigvec_lookup                           - Undefined Weak Reference
    _atexit_init                              - Undefined Weak Reference
    _call_atexit_fns                          - Undefined Weak Reference
    _clock_init                               - Undefined Weak Reference
    _fp_trap_init                             - Undefined Weak Reference
    _fp_trap_shutdown                         - Undefined Weak Reference
    _get_lc_collate                           - Undefined Weak Reference
    _get_lc_monetary                          - Undefined Weak Reference
    _get_lc_numeric                           - Undefined Weak Reference
    _get_lc_time                              - Undefined Weak Reference
    _getenv_init                              - Undefined Weak Reference
    _handle_redirection                       - Undefined Weak Reference
    _init_alloc                               - Undefined Weak Reference
    _init_user_alloc                          - Undefined Weak Reference
    _initio                                   - Undefined Weak Reference
    _printf_post_padding                      - Undefined Weak Reference
    _printf_pre_padding                       - Undefined Weak Reference
    _printf_truncate_signed                   - Undefined Weak Reference
    _printf_truncate_unsigned                 - Undefined Weak Reference
    _rand_init                                - Undefined Weak Reference
    _signal_finish                            - Undefined Weak Reference
    _signal_init                              - Undefined Weak Reference
    _terminate_alloc                          - Undefined Weak Reference
    _terminate_user_alloc                     - Undefined Weak Reference
    _terminateio                              - Undefined Weak Reference
    __Vectors_End                            0x000000c0   Data           0  startup_mkl05z4.o(RESET)
    __Vectors_Size                           0x000000c0   Number         0  startup_mkl05z4.o ABSOLUTE
    __main                                   0x000000c1   Thumb Code     8  __main.o(!!!main)
    __scatterload                            0x000000c9   Thumb Code     0  __scatter.o(!!!scatter)
    __scatterload_rt2                        0x000000c9   Thumb Code    52  __scatter.o(!!!scatter)
    __scatterload_rt2_thumb_only             0x000000c9   Thumb Code     0  __scatter.o(!!!scatter)
    __scatterload_null                       0x000000d9   Thumb Code     0  __scatter.o(!!!scatter)
    __scatterload_copy                       0x00000105   Thumb Code    26  __scatter_copy.o(!!handler_copy)
    __scatterload_zeroinit                   0x00000121   Thumb Code    28  __scatter_zi.o(!!handler_zi)
    _printf_percent                          0x0000013d   Thumb Code     0  _printf_percent.o(.ARM.Collect$$_printf_percent$$00000000)
    _printf_i                                0x0000013f   Thumb Code     0  _printf_i.o(.ARM.Collect$$_printf_percent$$00000008)
    _printf_percent_end                      0x00000149   Thumb Code     0  _printf_percent_end.o(.ARM.Collect$$_printf_percent$$00000017)
    __rt_lib_init                            0x0000014d   Thumb Code     0  libinit.o(.ARM.Collect$$libinit$$00000000)
    __rt_lib_init_fp_1                       0x0000014f   Thumb Code     0  libinit2.o(.ARM.Collect$$libinit$$00000002)
    __rt_lib_init_heap_1                     0x0000014f   Thumb Code     0  libinit2.o(.ARM.Collect$$libinit$$0000000A)
    __rt_lib_init_lc_common                  0x0000014f   Thumb Code     0  libinit2.o(.ARM.Collect$$libinit$$0000000F)
    __rt_lib_init_preinit_1                  0x0000014f   Thumb Code     0  libinit2.o(.ARM.Collect$$libinit$$00000004)
    __rt_lib_init_rand_1                     0x0000014f   Thumb Code     0  libinit2.o(.ARM.Collect$$libinit$$0000000E)
    __rt_lib_init_user_alloc_1               0x0000014f   Thumb Code     0  libinit2.o(.ARM.Collect$$libinit$$0000000C)
    __rt_lib_init_lc_collate_1               0x00000155   Thumb Code     0  libinit2.o(.ARM.Collect$$libinit$$00000011)
    __rt_lib_init_lc_ctype_2                 0x00000155   Thumb Code     0  libinit2.o(.ARM.Collect$$libinit$$00000012)
    __rt_lib_init_alloca_1                   0x00000161   Thumb Code     0  libinit2.o(.ARM.Collect$$libinit$$0000002E)
    __rt_lib_init_argv_1                     0x00000161   Thumb Code     0  libinit2.o(.ARM.Collect$$libinit$$0000002C)
    __rt_lib_init_atexit_1                   0x00000161   Thumb Code     0  libinit2.o(.ARM.Collect$$libinit$$0000001B)
    __rt_lib_init_clock_1                    0x00000161   Thumb Code     0  libinit2.o(.ARM.Collect$$libinit$$00000021)
    __rt_lib_init_cpp_1                      0x00000161   Thumb Code     0  libinit2.o(.ARM.Collect$$libinit$$00000032)
    __rt_lib_init_exceptions_1               0x00000161   Thumb Code     0  libinit2.o(.ARM.Collect$$libinit$$00000030)
    __rt_lib_init_fp_trap_1                  0x00000161   Thumb Code     0  libinit2.o(.ARM.Collect$$libinit$$0000001F)
    __rt_lib_init_getenv_1                   0x00000161   Thumb Code     0  libinit2.o(.ARM.Collect$$libinit$$00000023)
    __rt_lib_init_lc_ctype_1                 0x00000161   Thumb Code     0  libinit2.o(.ARM.Collect$$libinit$$00000013)
    __rt_lib_init_lc_monetary_1              0x00000161   Thumb Code     0  libinit2.o(.ARM.Collect$$libinit$$00000015)
    __rt_lib_init_lc_numeric_1               0x00000161   Thumb Code     0  libinit2.o(.ARM.Collect$$libinit$$00000017)
    __rt_lib_init_lc_time_1                  0x00000161   Thumb Code     0  libinit2.o(.ARM.Collect$$libinit$$00000019)
    __rt_lib_init_return                     0x00000161   Thumb Code     0  libinit2.o(.ARM.Collect$$libinit$$00000033)
    __rt_lib_init_signal_1                   0x00000161   Thumb Code     0  libinit2.o(.ARM.Collect$$libinit$$0000001D)
    __rt_lib_init_stdio_1                    0x00000161   Thumb Code     0  libinit2.o(.ARM.Collect$$libinit$$00000025)
    __rt_lib_shutdown                        0x00000163   Thumb Code     0  libshutdown.o(.ARM.Collect$$libshutdown$$00000000)
    __rt_lib_shutdown_cpp_1                  0x00000165   Thumb Code     0  libshutdown2.o(.ARM.Collect$$libshutdown$$00000002)
    __rt_lib_shutdown_fp_trap_1              0x00000165   Thumb Code     0  libshutdown2.o(.ARM.Collect$$libshutdown$$00000007)
    __rt_lib_shutdown_heap_1                 0x00000165   Thumb Code     0  libshutdown2.o(.ARM.Collect$$libshutdown$$0000000F)
    __rt_lib_shutdown_return                 0x00000165   Thumb Code     0  libshutdown2.o(.ARM.Collect$$libshutdown$$00000010)
    __rt_lib_shutdown_signal_1               0x00000165   Thumb Code     0  libshutdown2.o(.ARM.Collect$$libshutdown$$0000000A)
    __rt_lib_shutdown_stdio_1                0x00000165   Thumb Code     0  libshutdown2.o(.ARM.Collect$$libshutdown$$00000004)
    __rt_lib_shutdown_user_alloc_1           0x00000165   Thumb Code     0  libshutdown2.o(.ARM.Collect$$libshutdown$$0000000C)
    __rt_entry                               0x00000167   Thumb Code     0  __rtentry.o(.ARM.Collect$$rtentry$$00000000)
    __rt_entry_presh_1                       0x00000167   Thumb Code     0  __rtentry2.o(.ARM.Collect$$rtentry$$00000002)
    __rt_entry_sh                            0x00000167   Thumb Code     0  __rtentry4.o(.ARM.Collect$$rtentry$$00000004)
    __rt_entry_li                            0x0000016d   Thumb Code     0  __rtentry2.o(.ARM.Collect$$rtentry$$0000000A)
    __rt_entry_postsh_1                      0x0000016d   Thumb Code     0  __rtentry2.o(.ARM.Collect$$rtentry$$00000009)
    __rt_entry_main                          0x00000171   Thumb Code     0  __rtentry2.o(.ARM.Collect$$rtentry$$0000000D)
    __rt_entry_postli_1                      0x00000171   Thumb Code     0  __rtentry2.o(.ARM.Collect$$rtentry$$0000000C)
    __rt_exit                                0x00000179   Thumb Code     0  rtexit.o(.ARM.Collect$$rtexit$$00000000)
    __rt_exit_ls                             0x0000017b   Thumb Code     0  rtexit2.o(.ARM.Collect$$rtexit$$00000003)
    __rt_exit_prels_1                        0x0000017b   Thumb Code     0  rtexit2.o(.ARM.Collect$$rtexit$$00000002)
    __rt_exit_exit                           0x0000017f   Thumb Code     0  rtexit2.o(.ARM.Collect$$rtexit$$00000004)
    Reset_Handler                            0x00000185   Thumb Code     8  startup_mkl05z4.o(.text)
    NMI_Handler                              0x0000018d   Thumb Code     2  startup_mkl05z4.o(.text)
    HardFault_Handler                        0x0000018f   Thumb Code     2  startup_mkl05z4.o(.text)
    SVC_Handler                              0x00000191   Thumb Code     2  startup_mkl05z4.o(.text)
    PendSV_Handler                           0x00000193   Thumb Code     2  startup_mkl05z4.o(.text)
    SysTick_Handler                          0x00000195   Thumb Code     2  startup_mkl05z4.o(.text)
    ADC0_IRQHandler                          0x00000197   Thumb Code     0  startup_mkl05z4.o(.text)
    CMP0_IRQHandler                          0x00000197   Thumb Code     0  startup_mkl05z4.o(.text)
    DAC0_IRQHandler                          0x00000197   Thumb Code     0  startup_mkl05z4.o(.text)
    DMA0_IRQHandler                          0x00000197   Thumb Code     0  startup_mkl05z4.o(.text)
    DMA1_IRQHandler                          0x00000197   Thumb Code     0  startup_mkl05z4.o(.text)
    DMA2_IRQHandler                          0x00000197   Thumb Code     0  startup_mkl05z4.o(.text)
    DMA3_IRQHandler                          0x00000197   Thumb Code     0  startup_mkl05z4.o(.text)
    DefaultISR                               0x00000197   Thumb Code     0  startup_mkl05z4.o(.text)
    FTFA_IRQHandler                          0x00000197   Thumb Code     0  startup_mkl05z4.o(.text)
    I2C0_IRQHandler                          0x00000197   Thumb Code     0  startup_mkl05z4.o(.text)
    LLW_IRQHandler                           0x00000197   Thumb Code     0  startup_mkl05z4.o(.text)
    LPTimer_IRQHandler                       0x00000197   Thumb Code     0  startup_mkl05z4.o(.text)
    LVD_LVW_IRQHandler                       0x00000197   Thumb Code     0  startup_mkl05z4.o(.text)
    MCG_IRQHandler                           0x00000197   Thumb Code     0  startup_mkl05z4.o(.text)
    PORTA_IRQHandler                         0x00000197   Thumb Code     0  startup_mkl05z4.o(.text)
    PORTB_IRQHandler                         0x00000197   Thumb Code     0  startup_mkl05z4.o(.text)
    RTC_IRQHandler                           0x00000197   Thumb Code     0  startup_mkl05z4.o(.text)
    Reserved20_IRQHandler                    0x00000197   Thumb Code     0  startup_mkl05z4.o(.text)
    Reserved25_IRQHandler                    0x00000197   Thumb Code     0  startup_mkl05z4.o(.text)
    Reserved27_IRQHandler                    0x00000197   Thumb Code     0  startup_mkl05z4.o(.text)
    Reserved29_IRQHandler                    0x00000197   Thumb Code     0  startup_mkl05z4.o(.text)
    Reserved30_IRQHandler                    0x00000197   Thumb Code     0  startup_mkl05z4.o(.text)
    Reserved35_IRQHandler                    0x00000197   Thumb Code     0  startup_mkl05z4.o(.text)
    Reserved39_IRQHandler                    0x00000197   Thumb Code     0  startup_mkl05z4.o(.text)
    Reserved40_IRQHandler                    0x00000197   Thumb Code     0  startup_mkl05z4.o(.text)
    Reserved45_IRQHandler                    0x00000197   Thumb Code     0  startup_mkl05z4.o(.text)
    SPI0_IRQHandler                          0x00000197   Thumb Code     0  startup_mkl05z4.o(.text)
    TPM0_IRQHandler                          0x00000197   Thumb Code     0  startup_mkl05z4.o(.text)
    TPM1_IRQHandler                          0x00000197   Thumb Code     0  startup_mkl05z4.o(.text)
    TSI0_IRQHandler                          0x00000197   Thumb Code     0  startup_mkl05z4.o(.text)
    UART0_IRQHandler                         0x00000197   Thumb Code     0  startup_mkl05z4.o(.text)
    __user_initial_stackheap                 0x00000199   Thumb Code     0  startup_mkl05z4.o(.text)
    __2sprintf                               0x000001b9   Thumb Code    36  noretval__2sprintf.o(.text)
    __printf                                 0x000001e1   Thumb Code   108  __printf.o(.text)
    _printf_int_dec                          0x0000024d   Thumb Code    90  _printf_dec.o(.text)
    atoi                                     0x000002b9   Thumb Code    26  atoi.o(.text)
    __use_two_region_memory                  0x000002d3   Thumb Code     2  heapauxi.o(.text)
    __rt_heap_escrow$2region                 0x000002d5   Thumb Code     2  heapauxi.o(.text)
    __rt_heap_expand$2region                 0x000002d7   Thumb Code     2  heapauxi.o(.text)
    __aeabi_d2iz                             0x000002d9   Thumb Code     0  dfixi.o(.text)
    _dfix                                    0x000002d9   Thumb Code    98  dfixi.o(.text)
    __aeabi_i2d_normalise                    0x00000345   Thumb Code    66  dflti.o(.text)
    __aeabi_i2d                              0x00000387   Thumb Code    16  dflti.o(.text)
    _dflt                                    0x00000387   Thumb Code     0  dflti.o(.text)
    __aeabi_ui2d                             0x00000397   Thumb Code     6  dflti.o(.text)
    _dfltu                                   0x00000397   Thumb Code     0  dflti.o(.text)
    __aeabi_errno_addr                       0x0000039d   Thumb Code     8  rt_errno_addr_intlibspace.o(.text)
    __errno$intlibspace                      0x0000039d   Thumb Code     0  rt_errno_addr_intlibspace.o(.text)
    __rt_errno_addr$intlibspace              0x0000039d   Thumb Code     0  rt_errno_addr_intlibspace.o(.text)
    __read_errno                             0x000003a5   Thumb Code    10  _rserrno.o(.text)
    __set_errno                              0x000003af   Thumb Code    12  _rserrno.o(.text)
    _printf_char_common                      0x000003c7   Thumb Code    32  _printf_char_common.o(.text)
    _sputc                                   0x000003ed   Thumb Code    10  _sputc.o(.text)
    __user_libspace                          0x000003f9   Thumb Code     8  libspace.o(.text)
    __user_perproc_libspace                  0x000003f9   Thumb Code     0  libspace.o(.text)
    __user_perthread_libspace                0x000003f9   Thumb Code     0  libspace.o(.text)
    _printf_int_common                       0x00000411   Thumb Code   176  _printf_intcommon.o(.text)
    strtol                                   0x000004c1   Thumb Code   108  strtol.o(.text)
    __rt_udiv10                              0x00000531   Thumb Code    40  rtudiv10.o(.text)
    __aeabi_dadd                             0x00000851   Thumb Code     0  daddsub.o(.text)
    _dadd                                    0x00000851   Thumb Code    26  daddsub.o(.text)
    __aeabi_dsub                             0x0000086b   Thumb Code     0  daddsub.o(.text)
    _dsub                                    0x0000086b   Thumb Code    22  daddsub.o(.text)
    __aeabi_drsub                            0x00000881   Thumb Code     0  daddsub.o(.text)
    _drsb                                    0x00000881   Thumb Code    28  daddsub.o(.text)
    __aeabi_ddiv                             0x000008b1   Thumb Code     0  ddiv.o(.text)
    _ddiv                                    0x000008b1   Thumb Code  1072  ddiv.o(.text)
    _drdiv                                   0x00000ce1   Thumb Code    20  ddiv.o(.text)
    __aeabi_dmul                             0x00000cf9   Thumb Code     0  dmul.o(.text)
    _dmul                                    0x00000cf9   Thumb Code   558  dmul.o(.text)
    __ARM_scalbn                             0x00000f41   Thumb Code    84  dscalbn.o(.text)
    _dsqrt                                   0x00000fa1   Thumb Code   248  dsqrt.o(.text)
    __rt_ctype_table                         0x000010a1   Thumb Code    16  rt_ctype_table.o(.text)
    _strtoul                                 0x000010b1   Thumb Code   166  _strtoul.o(.text)
    __fpl_dcmp_InfNaN                        0x00001159   Thumb Code   154  dcmpin.o(.text)
    __user_setup_stackheap                   0x000011f9   Thumb Code    62  sys_stackheap_outer.o(.text)
    __rt_locale                              0x00001239   Thumb Code     8  rt_locale_intlibspace.o(.text)
    _chval                                   0x00001241   Thumb Code    30  _chval.o(.text)
    exit                                     0x0000125f   Thumb Code    16  exit.o(.text)
    __fpl_cmpreturn                          0x0000126f   Thumb Code    46  cmpret.o(.text)
    __fpl_dcheck_NaN2                        0x0000129d   Thumb Code    14  dnan2.o(.text)
    strcmp                                   0x000012b1   Thumb Code   176  strcmpv6m.o(.text)
    __fpl_return_NaN                         0x00001361   Thumb Code    94  retnan.o(.text)
    _sys_exit                                0x000013c1   Thumb Code     8  sys_exit.o(.text)
    __I$use$semihosting                      0x000013cd   Thumb Code     0  use_no_semi.o(.text)
    __use_no_semihosting_swi                 0x000013cd   Thumb Code     2  use_no_semi.o(.text)
    __semihosting_library_function           0x000013cf   Thumb Code     0  indicate_semi.o(.text)
    I2C_Init                                 0x000013d1   Thumb Code   108  i2c.o(.text.I2C_Init)
    I2C_Write                                0x0000143d   Thumb Code    64  i2c.o(.text.I2C_Write)
    LCD1602_Backlight                        0x0000147d   Thumb Code    16  lcd1602.o(.text.LCD1602_Backlight)
    LCD1602_CheckAddress                     0x0000148d   Thumb Code    40  lcd1602.o(.text.LCD1602_CheckAddress)
    LCD1602_Init                             0x000014b5   Thumb Code    76  lcd1602.o(.text.LCD1602_Init)
    LCD1602_Print                            0x00001501   Thumb Code    32  lcd1602.o(.text.LCD1602_Print)
    LCD1602_SetCursor                        0x00001521   Thumb Code    24  lcd1602.o(.text.LCD1602_SetCursor)
    LCD1602_Write4                           0x00001539   Thumb Code    40  lcd1602.o(.text.LCD1602_Write4)
    LCD1602_Write8                           0x00001561   Thumb Code    26  lcd1602.o(.text.LCD1602_Write8)
    PCF8574_Write                            0x0000157d   Thumb Code    44  lcd1602.o(.text.PCF8574_Write)
    PIT_IRQHandler                           0x000015a9   Thumb Code    44  main.o(.text.PIT_IRQHandler)
    PIT_Init                                 0x000015d5   Thumb Code    68  pit.o(.text.PIT_Init)
    RTC_Seconds_IRQHandler                   0x00001619   Thumb Code    16  main.o(.text.RTC_Seconds_IRQHandler)
    SystemInit                               0x00001629   Thumb Code    76  system_mkl05z4.o(.text.SystemInit)
    buttons_init                             0x000016ad   Thumb Code   212  buttons.o(.text.buttons_init)
    buzzer                                   0x00001781   Thumb Code    32  buzzer.o(.text.buzzer)
    calculator                               0x000017a1   Thumb Code   856  calc.o(.text.calculator)
    choose_row                               0x00001af9   Thumb Code   156  buttons.o(.text.choose_row)
    delay_ms                                 0x00001b95   Thumb Code    52  main.o(.text.delay_ms)
    i2c_disable                              0x00001bc9   Thumb Code    12  i2c.o(.text.i2c_disable)
    i2c_enable                               0x00001bd5   Thumb Code    12  i2c.o(.text.i2c_enable)
    i2c_m_start                              0x00001be1   Thumb Code    12  i2c.o(.text.i2c_m_start)
    i2c_m_stop                               0x00001bed   Thumb Code    12  i2c.o(.text.i2c_m_stop)
    i2c_send                                 0x00001bf9   Thumb Code    12  i2c.o(.text.i2c_send)
    i2c_tran                                 0x00001c05   Thumb Code    16  i2c.o(.text.i2c_tran)
    i2c_wait                                 0x00001c15   Thumb Code    76  i2c.o(.text.i2c_wait)
    inttostring                              0x00001c61   Thumb Code   104  buttons.o(.text.inttostring)
    led_init                                 0x00001cc9   Thumb Code   112  led.o(.text.led_init)
    main                                     0x00001d39   Thumb Code   472  main.o(.text.main)
    mode_change                              0x00001f11   Thumb Code   156  buttons.o(.text.mode_change)
    print_button                             0x00001fad   Thumb Code   108  buttons.o(.text.print_button)
    rtc_init                                 0x00002019   Thumb Code    80  rtc.o(.text.rtc_init)
    turn_off                                 0x00002069   Thumb Code   292  led.o(.text.turn_off)
    __aeabi_uidiv                            0x0000218d   Thumb Code    68  aeabi_sdivfast.o(.text_divfast)
    __aeabi_idiv                             0x000021d1   Thumb Code   434  aeabi_sdivfast.o(.text_divfast)
    __ARM_fpclassify                         0x00002385   Thumb Code    40  fpclassify.o(i.__ARM_fpclassify)
    __kernel_poly                            0x000023b1   Thumb Code   172  poly.o(i.__kernel_poly)
    __mathlib_dbl_divzero                    0x0000245d   Thumb Code    16  dunder.o(i.__mathlib_dbl_divzero)
    __mathlib_dbl_infnan2                    0x00002471   Thumb Code     8  dunder.o(i.__mathlib_dbl_infnan2)
    __mathlib_dbl_invalid                    0x00002479   Thumb Code    16  dunder.o(i.__mathlib_dbl_invalid)
    __mathlib_dbl_overflow                   0x00002489   Thumb Code    16  dunder.o(i.__mathlib_dbl_overflow)
    __mathlib_dbl_underflow                  0x0000249d   Thumb Code    14  dunder.o(i.__mathlib_dbl_underflow)
    pow                                      0x000024b1   Thumb Code  2548  pow.o(i.pow)
    sqrt                                     0x00002ead   Thumb Code    66  sqrt.o(i.sqrt)
    _get_lc_ctype                            0x00002ef5   Thumb Code    44  lc_ctype_c.o(locale$$code)
    __aeabi_cdrcmple                         0x00002f21   Thumb Code     0  drlef.o(x$fpl$drleqf)
    _drcmple                                 0x00002f21   Thumb Code   100  drlef.o(x$fpl$drleqf)
    __I$use$fp                               0x00002f88   Number         0  usenofp.o(x$fpl$usenofp)
    __mathlib_zero                           0x00003090   Data           8  qnan.o(.constdata)
    Region$$Table$$Base                      0x000030c8   Number         0  anon$$obj.o(Region$$Table)
    Region$$Table$$Limit                     0x000030e8   Number         0  anon$$obj.o(Region$$Table)
    __ctype                                  0x000030f5   Data           0  lc_ctype_c.o(locale$$data)
    SystemCoreClock                          0x1ffffc00   Data           4  system_mkl05z4.o(.data.SystemCoreClock)
    last_arg                                 0x1ffffc04   Data           1  calc.o(.data.last_arg)
    tab                                      0x1ffffc06   Data          16  buttons.o(.data.tab)
    __libspace_start                         0x1ffffc18   Data          96  libspace.o(.bss)
    FLAG                                     0x1ffffc78   Data           1  calc.o(.bss.FLAG)
    __temporary_stack_top$libspace           0x1ffffc78   Data           0  libspace.o(.bss)
    MODE_FLAG                                0x1ffffc79   Data           1  buttons.o(.bss.MODE_FLAG)
    counter                                  0x1ffffc7c   Data           4  calc.o(.bss.counter)
    irqTimer                                 0x1ffffc81   Data           1  main.o(.bss.irqTimer)
    min_                                     0x1ffffc84   Data           4  main.o(.bss.min_)
    number                                   0x1ffffc88   Data          10  calc.o(.bss.number)
    reset                                    0x1ffffc93   Data           1  calc.o(.bss.reset)
    result                                   0x1ffffc94   Data           4  calc.o(.bss.result)
    s                                        0x1ffffc98   Data           4  calc.o(.bss.s)
    sec                                      0x1ffffc9c   Data           4  main.o(.bss.sec)
    sec_                                     0x1ffffca0   Data           4  main.o(.bss.sec_)
    sec__                                    0x1ffffca4   Data           4  main.o(.bss.sec__)
    temp                                     0x1ffffca8   Data          20  calc.o(.bss.temp)



==============================================================================

Memory Map of the image

  Image Entry point : 0x00000185

  Load Region LR_1 (Base: 0x00000000, Size: 0x00003210, Max: 0xffffffff, ABSOLUTE)

    Execution Region ER_RO (Exec base: 0x00000000, Load base: 0x00000000, Size: 0x000031f8, Max: 0xffffffff, ABSOLUTE)

    Exec Addr    Load Addr    Size         Type   Attr      Idx    E Section Name        Object

    0x00000000   0x00000000   0x000000c0   Data   RO          180    RESET               startup_mkl05z4.o
    0x000000c0   0x000000c0   0x00000008   Code   RO          252  * !!!main             c_p.l(__main.o)
    0x000000c8   0x000000c8   0x0000003c   Code   RO          534    !!!scatter          c_p.l(__scatter.o)
    0x00000104   0x00000104   0x0000001a   Code   RO          536    !!handler_copy      c_p.l(__scatter_copy.o)
    0x0000011e   0x0000011e   0x00000002   PAD
    0x00000120   0x00000120   0x0000001c   Code   RO          538    !!handler_zi        c_p.l(__scatter_zi.o)
    0x0000013c   0x0000013c   0x00000002   Code   RO          234    .ARM.Collect$$_printf_percent$$00000000  c_p.l(_printf_percent.o)
    0x0000013e   0x0000013e   0x0000000a   Code   RO          233    .ARM.Collect$$_printf_percent$$00000008  c_p.l(_printf_i.o)
    0x00000148   0x00000148   0x00000004   Code   RO          294    .ARM.Collect$$_printf_percent$$00000017  c_p.l(_printf_percent_end.o)
    0x0000014c   0x0000014c   0x00000002   Code   RO          392    .ARM.Collect$$libinit$$00000000  c_p.l(libinit.o)
    0x0000014e   0x0000014e   0x00000000   Code   RO          409    .ARM.Collect$$libinit$$00000002  c_p.l(libinit2.o)
    0x0000014e   0x0000014e   0x00000000   Code   RO          411    .ARM.Collect$$libinit$$00000004  c_p.l(libinit2.o)
    0x0000014e   0x0000014e   0x00000000   Code   RO          414    .ARM.Collect$$libinit$$0000000A  c_p.l(libinit2.o)
    0x0000014e   0x0000014e   0x00000000   Code   RO          416    .ARM.Collect$$libinit$$0000000C  c_p.l(libinit2.o)
    0x0000014e   0x0000014e   0x00000000   Code   RO          418    .ARM.Collect$$libinit$$0000000E  c_p.l(libinit2.o)
    0x0000014e   0x0000014e   0x00000006   Code   RO          419    .ARM.Collect$$libinit$$0000000F  c_p.l(libinit2.o)
    0x00000154   0x00000154   0x00000000   Code   RO          421    .ARM.Collect$$libinit$$00000011  c_p.l(libinit2.o)
    0x00000154   0x00000154   0x0000000c   Code   RO          422    .ARM.Collect$$libinit$$00000012  c_p.l(libinit2.o)
    0x00000160   0x00000160   0x00000000   Code   RO          423    .ARM.Collect$$libinit$$00000013  c_p.l(libinit2.o)
    0x00000160   0x00000160   0x00000000   Code   RO          425    .ARM.Collect$$libinit$$00000015  c_p.l(libinit2.o)
    0x00000160   0x00000160   0x00000000   Code   RO          427    .ARM.Collect$$libinit$$00000017  c_p.l(libinit2.o)
    0x00000160   0x00000160   0x00000000   Code   RO          429    .ARM.Collect$$libinit$$00000019  c_p.l(libinit2.o)
    0x00000160   0x00000160   0x00000000   Code   RO          431    .ARM.Collect$$libinit$$0000001B  c_p.l(libinit2.o)
    0x00000160   0x00000160   0x00000000   Code   RO          433    .ARM.Collect$$libinit$$0000001D  c_p.l(libinit2.o)
    0x00000160   0x00000160   0x00000000   Code   RO          435    .ARM.Collect$$libinit$$0000001F  c_p.l(libinit2.o)
    0x00000160   0x00000160   0x00000000   Code   RO          437    .ARM.Collect$$libinit$$00000021  c_p.l(libinit2.o)
    0x00000160   0x00000160   0x00000000   Code   RO          439    .ARM.Collect$$libinit$$00000023  c_p.l(libinit2.o)
    0x00000160   0x00000160   0x00000000   Code   RO          441    .ARM.Collect$$libinit$$00000025  c_p.l(libinit2.o)
    0x00000160   0x00000160   0x00000000   Code   RO          445    .ARM.Collect$$libinit$$0000002C  c_p.l(libinit2.o)
    0x00000160   0x00000160   0x00000000   Code   RO          447    .ARM.Collect$$libinit$$0000002E  c_p.l(libinit2.o)
    0x00000160   0x00000160   0x00000000   Code   RO          449    .ARM.Collect$$libinit$$00000030  c_p.l(libinit2.o)
    0x00000160   0x00000160   0x00000000   Code   RO          451    .ARM.Collect$$libinit$$00000032  c_p.l(libinit2.o)
    0x00000160   0x00000160   0x00000002   Code   RO          452    .ARM.Collect$$libinit$$00000033  c_p.l(libinit2.o)
    0x00000162   0x00000162   0x00000002   Code   RO          489    .ARM.Collect$$libshutdown$$00000000  c_p.l(libshutdown.o)
    0x00000164   0x00000164   0x00000000   Code   RO          517    .ARM.Collect$$libshutdown$$00000002  c_p.l(libshutdown2.o)
    0x00000164   0x00000164   0x00000000   Code   RO          519    .ARM.Collect$$libshutdown$$00000004  c_p.l(libshutdown2.o)
    0x00000164   0x00000164   0x00000000   Code   RO          522    .ARM.Collect$$libshutdown$$00000007  c_p.l(libshutdown2.o)
    0x00000164   0x00000164   0x00000000   Code   RO          525    .ARM.Collect$$libshutdown$$0000000A  c_p.l(libshutdown2.o)
    0x00000164   0x00000164   0x00000000   Code   RO          527    .ARM.Collect$$libshutdown$$0000000C  c_p.l(libshutdown2.o)
    0x00000164   0x00000164   0x00000000   Code   RO          530    .ARM.Collect$$libshutdown$$0000000F  c_p.l(libshutdown2.o)
    0x00000164   0x00000164   0x00000002   Code   RO          531    .ARM.Collect$$libshutdown$$00000010  c_p.l(libshutdown2.o)
    0x00000166   0x00000166   0x00000000   Code   RO          276    .ARM.Collect$$rtentry$$00000000  c_p.l(__rtentry.o)
    0x00000166   0x00000166   0x00000000   Code   RO          340    .ARM.Collect$$rtentry$$00000002  c_p.l(__rtentry2.o)
    0x00000166   0x00000166   0x00000006   Code   RO          352    .ARM.Collect$$rtentry$$00000004  c_p.l(__rtentry4.o)
    0x0000016c   0x0000016c   0x00000000   Code   RO          342    .ARM.Collect$$rtentry$$00000009  c_p.l(__rtentry2.o)
    0x0000016c   0x0000016c   0x00000004   Code   RO          343    .ARM.Collect$$rtentry$$0000000A  c_p.l(__rtentry2.o)
    0x00000170   0x00000170   0x00000000   Code   RO          345    .ARM.Collect$$rtentry$$0000000C  c_p.l(__rtentry2.o)
    0x00000170   0x00000170   0x00000008   Code   RO          346    .ARM.Collect$$rtentry$$0000000D  c_p.l(__rtentry2.o)
    0x00000178   0x00000178   0x00000002   Code   RO          398    .ARM.Collect$$rtexit$$00000000  c_p.l(rtexit.o)
    0x0000017a   0x0000017a   0x00000000   Code   RO          460    .ARM.Collect$$rtexit$$00000002  c_p.l(rtexit2.o)
    0x0000017a   0x0000017a   0x00000004   Code   RO          461    .ARM.Collect$$rtexit$$00000003  c_p.l(rtexit2.o)
    0x0000017e   0x0000017e   0x00000006   Code   RO          462    .ARM.Collect$$rtexit$$00000004  c_p.l(rtexit2.o)
    0x00000184   0x00000184   0x00000034   Code   RO          182  * .text               startup_mkl05z4.o
    0x000001b8   0x000001b8   0x00000028   Code   RO          207    .text               c_p.l(noretval__2sprintf.o)
    0x000001e0   0x000001e0   0x0000006c   Code   RO          209    .text               c_p.l(__printf.o)
    0x0000024c   0x0000024c   0x0000006c   Code   RO          211    .text               c_p.l(_printf_dec.o)
    0x000002b8   0x000002b8   0x0000001a   Code   RO          235    .text               c_p.l(atoi.o)
    0x000002d2   0x000002d2   0x00000006   Code   RO          250    .text               c_p.l(heapauxi.o)
    0x000002d8   0x000002d8   0x0000006c   Code   RO          254    .text               fz_ps.l(dfixi.o)
    0x00000344   0x00000344   0x00000058   Code   RO          256    .text               fz_ps.l(dflti.o)
    0x0000039c   0x0000039c   0x00000008   Code   RO          284    .text               c_p.l(rt_errno_addr_intlibspace.o)
    0x000003a4   0x000003a4   0x00000016   Code   RO          286    .text               c_p.l(_rserrno.o)
    0x000003ba   0x000003ba   0x00000002   PAD
    0x000003bc   0x000003bc   0x00000030   Code   RO          290    .text               c_p.l(_printf_char_common.o)
    0x000003ec   0x000003ec   0x0000000a   Code   RO          292    .text               c_p.l(_sputc.o)
    0x000003f6   0x000003f6   0x00000002   PAD
    0x000003f8   0x000003f8   0x00000008   Code   RO          336    .text               c_p.l(libspace.o)
    0x00000400   0x00000400   0x00000010   Code   RO          181    .ARM.__at_0x400     startup_mkl05z4.o
    0x00000410   0x00000410   0x000000b0   Code   RO          288    .text               c_p.l(_printf_intcommon.o)
    0x000004c0   0x000004c0   0x00000070   Code   RO          295    .text               c_p.l(strtol.o)
    0x00000530   0x00000530   0x00000028   Code   RO          299    .text               c_p.l(rtudiv10.o)
    0x00000558   0x00000558   0x00000358   Code   RO          301    .text               fz_ps.l(daddsub.o)
    0x000008b0   0x000008b0   0x00000448   Code   RO          303    .text               fz_ps.l(ddiv.o)
    0x00000cf8   0x00000cf8   0x00000248   Code   RO          308    .text               fz_ps.l(dmul.o)
    0x00000f40   0x00000f40   0x00000060   Code   RO          312    .text               fz_ps.l(dscalbn.o)
    0x00000fa0   0x00000fa0   0x00000100   Code   RO          314    .text               fz_ps.l(dsqrt.o)
    0x000010a0   0x000010a0   0x00000010   Code   RO          354    .text               c_p.l(rt_ctype_table.o)
    0x000010b0   0x000010b0   0x000000a6   Code   RO          360    .text               c_p.l(_strtoul.o)
    0x00001156   0x00001156   0x00000002   PAD
    0x00001158   0x00001158   0x000000a0   Code   RO          366    .text               fz_ps.l(dcmpin.o)
    0x000011f8   0x000011f8   0x0000003e   Code   RO          368    .text               c_p.l(sys_stackheap_outer.o)
    0x00001236   0x00001236   0x00000002   PAD
    0x00001238   0x00001238   0x00000008   Code   RO          374    .text               c_p.l(rt_locale_intlibspace.o)
    0x00001240   0x00001240   0x0000001e   Code   RO          376    .text               c_p.l(_chval.o)
    0x0000125e   0x0000125e   0x00000010   Code   RO          381    .text               c_p.l(exit.o)
    0x0000126e   0x0000126e   0x0000002e   Code   RO          393    .text               fz_ps.l(cmpret.o)
    0x0000129c   0x0000129c   0x00000014   Code   RO          395    .text               fz_ps.l(dnan2.o)
    0x000012b0   0x000012b0   0x000000b0   Code   RO          406    .text               c_p.l(strcmpv6m.o)
    0x00001360   0x00001360   0x0000005e   Code   RO          453    .text               fz_ps.l(retnan.o)
    0x000013be   0x000013be   0x00000002   PAD
    0x000013c0   0x000013c0   0x0000000c   Code   RO          455    .text               c_p.l(sys_exit.o)
    0x000013cc   0x000013cc   0x00000002   Code   RO          478    .text               c_p.l(use_no_semi.o)
    0x000013ce   0x000013ce   0x00000000   Code   RO          480    .text               c_p.l(indicate_semi.o)
    0x000013ce   0x000013ce   0x00000002   PAD
    0x000013d0   0x000013d0   0x0000006c   Code   RO           23    .text.I2C_Init      i2c.o
    0x0000143c   0x0000143c   0x00000040   Code   RO           25    .text.I2C_Write     i2c.o
    0x0000147c   0x0000147c   0x00000010   Code   RO          107    .text.LCD1602_Backlight  lcd1602.o
    0x0000148c   0x0000148c   0x00000028   Code   RO           93    .text.LCD1602_CheckAddress  lcd1602.o
    0x000014b4   0x000014b4   0x0000004c   Code   RO           91    .text.LCD1602_Init  lcd1602.o
    0x00001500   0x00001500   0x00000020   Code   RO          101    .text.LCD1602_Print  lcd1602.o
    0x00001520   0x00001520   0x00000018   Code   RO           97    .text.LCD1602_SetCursor  lcd1602.o
    0x00001538   0x00001538   0x00000028   Code   RO          111    .text.LCD1602_Write4  lcd1602.o
    0x00001560   0x00001560   0x0000001a   Code   RO           95    .text.LCD1602_Write8  lcd1602.o
    0x0000157a   0x0000157a   0x00000002   PAD
    0x0000157c   0x0000157c   0x0000002c   Code   RO          109    .text.PCF8574_Write  lcd1602.o
    0x000015a8   0x000015a8   0x0000002c   Code   RO           54    .text.PIT_IRQHandler  main.o
    0x000015d4   0x000015d4   0x00000044   Code   RO           77    .text.PIT_Init      pit.o
    0x00001618   0x00001618   0x00000010   Code   RO           52    .text.RTC_Seconds_IRQHandler  main.o
    0x00001628   0x00001628   0x0000004c   Code   RO          191    .text.SystemInit    system_mkl05z4.o
    0x00001674   0x00001674   0x0000000c   Code   RO           56    .text.__NVIC_ClearPendingIRQ  main.o
    0x00001680   0x00001680   0x00000010   Code   RO           79    .text.__NVIC_ClearPendingIRQ  pit.o
    0x00001690   0x00001690   0x0000000c   Code   RO           81    .text.__NVIC_EnableIRQ  pit.o
    0x0000169c   0x0000169c   0x00000010   Code   RO          147    .text.__NVIC_EnableIRQ  rtc.o
    0x000016ac   0x000016ac   0x000000d4   Code   RO            2    .text.buttons_init  buttons.o
    0x00001780   0x00001780   0x00000020   Code   RO          160    .text.buzzer        buzzer.o
    0x000017a0   0x000017a0   0x00000358   Code   RO          123    .text.calculator    calc.o
    0x00001af8   0x00001af8   0x0000009c   Code   RO            4    .text.choose_row    buttons.o
    0x00001b94   0x00001b94   0x00000034   Code   RO           58    .text.delay_ms      main.o
    0x00001bc8   0x00001bc8   0x0000000c   Code   RO           39    .text.i2c_disable   i2c.o
    0x00001bd4   0x00001bd4   0x0000000c   Code   RO           27    .text.i2c_enable    i2c.o
    0x00001be0   0x00001be0   0x0000000c   Code   RO           31    .text.i2c_m_start   i2c.o
    0x00001bec   0x00001bec   0x0000000c   Code   RO           37    .text.i2c_m_stop    i2c.o
    0x00001bf8   0x00001bf8   0x0000000c   Code   RO           33    .text.i2c_send      i2c.o
    0x00001c04   0x00001c04   0x00000010   Code   RO           29    .text.i2c_tran      i2c.o
    0x00001c14   0x00001c14   0x0000004c   Code   RO           35    .text.i2c_wait      i2c.o
    0x00001c60   0x00001c60   0x00000068   Code   RO           10    .text.inttostring   buttons.o
    0x00001cc8   0x00001cc8   0x00000070   Code   RO          168    .text.led_init      led.o
    0x00001d38   0x00001d38   0x000001d8   Code   RO           60    .text.main          main.o
    0x00001f10   0x00001f10   0x0000009c   Code   RO            8    .text.mode_change   buttons.o
    0x00001fac   0x00001fac   0x0000006c   Code   RO            6    .text.print_button  buttons.o
    0x00002018   0x00002018   0x00000050   Code   RO          145    .text.rtc_init      rtc.o
    0x00002068   0x00002068   0x00000124   Code   RO          170    .text.turn_off      led.o
    0x0000218c   0x0000218c   0x000001f6   Code   RO          243    .text_divfast       c_p.l(aeabi_sdivfast.o)
    0x00002382   0x00002382   0x00000002   PAD
    0x00002384   0x00002384   0x0000002c   Code   RO          331    i.__ARM_fpclassify  m_ps.l(fpclassify.o)
    0x000023b0   0x000023b0   0x000000ac   Code   RO          333    i.__kernel_poly     m_ps.l(poly.o)
    0x0000245c   0x0000245c   0x00000014   Code   RO          317    i.__mathlib_dbl_divzero  m_ps.l(dunder.o)
    0x00002470   0x00002470   0x00000008   Code   RO          319    i.__mathlib_dbl_infnan2  m_ps.l(dunder.o)
    0x00002478   0x00002478   0x00000010   Code   RO          320    i.__mathlib_dbl_invalid  m_ps.l(dunder.o)
    0x00002488   0x00002488   0x00000014   Code   RO          321    i.__mathlib_dbl_overflow  m_ps.l(dunder.o)
    0x0000249c   0x0000249c   0x00000014   Code   RO          323    i.__mathlib_dbl_underflow  m_ps.l(dunder.o)
    0x000024b0   0x000024b0   0x000009fc   Code   RO          259    i.pow               m_ps.l(pow.o)
    0x00002eac   0x00002eac   0x00000048   Code   RO          269    i.sqrt              m_ps.l(sqrt.o)
    0x00002ef4   0x00002ef4   0x0000002c   Code   RO          379    locale$$code        c_p.l(lc_ctype_c.o)
    0x00002f20   0x00002f20   0x00000068   Code   RO          310    x$fpl$drleqf        fz_ps.l(drlef.o)
    0x00002f88   0x00002f88   0x00000000   Code   RO          316    x$fpl$usenofp       fz_ps.l(usenofp.o)
    0x00002f88   0x00002f88   0x00000088   Data   RO          260    .constdata          m_ps.l(pow.o)
    0x00003010   0x00003010   0x00000080   Data   RO          304    .constdata          fz_ps.l(ddiv.o)
    0x00003090   0x00003090   0x00000008   Data   RO          335    .constdata          m_ps.l(qnan.o)
    0x00003098   0x00003098   0x00000020   Data   RO           14    .rodata.str1.1      buttons.o
    0x000030b8   0x000030b8   0x00000003   Data   RO           67    .rodata.str1.1      main.o
    0x000030bb   0x000030bb   0x0000000a   Data   RO          135    .rodata.str1.1      calc.o
    0x000030c5   0x000030c5   0x00000003   PAD
    0x000030c8   0x000030c8   0x00000020   Data   RO          533    Region$$Table       anon$$obj.o
    0x000030e8   0x000030e8   0x00000110   Data   RO          378    locale$$data        c_p.l(lc_ctype_c.o)


    Execution Region ER_RW (Exec base: 0x1ffffc00, Load base: 0x000031f8, Size: 0x00000018, Max: 0xffffffff, ABSOLUTE)

    Exec Addr    Load Addr    Size         Type   Attr      Idx    E Section Name        Object

    0x1ffffc00   0x000031f8   0x00000004   Data   RW          195    .data.SystemCoreClock  system_mkl05z4.o
    0x1ffffc04   0x000031fc   0x00000001   Data   RW          133    .data.last_arg      calc.o
    0x1ffffc05   0x000031fd   0x00000001   Data   RW          113    .data.lcd_backlight  lcd1602.o
    0x1ffffc06   0x000031fe   0x00000010   Data   RW           12    .data.tab           buttons.o


    Execution Region ER_ZI (Exec base: 0x1ffffc18, Load base: 0x00003210, Size: 0x000001a8, Max: 0xffffffff, ABSOLUTE)

    Exec Addr    Load Addr    Size         Type   Attr      Idx    E Section Name        Object

    0x1ffffc18        -       0x00000060   Zero   RW          337    .bss                c_p.l(libspace.o)
    0x1ffffc78        -       0x00000001   Zero   RW          132    .bss.FLAG           calc.o
    0x1ffffc79        -       0x00000001   Zero   RW           13    .bss.MODE_FLAG      buttons.o
    0x1ffffc7a   0x00003210   0x00000002   PAD
    0x1ffffc7c        -       0x00000004   Zero   RW          130    .bss.counter        calc.o
    0x1ffffc80        -       0x00000001   Zero   RW           43    .bss.error          i2c.o
    0x1ffffc81        -       0x00000001   Zero   RW           62    .bss.irqTimer       main.o
    0x1ffffc82   0x00003210   0x00000002   PAD
    0x1ffffc84        -       0x00000004   Zero   RW           65    .bss.min_           main.o
    0x1ffffc88        -       0x0000000a   Zero   RW          128    .bss.number         calc.o
    0x1ffffc92        -       0x00000001   Zero   RW          114    .bss.pcf_address    lcd1602.o
    0x1ffffc93        -       0x00000001   Zero   RW          129    .bss.reset          calc.o
    0x1ffffc94        -       0x00000004   Zero   RW          134    .bss.result         calc.o
    0x1ffffc98        -       0x00000004   Zero   RW          131    .bss.s              calc.o
    0x1ffffc9c        -       0x00000004   Zero   RW           63    .bss.sec            main.o
    0x1ffffca0        -       0x00000004   Zero   RW           64    .bss.sec_           main.o
    0x1ffffca4        -       0x00000004   Zero   RW           66    .bss.sec__          main.o
    0x1ffffca8        -       0x00000014   Zero   RW          127    .bss.temp           calc.o
    0x1ffffcbc   0x00003210   0x00000004   PAD
    0x1ffffcc0        -       0x00000000   Zero   RW          179    HEAP                startup_mkl05z4.o
    0x1ffffcc0        -       0x00000100   Zero   RW          178    STACK               startup_mkl05z4.o


==============================================================================

Image component sizes


      Code (inc. data)   RO Data    RW Data    ZI Data      Debug   Object Name

       736         80         32         16          1       3328   buttons.o
        32          4          0          0          0        753   buzzer.o
       856        228         10          1         44       2735   calc.o
       324         36          0          0          1       3023   i2c.o
       298         16          0          1          1       3103   lcd1602.o
       404        108          0          0          0       1193   led.o
       596        116          3          0         17       4295   main.o
        96         20          0          0          0       3188   pit.o
        96         16          0          0          0       3156   rtc.o
        68         38        192          0        256        832   startup_mkl05z4.o
        76         16          0          4          0       2321   system_mkl05z4.o

    ----------------------------------------------------------------------
      3584        678        272         24        328      27927   Object Totals
         0          0         32          0          0          0   (incl. Generated)
         2          0          3          2          8          0   (incl. Padding)

    ----------------------------------------------------------------------

      Code (inc. data)   RO Data    RW Data    ZI Data      Debug   Library Member Name

         8          0          0          0          0         68   __main.o
       108          0          0          0          0         76   __printf.o
         0          0          0          0          0          0   __rtentry.o
        12          0          0          0          0          0   __rtentry2.o
         6          0          0          0          0          0   __rtentry4.o
        60          8          0          0          0          0   __scatter.o
        26          0          0          0          0          0   __scatter_copy.o
        28          0          0          0          0          0   __scatter_zi.o
        30          0          0          0          0         60   _chval.o
        48          6          0          0          0         88   _printf_char_common.o
       108         18          0          0          0         76   _printf_dec.o
        10          0          0          0          0          0   _printf_i.o
       176          0          0          0          0         84   _printf_intcommon.o
         2          0          0          0          0          0   _printf_percent.o
         4          0          0          0          0          0   _printf_percent_end.o
        22          0          0          0          0         92   _rserrno.o
        10          0          0          0          0         60   _sputc.o
       166          0          0          0          0         84   _strtoul.o
       502          0          0          0          0         92   aeabi_sdivfast.o
        26          0          0          0          0         72   atoi.o
        16          0          0          0          0         68   exit.o
         6          0          0          0          0        136   heapauxi.o
         0          0          0          0          0          0   indicate_semi.o
        44         10        272          0          0         76   lc_ctype_c.o
         2          0          0          0          0          0   libinit.o
        20          0          0          0          0          0   libinit2.o
         2          0          0          0          0          0   libshutdown.o
         2          0          0          0          0          0   libshutdown2.o
         8          4          0          0         96         68   libspace.o
        40          4          0          0          0         84   noretval__2sprintf.o
        16          4          0          0          0         76   rt_ctype_table.o
         8          4          0          0          0         68   rt_errno_addr_intlibspace.o
         8          4          0          0          0         68   rt_locale_intlibspace.o
         2          0          0          0          0          0   rtexit.o
        10          0          0          0          0          0   rtexit2.o
        40          0          0          0          0         60   rtudiv10.o
       176          4          0          0          0         80   strcmpv6m.o
       112          4          0          0          0         76   strtol.o
        12          4          0          0          0         60   sys_exit.o
        62          0          0          0          0         80   sys_stackheap_outer.o
         2          0          0          0          0         68   use_no_semi.o
        46          0          0          0          0         60   cmpret.o
       856         20          0          0          0        208   daddsub.o
       160          6          0          0          0         76   dcmpin.o
      1096         26        128          0          0        112   ddiv.o
       108         10          0          0          0         72   dfixi.o
        88          0          0          0          0         92   dflti.o
       584         26          0          0          0         84   dmul.o
        20          6          0          0          0         68   dnan2.o
       104          4          0          0          0        104   drlef.o
        96         12          0          0          0         72   dscalbn.o
       256          8          0          0          0         76   dsqrt.o
        94          0          0          0          0         68   retnan.o
         0          0          0          0          0          0   usenofp.o
        84         14          0          0          0        340   dunder.o
        44          4          0          0          0         60   fpclassify.o
       172          0          0          0          0         76   poly.o
      2556        196        136          0          0        240   pow.o
         0          0          8          0          0          0   qnan.o
        72          6          0          0          0         76   sqrt.o

    ----------------------------------------------------------------------
      8392        412        544          0         96       3804   Library Totals
        16          0          0          0          0          0   (incl. Padding)

    ----------------------------------------------------------------------

      Code (inc. data)   RO Data    RW Data    ZI Data      Debug   Library Name

      1940         74        272          0         96       1920   c_p.l
      3508        118        128          0          0       1092   fz_ps.l
      2928        220        144          0          0        792   m_ps.l

    ----------------------------------------------------------------------
      8392        412        544          0         96       3804   Library Totals

    ----------------------------------------------------------------------

==============================================================================


      Code (inc. data)   RO Data    RW Data    ZI Data      Debug   

     11976       1090        816         24        424      29723   Grand Totals
     11976       1090        816         24        424      29723   ELF Image Totals
     11976       1090        816         24          0          0   ROM Totals

==============================================================================

    Total RO  Size (Code + RO Data)                12792 (  12.49kB)
    Total RW  Size (RW Data + ZI Data)               448 (   0.44kB)
    Total ROM Size (Code + RO Data + RW Data)      12816 (  12.52kB)

==============================================================================

