Component: ARM Compiler 6.14 Tool: armlink [5db06800]

==============================================================================

Section Cross References

    buttons.o(.ARM.exidx.text.buttons_init) refers to buttons.o(.text.buttons_init) for [Anonymous Symbol]
    buttons.o(.ARM.exidx.text.choose_row) refers to buttons.o(.text.choose_row) for [Anonymous Symbol]
    buttons.o(.text.print_button) refers to buttons.o(.data.tab) for tab
    buttons.o(.ARM.exidx.text.print_button) refers to buttons.o(.text.print_button) for [Anonymous Symbol]
    buttons.o(.text.inttostring) refers to aeabi_sdivfast.o(.text_divfast) for __aeabi_idiv
    buttons.o(.ARM.exidx.text.inttostring) refers to buttons.o(.text.inttostring) for [Anonymous Symbol]
    i2c.o(.ARM.exidx.text.I2C_Init) refers to i2c.o(.text.I2C_Init) for [Anonymous Symbol]
    i2c.o(.text.I2C_Write) refers to i2c.o(.text.i2c_enable) for i2c_enable
    i2c.o(.text.I2C_Write) refers to i2c.o(.text.i2c_tran) for i2c_tran
    i2c.o(.text.I2C_Write) refers to i2c.o(.text.i2c_m_start) for i2c_m_start
    i2c.o(.text.I2C_Write) refers to i2c.o(.text.i2c_send) for i2c_send
    i2c.o(.text.I2C_Write) refers to i2c.o(.text.i2c_wait) for i2c_wait
    i2c.o(.text.I2C_Write) refers to i2c.o(.text.i2c_m_stop) for i2c_m_stop
    i2c.o(.text.I2C_Write) refers to i2c.o(.text.i2c_disable) for i2c_disable
    i2c.o(.text.I2C_Write) refers to i2c.o(.bss.error) for [Anonymous Symbol]
    i2c.o(.ARM.exidx.text.I2C_Write) refers to i2c.o(.text.I2C_Write) for [Anonymous Symbol]
    i2c.o(.ARM.exidx.text.i2c_enable) refers to i2c.o(.text.i2c_enable) for [Anonymous Symbol]
    i2c.o(.ARM.exidx.text.i2c_tran) refers to i2c.o(.text.i2c_tran) for [Anonymous Symbol]
    i2c.o(.ARM.exidx.text.i2c_m_start) refers to i2c.o(.text.i2c_m_start) for [Anonymous Symbol]
    i2c.o(.ARM.exidx.text.i2c_send) refers to i2c.o(.text.i2c_send) for [Anonymous Symbol]
    i2c.o(.text.i2c_wait) refers to i2c.o(.bss.error) for [Anonymous Symbol]
    i2c.o(.ARM.exidx.text.i2c_wait) refers to i2c.o(.text.i2c_wait) for [Anonymous Symbol]
    i2c.o(.ARM.exidx.text.i2c_m_stop) refers to i2c.o(.text.i2c_m_stop) for [Anonymous Symbol]
    i2c.o(.ARM.exidx.text.i2c_disable) refers to i2c.o(.text.i2c_disable) for [Anonymous Symbol]
    i2c.o(.ARM.exidx.text.i2c_m_rstart) refers to i2c.o(.text.i2c_m_rstart) for [Anonymous Symbol]
    main.o(.text.PIT_IRQHandler) refers to main.o(.text.__NVIC_ClearPendingIRQ) for __NVIC_ClearPendingIRQ
    main.o(.text.PIT_IRQHandler) refers to main.o(.bss.irqTimer) for irqTimer
    main.o(.ARM.exidx.text.PIT_IRQHandler) refers to main.o(.text.PIT_IRQHandler) for [Anonymous Symbol]
    main.o(.ARM.exidx.text.__NVIC_ClearPendingIRQ) refers to main.o(.text.__NVIC_ClearPendingIRQ) for [Anonymous Symbol]
    main.o(.text.main) refers to lcd1602.o(.text.LCD1602_Init) for LCD1602_Init
    main.o(.text.main) refers to lcd1602.o(.text.LCD1602_Backlight) for LCD1602_Backlight
    main.o(.text.main) refers to buttons.o(.text.buttons_init) for buttons_init
    main.o(.text.main) refers to pit.o(.text.PIT_Init) for PIT_Init
    main.o(.text.main) refers to buttons.o(.text.choose_row) for choose_row
    main.o(.text.main) refers to buttons.o(.text.print_button) for print_button
    main.o(.text.main) refers to calc.o(.text.calculator) for calculator
    main.o(.text.main) refers to main.o(.bss.irqTimer) for irqTimer
    main.o(.ARM.exidx.text.main) refers to main.o(.text.main) for [Anonymous Symbol]
    pit.o(.text.PIT_Init) refers to aeabi_sdivfast.o(.text_divfast) for __aeabi_uidiv
    pit.o(.text.PIT_Init) refers to pit.o(.text.__NVIC_ClearPendingIRQ) for __NVIC_ClearPendingIRQ
    pit.o(.text.PIT_Init) refers to pit.o(.text.__NVIC_EnableIRQ) for __NVIC_EnableIRQ
    pit.o(.text.PIT_Init) refers to system_mkl05z4.o(.data.SystemCoreClock) for SystemCoreClock
    pit.o(.ARM.exidx.text.PIT_Init) refers to pit.o(.text.PIT_Init) for [Anonymous Symbol]
    pit.o(.ARM.exidx.text.__NVIC_ClearPendingIRQ) refers to pit.o(.text.__NVIC_ClearPendingIRQ) for [Anonymous Symbol]
    pit.o(.ARM.exidx.text.__NVIC_EnableIRQ) refers to pit.o(.text.__NVIC_EnableIRQ) for [Anonymous Symbol]
    lcd1602.o(.text.LCD1602_Init) refers to i2c.o(.text.I2C_Init) for I2C_Init
    lcd1602.o(.text.LCD1602_Init) refers to lcd1602.o(.text.LCD1602_CheckAddress) for LCD1602_CheckAddress
    lcd1602.o(.text.LCD1602_Init) refers to lcd1602.o(.text.LCD1602_Write8) for LCD1602_Write8
    lcd1602.o(.ARM.exidx.text.LCD1602_Init) refers to lcd1602.o(.text.LCD1602_Init) for [Anonymous Symbol]
    lcd1602.o(.text.LCD1602_CheckAddress) refers to i2c.o(.text.I2C_Write) for I2C_Write
    lcd1602.o(.text.LCD1602_CheckAddress) refers to lcd1602.o(.bss.pcf_address) for [Anonymous Symbol]
    lcd1602.o(.ARM.exidx.text.LCD1602_CheckAddress) refers to lcd1602.o(.text.LCD1602_CheckAddress) for [Anonymous Symbol]
    lcd1602.o(.text.LCD1602_Write8) refers to lcd1602.o(.text.LCD1602_Write4) for LCD1602_Write4
    lcd1602.o(.ARM.exidx.text.LCD1602_Write8) refers to lcd1602.o(.text.LCD1602_Write8) for [Anonymous Symbol]
    lcd1602.o(.text.LCD1602_SetCursor) refers to lcd1602.o(.text.LCD1602_Write8) for LCD1602_Write8
    lcd1602.o(.ARM.exidx.text.LCD1602_SetCursor) refers to lcd1602.o(.text.LCD1602_SetCursor) for [Anonymous Symbol]
    lcd1602.o(.text.LCD1602_ClearAll) refers to lcd1602.o(.text.LCD1602_Write8) for LCD1602_Write8
    lcd1602.o(.ARM.exidx.text.LCD1602_ClearAll) refers to lcd1602.o(.text.LCD1602_ClearAll) for [Anonymous Symbol]
    lcd1602.o(.text.LCD1602_Print) refers to lcd1602.o(.text.LCD1602_Write8) for LCD1602_Write8
    lcd1602.o(.ARM.exidx.text.LCD1602_Print) refers to lcd1602.o(.text.LCD1602_Print) for [Anonymous Symbol]
    lcd1602.o(.text.LCD1602_PrintNum) refers to lcd1602.o(.text.itoa) for itoa
    lcd1602.o(.text.LCD1602_PrintNum) refers to lcd1602.o(.text.LCD1602_Print) for LCD1602_Print
    lcd1602.o(.ARM.exidx.text.LCD1602_PrintNum) refers to lcd1602.o(.text.LCD1602_PrintNum) for [Anonymous Symbol]
    lcd1602.o(.text.itoa) refers to aeabi_sdivfast.o(.text_divfast) for __aeabi_idiv
    lcd1602.o(.ARM.exidx.text.itoa) refers to lcd1602.o(.text.itoa) for [Anonymous Symbol]
    lcd1602.o(.text.LCD1602_Backlight) refers to lcd1602.o(.text.PCF8574_Write) for PCF8574_Write
    lcd1602.o(.text.LCD1602_Backlight) refers to lcd1602.o(.data.lcd_backlight) for [Anonymous Symbol]
    lcd1602.o(.ARM.exidx.text.LCD1602_Backlight) refers to lcd1602.o(.text.LCD1602_Backlight) for [Anonymous Symbol]
    lcd1602.o(.text.PCF8574_Write) refers to i2c.o(.text.I2C_Write) for I2C_Write
    lcd1602.o(.text.PCF8574_Write) refers to lcd1602.o(.bss.pcf_address) for [Anonymous Symbol]
    lcd1602.o(.text.PCF8574_Write) refers to lcd1602.o(.data.lcd_backlight) for [Anonymous Symbol]
    lcd1602.o(.ARM.exidx.text.PCF8574_Write) refers to lcd1602.o(.text.PCF8574_Write) for [Anonymous Symbol]
    lcd1602.o(.text.LCD1602_Write4) refers to lcd1602.o(.text.PCF8574_Write) for PCF8574_Write
    lcd1602.o(.ARM.exidx.text.LCD1602_Write4) refers to lcd1602.o(.text.LCD1602_Write4) for [Anonymous Symbol]
    calc.o(.text.calculator) refers to lcd1602.o(.text.LCD1602_SetCursor) for LCD1602_SetCursor
    calc.o(.text.calculator) refers to lcd1602.o(.text.LCD1602_Print) for LCD1602_Print
    calc.o(.text.calculator) refers to calc.o(.text.getResult) for getResult
    calc.o(.text.calculator) refers to calc.o(.rodata.str1.1) for .L.str
    calc.o(.text.calculator) refers to calc.o(.bss.counter) for counter
    calc.o(.text.calculator) refers to calc.o(.bss.temp) for temp
    calc.o(.text.calculator) refers to calc.o(.bss.sep) for sep
    calc.o(.text.calculator) refers to calc.o(.bss.s) for s
    calc.o(.ARM.exidx.text.calculator) refers to calc.o(.text.calculator) for [Anonymous Symbol]
    calc.o(.text.getResult) refers to strcpy.o(.text) for strcpy
    calc.o(.text.getResult) refers to strtok.o(.text) for strtok
    calc.o(.text.getResult) refers to atoi.o(.text) for atoi
    calc.o(.text.getResult) refers to aeabi_sdivfast.o(.text_divfast) for __aeabi_idiv
    calc.o(.text.getResult) refers to buttons.o(.text.inttostring) for inttostring
    calc.o(.text.getResult) refers to lcd1602.o(.text.LCD1602_Print) for LCD1602_Print
    calc.o(.text.getResult) refers to calc.o(.rodata.str1.1) for .L.str.2
    calc.o(.ARM.exidx.text.getResult) refers to calc.o(.text.getResult) for [Anonymous Symbol]
    calc.o(.text.ParseString) refers to strtok.o(.text) for strtok
    calc.o(.text.ParseString) refers to atoi.o(.text) for atoi
    calc.o(.text.ParseString) refers to aeabi_sdivfast.o(.text_divfast) for __aeabi_idiv
    calc.o(.text.ParseString) refers to buttons.o(.text.inttostring) for inttostring
    calc.o(.text.ParseString) refers to lcd1602.o(.text.LCD1602_Print) for LCD1602_Print
    calc.o(.ARM.exidx.text.ParseString) refers to calc.o(.text.ParseString) for [Anonymous Symbol]
    rtc.o(.ARM.exidx.text.rtc_init) refers to rtc.o(.text.rtc_init) for [Anonymous Symbol]
    rtc.o(.ARM.exidx.text.rtc_reset) refers to rtc.o(.text.rtc_reset) for [Anonymous Symbol]
    rtc.o(.ARM.exidx.text.rtc_update) refers to rtc.o(.text.rtc_update) for [Anonymous Symbol]
    startup_mkl05z4.o(STACK) refers (Special) to heapauxi.o(.text) for __use_two_region_memory
    startup_mkl05z4.o(HEAP) refers (Special) to heapauxi.o(.text) for __use_two_region_memory
    startup_mkl05z4.o(RESET) refers (Special) to heapauxi.o(.text) for __use_two_region_memory
    startup_mkl05z4.o(RESET) refers to startup_mkl05z4.o(STACK) for __initial_sp
    startup_mkl05z4.o(RESET) refers to startup_mkl05z4.o(.text) for Reset_Handler
    startup_mkl05z4.o(RESET) refers to main.o(.text.PIT_IRQHandler) for PIT_IRQHandler
    startup_mkl05z4.o(.ARM.__at_0x400) refers (Special) to heapauxi.o(.text) for __use_two_region_memory
    startup_mkl05z4.o(.text) refers (Special) to heapauxi.o(.text) for __use_two_region_memory
    startup_mkl05z4.o(.text) refers to system_mkl05z4.o(.text.SystemInit) for SystemInit
    startup_mkl05z4.o(.text) refers to __main.o(!!!main) for __main
    startup_mkl05z4.o(.text) refers to startup_mkl05z4.o(HEAP) for Heap_Mem
    startup_mkl05z4.o(.text) refers to startup_mkl05z4.o(STACK) for Stack_Mem
    system_mkl05z4.o(.ARM.exidx.text.SystemInit) refers to system_mkl05z4.o(.text.SystemInit) for [Anonymous Symbol]
    system_mkl05z4.o(.text.SystemCoreClockUpdate) refers to aeabi_sdivfast.o(.text_divfast) for __aeabi_uidiv
    system_mkl05z4.o(.text.SystemCoreClockUpdate) refers to system_mkl05z4.o(.data.SystemCoreClock) for SystemCoreClock
    system_mkl05z4.o(.ARM.exidx.text.SystemCoreClockUpdate) refers to system_mkl05z4.o(.text.SystemCoreClockUpdate) for [Anonymous Symbol]
    atoi.o(.text) refers to rt_errno_addr_intlibspace.o(.text) for __aeabi_errno_addr
    atoi.o(.text) refers to strtol.o(.text) for strtol
    strtok.o(.text) refers to strtok_int.o(.text) for __strtok_internal
    strtok.o(.text) refers to strtok.o(.data) for .data
    __main.o(!!!main) refers to __rtentry.o(.ARM.Collect$$rtentry$$00000000) for __rt_entry
    __rtentry.o(.ARM.Collect$$rtentry$$00000000) refers (Special) to __rtentry2.o(.ARM.Collect$$rtentry$$0000000A) for __rt_entry_li
    __rtentry.o(.ARM.Collect$$rtentry$$00000000) refers (Special) to __rtentry2.o(.ARM.Collect$$rtentry$$0000000D) for __rt_entry_main
    __rtentry.o(.ARM.Collect$$rtentry$$00000000) refers (Special) to __rtentry2.o(.ARM.Collect$$rtentry$$0000000C) for __rt_entry_postli_1
    __rtentry.o(.ARM.Collect$$rtentry$$00000000) refers (Special) to __rtentry2.o(.ARM.Collect$$rtentry$$00000009) for __rt_entry_postsh_1
    __rtentry.o(.ARM.Collect$$rtentry$$00000000) refers (Special) to __rtentry2.o(.ARM.Collect$$rtentry$$00000002) for __rt_entry_presh_1
    __rtentry.o(.ARM.Collect$$rtentry$$00000000) refers (Special) to __rtentry4.o(.ARM.Collect$$rtentry$$00000004) for __rt_entry_sh
    aeabi_idiv0_sigfpe.o(.text) refers to rt_div0.o(.text) for __rt_div0
    rt_errno_addr.o(.text) refers to rt_errno_addr.o(.bss) for __aeabi_errno_addr_data
    rt_errno_addr_intlibspace.o(.text) refers to libspace.o(.bss) for __libspace_start
    strtol.o(.text) refers to rt_ctype_table.o(.text) for __rt_ctype_table
    strtol.o(.text) refers to _strtoul.o(.text) for _strtoul
    strtol.o(.text) refers to rt_errno_addr_intlibspace.o(.text) for __aeabi_errno_addr
    strtok_int.o(.text) refers to strspn.o(.text) for strspn
    strtok_int.o(.text) refers to strcspn.o(.text) for strcspn
    libspace.o(.text) refers to libspace.o(.bss) for __libspace_start
    __rtentry2.o(.ARM.Collect$$rtentry$$00000008) refers to boardinit2.o(.text) for _platform_post_stackheap_init
    __rtentry2.o(.ARM.Collect$$rtentry$$0000000A) refers to libinit.o(.ARM.Collect$$libinit$$00000000) for __rt_lib_init
    __rtentry2.o(.ARM.Collect$$rtentry$$0000000B) refers to boardinit3.o(.text) for _platform_post_lib_init
    __rtentry2.o(.ARM.Collect$$rtentry$$0000000D) refers to main.o(.text.main) for main
    __rtentry2.o(.ARM.Collect$$rtentry$$0000000D) refers to exit.o(.text) for exit
    __rtentry2.o(.ARM.exidx) refers to __rtentry2.o(.ARM.Collect$$rtentry$$00000001) for .ARM.Collect$$rtentry$$00000001
    __rtentry2.o(.ARM.exidx) refers to __rtentry2.o(.ARM.Collect$$rtentry$$00000008) for .ARM.Collect$$rtentry$$00000008
    __rtentry2.o(.ARM.exidx) refers to __rtentry2.o(.ARM.Collect$$rtentry$$0000000A) for .ARM.Collect$$rtentry$$0000000A
    __rtentry2.o(.ARM.exidx) refers to __rtentry2.o(.ARM.Collect$$rtentry$$0000000B) for .ARM.Collect$$rtentry$$0000000B
    __rtentry2.o(.ARM.exidx) refers to __rtentry2.o(.ARM.Collect$$rtentry$$0000000D) for .ARM.Collect$$rtentry$$0000000D
    __rtentry4.o(.ARM.Collect$$rtentry$$00000004) refers to sys_stackheap_outer.o(.text) for __user_setup_stackheap
    __rtentry4.o(.ARM.exidx) refers to __rtentry4.o(.ARM.Collect$$rtentry$$00000004) for .ARM.Collect$$rtentry$$00000004
    rt_ctype_table.o(.text) refers to rt_locale_intlibspace.o(.text) for __rt_locale
    rt_ctype_table.o(.text) refers to lc_ctype_c.o(locale$$code) for _get_lc_ctype
    rt_div0.o(.text) refers to defsig_fpe_outer.o(.text) for __rt_SIGFPE
    _strtoul.o(.text) refers to _chval.o(.text) for _chval
    _strtoul.o(.text) refers to rt_errno_addr_intlibspace.o(.text) for __aeabi_errno_addr
    sys_stackheap_outer.o(.text) refers to libspace.o(.text) for __user_perproc_libspace
    sys_stackheap_outer.o(.text) refers to startup_mkl05z4.o(.text) for __user_initial_stackheap
    sys_stackheap_outer.o(__vectab_stack_and_reset_area) refers to tempstk.o(.text) for __temporary_stack_top
    sys_stackheap_outer.o(__vectab_stack_and_reset_area) refers to __main.o(!!!main) for __main
    rt_locale.o(.text) refers to rt_locale.o(.bss) for __rt_locale_data
    rt_locale_intlibspace.o(.text) refers to libspace.o(.bss) for __libspace_start
    lc_ctype_c.o(locale$$data) refers (Special) to libinit2.o(.ARM.Collect$$libinit$$00000012) for __rt_lib_init_lc_ctype_2
    lc_ctype_c.o(locale$$code) refers (Special) to libinit2.o(.ARM.Collect$$libinit$$00000012) for __rt_lib_init_lc_ctype_2
    lc_ctype_c.o(locale$$code) refers to strcmpv6m.o(.text) for strcmp
    lc_ctype_c.o(locale$$code) refers to lc_ctype_c.o(locale$$data) for __lcctype_c_name
    exit.o(.text) refers to rtexit.o(.ARM.Collect$$rtexit$$00000000) for __rt_exit
    defsig_fpe_outer.o(.text) refers to defsig_fpe_inner.o(.text) for __rt_SIGFPE_inner
    defsig_fpe_outer.o(.text) refers to defsig_exit.o(.text) for __sig_exit
    defsig_fpe_formal.o(.text) refers to rt_raise.o(.text) for __rt_raise
    libinit.o(.ARM.Collect$$libinit$$00000000) refers (Special) to libinit2.o(.ARM.Collect$$libinit$$0000002E) for __rt_lib_init_alloca_1
    libinit.o(.ARM.Collect$$libinit$$00000000) refers (Special) to libinit2.o(.ARM.Collect$$libinit$$0000002C) for __rt_lib_init_argv_1
    libinit.o(.ARM.Collect$$libinit$$00000000) refers (Special) to libinit2.o(.ARM.Collect$$libinit$$0000001B) for __rt_lib_init_atexit_1
    libinit.o(.ARM.Collect$$libinit$$00000000) refers (Special) to libinit2.o(.ARM.Collect$$libinit$$00000021) for __rt_lib_init_clock_1
    libinit.o(.ARM.Collect$$libinit$$00000000) refers (Special) to libinit2.o(.ARM.Collect$$libinit$$00000032) for __rt_lib_init_cpp_1
    libinit.o(.ARM.Collect$$libinit$$00000000) refers (Special) to libinit2.o(.ARM.Collect$$libinit$$00000030) for __rt_lib_init_exceptions_1
    libinit.o(.ARM.Collect$$libinit$$00000000) refers (Special) to libinit2.o(.ARM.Collect$$libinit$$00000002) for __rt_lib_init_fp_1
    libinit.o(.ARM.Collect$$libinit$$00000000) refers (Special) to libinit2.o(.ARM.Collect$$libinit$$0000001F) for __rt_lib_init_fp_trap_1
    libinit.o(.ARM.Collect$$libinit$$00000000) refers (Special) to libinit2.o(.ARM.Collect$$libinit$$00000023) for __rt_lib_init_getenv_1
    libinit.o(.ARM.Collect$$libinit$$00000000) refers (Special) to libinit2.o(.ARM.Collect$$libinit$$0000000A) for __rt_lib_init_heap_1
    libinit.o(.ARM.Collect$$libinit$$00000000) refers (Special) to libinit2.o(.ARM.Collect$$libinit$$00000011) for __rt_lib_init_lc_collate_1
    libinit.o(.ARM.Collect$$libinit$$00000000) refers (Special) to libinit2.o(.ARM.Collect$$libinit$$00000013) for __rt_lib_init_lc_ctype_1
    libinit.o(.ARM.Collect$$libinit$$00000000) refers (Special) to libinit2.o(.ARM.Collect$$libinit$$00000015) for __rt_lib_init_lc_monetary_1
    libinit.o(.ARM.Collect$$libinit$$00000000) refers (Special) to libinit2.o(.ARM.Collect$$libinit$$00000017) for __rt_lib_init_lc_numeric_1
    libinit.o(.ARM.Collect$$libinit$$00000000) refers (Special) to libinit2.o(.ARM.Collect$$libinit$$00000019) for __rt_lib_init_lc_time_1
    libinit.o(.ARM.Collect$$libinit$$00000000) refers (Special) to libinit2.o(.ARM.Collect$$libinit$$00000004) for __rt_lib_init_preinit_1
    libinit.o(.ARM.Collect$$libinit$$00000000) refers (Special) to libinit2.o(.ARM.Collect$$libinit$$0000000E) for __rt_lib_init_rand_1
    libinit.o(.ARM.Collect$$libinit$$00000000) refers (Special) to libinit2.o(.ARM.Collect$$libinit$$00000033) for __rt_lib_init_return
    libinit.o(.ARM.Collect$$libinit$$00000000) refers (Special) to libinit2.o(.ARM.Collect$$libinit$$0000001D) for __rt_lib_init_signal_1
    libinit.o(.ARM.Collect$$libinit$$00000000) refers (Special) to libinit2.o(.ARM.Collect$$libinit$$00000025) for __rt_lib_init_stdio_1
    libinit.o(.ARM.Collect$$libinit$$00000000) refers (Special) to libinit2.o(.ARM.Collect$$libinit$$0000000C) for __rt_lib_init_user_alloc_1
    rtexit.o(.ARM.Collect$$rtexit$$00000000) refers (Special) to rtexit2.o(.ARM.Collect$$rtexit$$00000004) for __rt_exit_exit
    rtexit.o(.ARM.Collect$$rtexit$$00000000) refers (Special) to rtexit2.o(.ARM.Collect$$rtexit$$00000003) for __rt_exit_ls
    rtexit.o(.ARM.Collect$$rtexit$$00000000) refers (Special) to rtexit2.o(.ARM.Collect$$rtexit$$00000002) for __rt_exit_prels_1
    rtexit.o(.ARM.exidx) refers (Special) to rtexit2.o(.ARM.Collect$$rtexit$$00000004) for __rt_exit_exit
    rtexit.o(.ARM.exidx) refers (Special) to rtexit2.o(.ARM.Collect$$rtexit$$00000003) for __rt_exit_ls
    rtexit.o(.ARM.exidx) refers (Special) to rtexit2.o(.ARM.Collect$$rtexit$$00000002) for __rt_exit_prels_1
    rtexit.o(.ARM.exidx) refers to rtexit.o(.ARM.Collect$$rtexit$$00000000) for .ARM.Collect$$rtexit$$00000000
    rt_raise.o(.text) refers to __raise.o(.text) for __raise
    rt_raise.o(.text) refers to sys_exit.o(.text) for _sys_exit
    defsig_exit.o(.text) refers to sys_exit.o(.text) for _sys_exit
    defsig_fpe_inner.o(.text) refers to defsig_general.o(.text) for __default_signal_display
    libinit2.o(.ARM.Collect$$libinit$$0000000F) refers (Weak) to rt_locale_intlibspace.o(.text) for __rt_locale
    libinit2.o(.ARM.Collect$$libinit$$00000010) refers to libinit2.o(.ARM.Collect$$libinit$$0000000F) for .ARM.Collect$$libinit$$0000000F
    libinit2.o(.ARM.Collect$$libinit$$00000012) refers to libinit2.o(.ARM.Collect$$libinit$$0000000F) for .ARM.Collect$$libinit$$0000000F
    libinit2.o(.ARM.Collect$$libinit$$00000012) refers (Weak) to lc_ctype_c.o(locale$$code) for _get_lc_ctype
    libinit2.o(.ARM.Collect$$libinit$$00000014) refers to libinit2.o(.ARM.Collect$$libinit$$0000000F) for .ARM.Collect$$libinit$$0000000F
    libinit2.o(.ARM.Collect$$libinit$$00000016) refers to libinit2.o(.ARM.Collect$$libinit$$0000000F) for .ARM.Collect$$libinit$$0000000F
    libinit2.o(.ARM.Collect$$libinit$$00000018) refers to libinit2.o(.ARM.Collect$$libinit$$0000000F) for .ARM.Collect$$libinit$$0000000F
    libinit2.o(.ARM.Collect$$libinit$$00000026) refers to argv_veneer.o(.text) for __ARM_argv_veneer
    libinit2.o(.ARM.Collect$$libinit$$00000027) refers to argv_veneer.o(.text) for __ARM_argv_veneer
    sys_exit.o(.text) refers (Special) to use_no_semi.o(.text) for __I$use$semihosting
    sys_exit.o(.text) refers (Special) to indicate_semi.o(.text) for __semihosting_library_function
    sys_exit_hlt.o(.text) refers (Special) to use_no_semi.o(.text) for __I$use$semihosting
    sys_exit_hlt.o(.text) refers (Special) to indicate_semi.o(.text) for __semihosting_library_function
    rtexit2.o(.ARM.Collect$$rtexit$$00000003) refers to libshutdown.o(.ARM.Collect$$libshutdown$$00000000) for __rt_lib_shutdown
    rtexit2.o(.ARM.Collect$$rtexit$$00000004) refers to sys_exit.o(.text) for _sys_exit
    rtexit2.o(.ARM.exidx) refers to rtexit2.o(.ARM.Collect$$rtexit$$00000001) for .ARM.Collect$$rtexit$$00000001
    rtexit2.o(.ARM.exidx) refers to rtexit2.o(.ARM.Collect$$rtexit$$00000003) for .ARM.Collect$$rtexit$$00000003
    rtexit2.o(.ARM.exidx) refers to rtexit2.o(.ARM.Collect$$rtexit$$00000004) for .ARM.Collect$$rtexit$$00000004
    __raise.o(.text) refers to defsig.o(CL$$defsig) for __default_signal_handler
    defsig_general.o(.text) refers to sys_wrch.o(.text) for _ttywrch
    sys_wrch.o(.text) refers (Special) to use_no_semi.o(.text) for __I$use$semihosting
    sys_wrch.o(.text) refers (Special) to indicate_semi.o(.text) for __semihosting_library_function
    sys_wrch_hlt.o(.text) refers (Special) to use_no_semi.o(.text) for __I$use$semihosting
    sys_wrch_hlt.o(.text) refers (Special) to indicate_semi.o(.text) for __semihosting_library_function
    defsig.o(CL$$defsig) refers to defsig_fpe_inner.o(.text) for __rt_SIGFPE_inner
    defsig.o(CL$$defsig) refers to defsig_rtmem_inner.o(.text) for __rt_SIGRTMEM_inner
    _get_argv_nomalloc.o(.text) refers (Special) to hrguard.o(.text) for __heap_region$guard
    _get_argv_nomalloc.o(.text) refers to defsig_rtmem_outer.o(.text) for __rt_SIGRTMEM
    _get_argv_nomalloc.o(.text) refers to sys_command.o(.text) for _sys_command_string
    libshutdown.o(.ARM.Collect$$libshutdown$$00000000) refers (Special) to libshutdown2.o(.ARM.Collect$$libshutdown$$00000002) for __rt_lib_shutdown_cpp_1
    libshutdown.o(.ARM.Collect$$libshutdown$$00000000) refers (Special) to libshutdown2.o(.ARM.Collect$$libshutdown$$00000007) for __rt_lib_shutdown_fp_trap_1
    libshutdown.o(.ARM.Collect$$libshutdown$$00000000) refers (Special) to libshutdown2.o(.ARM.Collect$$libshutdown$$0000000F) for __rt_lib_shutdown_heap_1
    libshutdown.o(.ARM.Collect$$libshutdown$$00000000) refers (Special) to libshutdown2.o(.ARM.Collect$$libshutdown$$00000010) for __rt_lib_shutdown_return
    libshutdown.o(.ARM.Collect$$libshutdown$$00000000) refers (Special) to libshutdown2.o(.ARM.Collect$$libshutdown$$0000000A) for __rt_lib_shutdown_signal_1
    libshutdown.o(.ARM.Collect$$libshutdown$$00000000) refers (Special) to libshutdown2.o(.ARM.Collect$$libshutdown$$00000004) for __rt_lib_shutdown_stdio_1
    libshutdown.o(.ARM.Collect$$libshutdown$$00000000) refers (Special) to libshutdown2.o(.ARM.Collect$$libshutdown$$0000000C) for __rt_lib_shutdown_user_alloc_1
    sys_command.o(.text) refers (Special) to use_no_semi.o(.text) for __I$use$semihosting
    sys_command.o(.text) refers (Special) to indicate_semi.o(.text) for __semihosting_library_function
    sys_command_hlt.o(.text) refers (Special) to use_no_semi.o(.text) for __I$use$semihosting
    sys_command_hlt.o(.text) refers (Special) to indicate_semi.o(.text) for __semihosting_library_function
    defsig_abrt_inner.o(.text) refers to defsig_general.o(.text) for __default_signal_display
    defsig_rtred_inner.o(.text) refers to defsig_general.o(.text) for __default_signal_display
    defsig_rtmem_inner.o(.text) refers to defsig_general.o(.text) for __default_signal_display
    defsig_rtmem_outer.o(.text) refers to defsig_rtmem_inner.o(.text) for __rt_SIGRTMEM_inner
    defsig_rtmem_outer.o(.text) refers to defsig_exit.o(.text) for __sig_exit
    defsig_rtmem_formal.o(.text) refers to rt_raise.o(.text) for __rt_raise
    defsig_stak_inner.o(.text) refers to defsig_general.o(.text) for __default_signal_display
    defsig_pvfn_inner.o(.text) refers to defsig_general.o(.text) for __default_signal_display
    defsig_cppl_inner.o(.text) refers to defsig_general.o(.text) for __default_signal_display
    defsig_segv_inner.o(.text) refers to defsig_general.o(.text) for __default_signal_display
    defsig_other.o(.text) refers to defsig_general.o(.text) for __default_signal_display


==============================================================================

Removing Unused input sections from the image.

    Removing buttons.o(.text), (0 bytes).
    Removing buttons.o(.ARM.exidx.text.buttons_init), (8 bytes).
    Removing buttons.o(.ARM.exidx.text.choose_row), (8 bytes).
    Removing buttons.o(.ARM.exidx.text.print_button), (8 bytes).
    Removing buttons.o(.ARM.exidx.text.inttostring), (8 bytes).
    Removing i2c.o(.text), (0 bytes).
    Removing i2c.o(.ARM.exidx.text.I2C_Init), (8 bytes).
    Removing i2c.o(.ARM.exidx.text.I2C_Write), (8 bytes).
    Removing i2c.o(.ARM.exidx.text.i2c_enable), (8 bytes).
    Removing i2c.o(.ARM.exidx.text.i2c_tran), (8 bytes).
    Removing i2c.o(.ARM.exidx.text.i2c_m_start), (8 bytes).
    Removing i2c.o(.ARM.exidx.text.i2c_send), (8 bytes).
    Removing i2c.o(.ARM.exidx.text.i2c_wait), (8 bytes).
    Removing i2c.o(.ARM.exidx.text.i2c_m_stop), (8 bytes).
    Removing i2c.o(.ARM.exidx.text.i2c_disable), (8 bytes).
    Removing i2c.o(.text.i2c_m_rstart), (16 bytes).
    Removing i2c.o(.ARM.exidx.text.i2c_m_rstart), (8 bytes).
    Removing main.o(.text), (0 bytes).
    Removing main.o(.ARM.exidx.text.PIT_IRQHandler), (8 bytes).
    Removing main.o(.ARM.exidx.text.__NVIC_ClearPendingIRQ), (8 bytes).
    Removing main.o(.ARM.exidx.text.main), (8 bytes).
    Removing main.o(.ARM.use_no_argv), (4 bytes).
    Removing pit.o(.text), (0 bytes).
    Removing pit.o(.ARM.exidx.text.PIT_Init), (8 bytes).
    Removing pit.o(.ARM.exidx.text.__NVIC_ClearPendingIRQ), (8 bytes).
    Removing pit.o(.ARM.exidx.text.__NVIC_EnableIRQ), (8 bytes).
    Removing lcd1602.o(.text), (0 bytes).
    Removing lcd1602.o(.ARM.exidx.text.LCD1602_Init), (8 bytes).
    Removing lcd1602.o(.ARM.exidx.text.LCD1602_CheckAddress), (8 bytes).
    Removing lcd1602.o(.ARM.exidx.text.LCD1602_Write8), (8 bytes).
    Removing lcd1602.o(.ARM.exidx.text.LCD1602_SetCursor), (8 bytes).
    Removing lcd1602.o(.text.LCD1602_ClearAll), (12 bytes).
    Removing lcd1602.o(.ARM.exidx.text.LCD1602_ClearAll), (8 bytes).
    Removing lcd1602.o(.ARM.exidx.text.LCD1602_Print), (8 bytes).
    Removing lcd1602.o(.text.LCD1602_PrintNum), (44 bytes).
    Removing lcd1602.o(.ARM.exidx.text.LCD1602_PrintNum), (8 bytes).
    Removing lcd1602.o(.text.itoa), (118 bytes).
    Removing lcd1602.o(.ARM.exidx.text.itoa), (8 bytes).
    Removing lcd1602.o(.ARM.exidx.text.LCD1602_Backlight), (8 bytes).
    Removing lcd1602.o(.ARM.exidx.text.PCF8574_Write), (8 bytes).
    Removing lcd1602.o(.ARM.exidx.text.LCD1602_Write4), (8 bytes).
    Removing calc.o(.text), (0 bytes).
    Removing calc.o(.ARM.exidx.text.calculator), (8 bytes).
    Removing calc.o(.ARM.exidx.text.getResult), (8 bytes).
    Removing calc.o(.text.ParseString), (106 bytes).
    Removing calc.o(.ARM.exidx.text.ParseString), (8 bytes).
    Removing rtc.o(.text), (0 bytes).
    Removing rtc.o(.text.rtc_init), (52 bytes).
    Removing rtc.o(.ARM.exidx.text.rtc_init), (8 bytes).
    Removing rtc.o(.text.rtc_reset), (32 bytes).
    Removing rtc.o(.ARM.exidx.text.rtc_reset), (8 bytes).
    Removing rtc.o(.text.rtc_update), (12 bytes).
    Removing rtc.o(.ARM.exidx.text.rtc_update), (8 bytes).
    Removing system_mkl05z4.o(.text), (0 bytes).
    Removing system_mkl05z4.o(.ARM.exidx.text.SystemInit), (8 bytes).
    Removing system_mkl05z4.o(.text.SystemCoreClockUpdate), (184 bytes).
    Removing system_mkl05z4.o(.ARM.exidx.text.SystemCoreClockUpdate), (8 bytes).

57 unused section(s) (total 892 bytes) removed from the image.

==============================================================================

Image Symbol Table

    Local Symbols

    Symbol Name                              Value     Ov Type        Size  Object(Section)

    ../clib/angel/boardlib.s                 0x00000000   Number         0  boardinit1.o ABSOLUTE
    ../clib/angel/boardlib.s                 0x00000000   Number         0  boardinit2.o ABSOLUTE
    ../clib/angel/boardlib.s                 0x00000000   Number         0  boardinit3.o ABSOLUTE
    ../clib/angel/boardlib.s                 0x00000000   Number         0  boardshut.o ABSOLUTE
    ../clib/angel/handlers.s                 0x00000000   Number         0  __scatter_copy.o ABSOLUTE
    ../clib/angel/handlers.s                 0x00000000   Number         0  __scatter_zi.o ABSOLUTE
    ../clib/angel/kernel.s                   0x00000000   Number         0  __rtentry.o ABSOLUTE
    ../clib/angel/kernel.s                   0x00000000   Number         0  __rtentry2.o ABSOLUTE
    ../clib/angel/kernel.s                   0x00000000   Number         0  __rtentry4.o ABSOLUTE
    ../clib/angel/kernel.s                   0x00000000   Number         0  rtexit.o ABSOLUTE
    ../clib/angel/kernel.s                   0x00000000   Number         0  rtexit2.o ABSOLUTE
    ../clib/angel/rt.s                       0x00000000   Number         0  aeabi_idiv0.o ABSOLUTE
    ../clib/angel/rt.s                       0x00000000   Number         0  aeabi_idiv0_sigfpe.o ABSOLUTE
    ../clib/angel/rt.s                       0x00000000   Number         0  rt_errno_addr.o ABSOLUTE
    ../clib/angel/rt.s                       0x00000000   Number         0  rt_errno_addr_intlibspace.o ABSOLUTE
    ../clib/angel/rt.s                       0x00000000   Number         0  rt_ctype_table.o ABSOLUTE
    ../clib/angel/rt.s                       0x00000000   Number         0  rt_div0.o ABSOLUTE
    ../clib/angel/rt.s                       0x00000000   Number         0  rt_locale.o ABSOLUTE
    ../clib/angel/rt.s                       0x00000000   Number         0  rt_locale_intlibspace.o ABSOLUTE
    ../clib/angel/rt.s                       0x00000000   Number         0  rt_raise.o ABSOLUTE
    ../clib/angel/scatterp.s                 0x00000000   Number         0  __scatter.o ABSOLUTE
    ../clib/angel/startup.s                  0x00000000   Number         0  __main.o ABSOLUTE
    ../clib/angel/sys.s                      0x00000000   Number         0  libspace.o ABSOLUTE
    ../clib/angel/sys.s                      0x00000000   Number         0  sys_stackheap_outer.o ABSOLUTE
    ../clib/angel/sys.s                      0x00000000   Number         0  tempstk.o ABSOLUTE
    ../clib/angel/sys.s                      0x00000000   Number         0  use_no_semi.o ABSOLUTE
    ../clib/angel/sys.s                      0x00000000   Number         0  indicate_semi.o ABSOLUTE
    ../clib/angel/sysapp.c                   0x00000000   Number         0  sys_exit.o ABSOLUTE
    ../clib/angel/sysapp.c                   0x00000000   Number         0  sys_exit_hlt.o ABSOLUTE
    ../clib/angel/sysapp.c                   0x00000000   Number         0  sys_wrch.o ABSOLUTE
    ../clib/angel/sysapp.c                   0x00000000   Number         0  sys_wrch_hlt.o ABSOLUTE
    ../clib/angel/sysapp.c                   0x00000000   Number         0  sys_command.o ABSOLUTE
    ../clib/angel/sysapp.c                   0x00000000   Number         0  sys_command_hlt.o ABSOLUTE
    ../clib/armsys.c                         0x00000000   Number         0  argv_veneer.o ABSOLUTE
    ../clib/armsys.c                         0x00000000   Number         0  _get_argv_nomalloc.o ABSOLUTE
    ../clib/armsys.c                         0x00000000   Number         0  no_argv.o ABSOLUTE
    ../clib/division.s                       0x00000000   Number         0  aeabi_sdivfast.o ABSOLUTE
    ../clib/division.s                       0x00000000   Number         0  aeabi_sdivfast_div0.o ABSOLUTE
    ../clib/heapalloc.c                      0x00000000   Number         0  hrguard.o ABSOLUTE
    ../clib/heapaux.c                        0x00000000   Number         0  heapauxi.o ABSOLUTE
    ../clib/libinit.s                        0x00000000   Number         0  libinit.o ABSOLUTE
    ../clib/libinit.s                        0x00000000   Number         0  libinit2.o ABSOLUTE
    ../clib/libinit.s                        0x00000000   Number         0  libshutdown.o ABSOLUTE
    ../clib/libinit.s                        0x00000000   Number         0  libshutdown2.o ABSOLUTE
    ../clib/locale.s                         0x00000000   Number         0  lc_ctype_c.o ABSOLUTE
    ../clib/memcpset.s                       0x00000000   Number         0  strcmpv6m.o ABSOLUTE
    ../clib/scanf.c                          0x00000000   Number         0  atoi.o ABSOLUTE
    ../clib/scanf.c                          0x00000000   Number         0  strtol.o ABSOLUTE
    ../clib/scanf.c                          0x00000000   Number         0  _strtoul.o ABSOLUTE
    ../clib/scanf.c                          0x00000000   Number         0  _chval.o ABSOLUTE
    ../clib/signal.c                         0x00000000   Number         0  defsig_fpe_outer.o ABSOLUTE
    ../clib/signal.c                         0x00000000   Number         0  defsig_fpe_formal.o ABSOLUTE
    ../clib/signal.c                         0x00000000   Number         0  defsig_exit.o ABSOLUTE
    ../clib/signal.c                         0x00000000   Number         0  defsig_fpe_inner.o ABSOLUTE
    ../clib/signal.c                         0x00000000   Number         0  __raise.o ABSOLUTE
    ../clib/signal.c                         0x00000000   Number         0  defsig_general.o ABSOLUTE
    ../clib/signal.c                         0x00000000   Number         0  defsig_abrt_inner.o ABSOLUTE
    ../clib/signal.c                         0x00000000   Number         0  defsig_rtred_inner.o ABSOLUTE
    ../clib/signal.c                         0x00000000   Number         0  defsig_rtmem_inner.o ABSOLUTE
    ../clib/signal.c                         0x00000000   Number         0  defsig_rtmem_outer.o ABSOLUTE
    ../clib/signal.c                         0x00000000   Number         0  defsig_rtmem_formal.o ABSOLUTE
    ../clib/signal.c                         0x00000000   Number         0  defsig_stak_inner.o ABSOLUTE
    ../clib/signal.c                         0x00000000   Number         0  defsig_pvfn_inner.o ABSOLUTE
    ../clib/signal.c                         0x00000000   Number         0  defsig_cppl_inner.o ABSOLUTE
    ../clib/signal.c                         0x00000000   Number         0  defsig_segv_inner.o ABSOLUTE
    ../clib/signal.c                         0x00000000   Number         0  defsig_other.o ABSOLUTE
    ../clib/signal.s                         0x00000000   Number         0  defsig.o ABSOLUTE
    ../clib/stdlib.c                         0x00000000   Number         0  exit.o ABSOLUTE
    ../clib/string.c                         0x00000000   Number         0  strtok.o ABSOLUTE
    ../clib/string.c                         0x00000000   Number         0  strcpy.o ABSOLUTE
    ../clib/string.c                         0x00000000   Number         0  strtok_int.o ABSOLUTE
    ../clib/string.c                         0x00000000   Number         0  strcspn.o ABSOLUTE
    ../clib/string.c                         0x00000000   Number         0  strspn.o ABSOLUTE
    ../fplib/cfplib/fpinit.c                 0x00000000   Number         0  fpinit.o ABSOLUTE
    RTE/Device/MKL05Z32xxx4/startup_MKL05Z4.s 0x00000000   Number         0  startup_mkl05z4.o ABSOLUTE
    buttons.c                                0x00000000   Number         0  buttons.o ABSOLUTE
    calc.c                                   0x00000000   Number         0  calc.o ABSOLUTE
    dc.s                                     0x00000000   Number         0  dc.o ABSOLUTE
    i2c.c                                    0x00000000   Number         0  i2c.o ABSOLUTE
    lcd1602.c                                0x00000000   Number         0  lcd1602.o ABSOLUTE
    main.c                                   0x00000000   Number         0  main.o ABSOLUTE
    pit.c                                    0x00000000   Number         0  pit.o ABSOLUTE
    rtc.c                                    0x00000000   Number         0  rtc.o ABSOLUTE
    system_MKL05Z4.c                         0x00000000   Number         0  system_mkl05z4.o ABSOLUTE
    RESET                                    0x00000000   Section      192  startup_mkl05z4.o(RESET)
    !!!main                                  0x000000c0   Section        8  __main.o(!!!main)
    !!!scatter                               0x000000c8   Section       60  __scatter.o(!!!scatter)
    !!handler_copy                           0x00000104   Section       26  __scatter_copy.o(!!handler_copy)
    !!handler_zi                             0x00000120   Section       28  __scatter_zi.o(!!handler_zi)
    .ARM.Collect$$libinit$$00000000          0x0000013c   Section        2  libinit.o(.ARM.Collect$$libinit$$00000000)
    .ARM.Collect$$libinit$$00000002          0x0000013e   Section        0  libinit2.o(.ARM.Collect$$libinit$$00000002)
    .ARM.Collect$$libinit$$00000004          0x0000013e   Section        0  libinit2.o(.ARM.Collect$$libinit$$00000004)
    .ARM.Collect$$libinit$$0000000A          0x0000013e   Section        0  libinit2.o(.ARM.Collect$$libinit$$0000000A)
    .ARM.Collect$$libinit$$0000000C          0x0000013e   Section        0  libinit2.o(.ARM.Collect$$libinit$$0000000C)
    .ARM.Collect$$libinit$$0000000E          0x0000013e   Section        0  libinit2.o(.ARM.Collect$$libinit$$0000000E)
    .ARM.Collect$$libinit$$0000000F          0x0000013e   Section        6  libinit2.o(.ARM.Collect$$libinit$$0000000F)
    .ARM.Collect$$libinit$$00000011          0x00000144   Section        0  libinit2.o(.ARM.Collect$$libinit$$00000011)
    .ARM.Collect$$libinit$$00000012          0x00000144   Section       12  libinit2.o(.ARM.Collect$$libinit$$00000012)
    .ARM.Collect$$libinit$$00000013          0x00000150   Section        0  libinit2.o(.ARM.Collect$$libinit$$00000013)
    .ARM.Collect$$libinit$$00000015          0x00000150   Section        0  libinit2.o(.ARM.Collect$$libinit$$00000015)
    .ARM.Collect$$libinit$$00000017          0x00000150   Section        0  libinit2.o(.ARM.Collect$$libinit$$00000017)
    .ARM.Collect$$libinit$$00000019          0x00000150   Section        0  libinit2.o(.ARM.Collect$$libinit$$00000019)
    .ARM.Collect$$libinit$$0000001B          0x00000150   Section        0  libinit2.o(.ARM.Collect$$libinit$$0000001B)
    .ARM.Collect$$libinit$$0000001D          0x00000150   Section        0  libinit2.o(.ARM.Collect$$libinit$$0000001D)
    .ARM.Collect$$libinit$$0000001F          0x00000150   Section        0  libinit2.o(.ARM.Collect$$libinit$$0000001F)
    .ARM.Collect$$libinit$$00000021          0x00000150   Section        0  libinit2.o(.ARM.Collect$$libinit$$00000021)
    .ARM.Collect$$libinit$$00000023          0x00000150   Section        0  libinit2.o(.ARM.Collect$$libinit$$00000023)
    .ARM.Collect$$libinit$$00000025          0x00000150   Section        0  libinit2.o(.ARM.Collect$$libinit$$00000025)
    .ARM.Collect$$libinit$$0000002C          0x00000150   Section        0  libinit2.o(.ARM.Collect$$libinit$$0000002C)
    .ARM.Collect$$libinit$$0000002E          0x00000150   Section        0  libinit2.o(.ARM.Collect$$libinit$$0000002E)
    .ARM.Collect$$libinit$$00000030          0x00000150   Section        0  libinit2.o(.ARM.Collect$$libinit$$00000030)
    .ARM.Collect$$libinit$$00000032          0x00000150   Section        0  libinit2.o(.ARM.Collect$$libinit$$00000032)
    .ARM.Collect$$libinit$$00000033          0x00000150   Section        2  libinit2.o(.ARM.Collect$$libinit$$00000033)
    .ARM.Collect$$libshutdown$$00000000      0x00000152   Section        2  libshutdown.o(.ARM.Collect$$libshutdown$$00000000)
    .ARM.Collect$$libshutdown$$00000002      0x00000154   Section        0  libshutdown2.o(.ARM.Collect$$libshutdown$$00000002)
    .ARM.Collect$$libshutdown$$00000004      0x00000154   Section        0  libshutdown2.o(.ARM.Collect$$libshutdown$$00000004)
    .ARM.Collect$$libshutdown$$00000007      0x00000154   Section        0  libshutdown2.o(.ARM.Collect$$libshutdown$$00000007)
    .ARM.Collect$$libshutdown$$0000000A      0x00000154   Section        0  libshutdown2.o(.ARM.Collect$$libshutdown$$0000000A)
    .ARM.Collect$$libshutdown$$0000000C      0x00000154   Section        0  libshutdown2.o(.ARM.Collect$$libshutdown$$0000000C)
    .ARM.Collect$$libshutdown$$0000000F      0x00000154   Section        0  libshutdown2.o(.ARM.Collect$$libshutdown$$0000000F)
    .ARM.Collect$$libshutdown$$00000010      0x00000154   Section        2  libshutdown2.o(.ARM.Collect$$libshutdown$$00000010)
    .ARM.Collect$$rtentry$$00000000          0x00000156   Section        0  __rtentry.o(.ARM.Collect$$rtentry$$00000000)
    .ARM.Collect$$rtentry$$00000002          0x00000156   Section        0  __rtentry2.o(.ARM.Collect$$rtentry$$00000002)
    .ARM.Collect$$rtentry$$00000004          0x00000156   Section        6  __rtentry4.o(.ARM.Collect$$rtentry$$00000004)
    .ARM.Collect$$rtentry$$00000009          0x0000015c   Section        0  __rtentry2.o(.ARM.Collect$$rtentry$$00000009)
    .ARM.Collect$$rtentry$$0000000A          0x0000015c   Section        4  __rtentry2.o(.ARM.Collect$$rtentry$$0000000A)
    .ARM.Collect$$rtentry$$0000000C          0x00000160   Section        0  __rtentry2.o(.ARM.Collect$$rtentry$$0000000C)
    .ARM.Collect$$rtentry$$0000000D          0x00000160   Section        8  __rtentry2.o(.ARM.Collect$$rtentry$$0000000D)
    .ARM.Collect$$rtexit$$00000000           0x00000168   Section        2  rtexit.o(.ARM.Collect$$rtexit$$00000000)
    .ARM.Collect$$rtexit$$00000002           0x0000016a   Section        0  rtexit2.o(.ARM.Collect$$rtexit$$00000002)
    .ARM.Collect$$rtexit$$00000003           0x0000016a   Section        4  rtexit2.o(.ARM.Collect$$rtexit$$00000003)
    .ARM.Collect$$rtexit$$00000004           0x0000016e   Section        6  rtexit2.o(.ARM.Collect$$rtexit$$00000004)
    .text                                    0x00000174   Section       52  startup_mkl05z4.o(.text)
    .text                                    0x000001a8   Section        0  atoi.o(.text)
    .text                                    0x000001c4   Section        0  strtok.o(.text)
    .text                                    0x000001d4   Section        0  strcpy.o(.text)
    .text                                    0x00000220   Section        0  heapauxi.o(.text)
    .text                                    0x00000228   Section        8  rt_errno_addr_intlibspace.o(.text)
    .text                                    0x00000230   Section        0  strtol.o(.text)
    .text                                    0x000002a0   Section        0  strtok_int.o(.text)
    .text                                    0x000002e8   Section        8  libspace.o(.text)
    .text                                    0x000002f0   Section       16  rt_ctype_table.o(.text)
    .text                                    0x00000300   Section        0  _strtoul.o(.text)
    .text                                    0x000003a6   Section        0  strcspn.o(.text)
    .text                                    0x000003c8   Section        0  strspn.o(.text)
    .text                                    0x000003e8   Section        8  rt_locale_intlibspace.o(.text)
    .text                                    0x000003f0   Section        0  exit.o(.text)
    .ARM.__at_0x400                          0x00000400   Section       16  startup_mkl05z4.o(.ARM.__at_0x400)
    .text                                    0x00000410   Section       62  sys_stackheap_outer.o(.text)
    .text                                    0x0000044e   Section        0  _chval.o(.text)
    .text                                    0x0000046c   Section      176  strcmpv6m.o(.text)
    .text                                    0x0000051c   Section        0  sys_exit.o(.text)
    .text                                    0x00000528   Section        2  use_no_semi.o(.text)
    .text                                    0x0000052a   Section        0  indicate_semi.o(.text)
    [Anonymous Symbol]                       0x0000052c   Section        0  i2c.o(.text.I2C_Init)
    __arm_cp.0_0                             0x0000058c   Number         4  i2c.o(.text.I2C_Init)
    __arm_cp.0_1                             0x00000590   Number         4  i2c.o(.text.I2C_Init)
    __arm_cp.0_2                             0x00000594   Number         4  i2c.o(.text.I2C_Init)
    [Anonymous Symbol]                       0x00000598   Section        0  i2c.o(.text.I2C_Write)
    __arm_cp.1_0                             0x000005d4   Number         4  i2c.o(.text.I2C_Write)
    [Anonymous Symbol]                       0x000005d8   Section        0  lcd1602.o(.text.LCD1602_Backlight)
    [Anonymous Symbol]                       0x000005e8   Section        0  lcd1602.o(.text.LCD1602_CheckAddress)
    [Anonymous Symbol]                       0x00000610   Section        0  lcd1602.o(.text.LCD1602_Init)
    __arm_cp.0_0                             0x00000658   Number         4  lcd1602.o(.text.LCD1602_Init)
    [Anonymous Symbol]                       0x0000065c   Section        0  lcd1602.o(.text.LCD1602_Print)
    [Anonymous Symbol]                       0x0000067c   Section        0  lcd1602.o(.text.LCD1602_SetCursor)
    [Anonymous Symbol]                       0x00000694   Section        0  lcd1602.o(.text.LCD1602_Write4)
    __arm_cp.10_0                            0x000006b8   Number         4  lcd1602.o(.text.LCD1602_Write4)
    [Anonymous Symbol]                       0x000006bc   Section        0  lcd1602.o(.text.LCD1602_Write8)
    [Anonymous Symbol]                       0x000006d8   Section        0  lcd1602.o(.text.PCF8574_Write)
    __arm_cp.9_0                             0x000006fc   Number         4  lcd1602.o(.text.PCF8574_Write)
    __arm_cp.9_1                             0x00000700   Number         4  lcd1602.o(.text.PCF8574_Write)
    [Anonymous Symbol]                       0x00000704   Section        0  main.o(.text.PIT_IRQHandler)
    __arm_cp.0_0                             0x00000728   Number         4  main.o(.text.PIT_IRQHandler)
    __arm_cp.0_1                             0x0000072c   Number         4  main.o(.text.PIT_IRQHandler)
    [Anonymous Symbol]                       0x00000730   Section        0  pit.o(.text.PIT_Init)
    __arm_cp.0_0                             0x00000764   Number         4  pit.o(.text.PIT_Init)
    __arm_cp.0_1                             0x00000768   Number         4  pit.o(.text.PIT_Init)
    __arm_cp.0_2                             0x0000076c   Number         4  pit.o(.text.PIT_Init)
    __arm_cp.0_3                             0x00000770   Number         4  pit.o(.text.PIT_Init)
    [Anonymous Symbol]                       0x00000774   Section        0  system_mkl05z4.o(.text.SystemInit)
    __arm_cp.0_0                             0x000007b0   Number         4  system_mkl05z4.o(.text.SystemInit)
    __arm_cp.0_1                             0x000007b4   Number         4  system_mkl05z4.o(.text.SystemInit)
    __arm_cp.0_2                             0x000007b8   Number         4  system_mkl05z4.o(.text.SystemInit)
    __arm_cp.0_3                             0x000007bc   Number         4  system_mkl05z4.o(.text.SystemInit)
    __NVIC_ClearPendingIRQ                   0x000007c1   Thumb Code    12  main.o(.text.__NVIC_ClearPendingIRQ)
    [Anonymous Symbol]                       0x000007c0   Section        0  main.o(.text.__NVIC_ClearPendingIRQ)
    __NVIC_ClearPendingIRQ                   0x000007cd   Thumb Code    16  pit.o(.text.__NVIC_ClearPendingIRQ)
    [Anonymous Symbol]                       0x000007cc   Section        0  pit.o(.text.__NVIC_ClearPendingIRQ)
    __arm_cp.1_0                             0x000007d8   Number         4  pit.o(.text.__NVIC_ClearPendingIRQ)
    __NVIC_EnableIRQ                         0x000007dd   Thumb Code    16  pit.o(.text.__NVIC_EnableIRQ)
    [Anonymous Symbol]                       0x000007dc   Section        0  pit.o(.text.__NVIC_EnableIRQ)
    __arm_cp.2_0                             0x000007e8   Number         4  pit.o(.text.__NVIC_EnableIRQ)
    [Anonymous Symbol]                       0x000007ec   Section        0  buttons.o(.text.buttons_init)
    __arm_cp.0_0                             0x00000878   Number         4  buttons.o(.text.buttons_init)
    __arm_cp.0_1                             0x0000087c   Number         4  buttons.o(.text.buttons_init)
    __arm_cp.0_2                             0x00000880   Number         4  buttons.o(.text.buttons_init)
    [Anonymous Symbol]                       0x00000884   Section        0  calc.o(.text.calculator)
    __arm_cp.0_0                             0x00000964   Number         4  calc.o(.text.calculator)
    __arm_cp.0_1                             0x00000968   Number         4  calc.o(.text.calculator)
    __arm_cp.0_2                             0x0000096c   Number         4  calc.o(.text.calculator)
    __arm_cp.0_3                             0x00000970   Number         4  calc.o(.text.calculator)
    __arm_cp.0_4                             0x00000974   Number         4  calc.o(.text.calculator)
    [Anonymous Symbol]                       0x0000097c   Section        0  buttons.o(.text.choose_row)
    __arm_cp.1_0                             0x00000a14   Number         4  buttons.o(.text.choose_row)
    [Anonymous Symbol]                       0x00000a18   Section        0  calc.o(.text.getResult)
    __arm_cp.1_0                             0x00000ae4   Number         4  calc.o(.text.getResult)
    __arm_cp.1_1                             0x00000ae8   Number         4  calc.o(.text.getResult)
    [Anonymous Symbol]                       0x00000aec   Section        0  i2c.o(.text.i2c_disable)
    [Anonymous Symbol]                       0x00000af8   Section        0  i2c.o(.text.i2c_enable)
    [Anonymous Symbol]                       0x00000b04   Section        0  i2c.o(.text.i2c_m_start)
    [Anonymous Symbol]                       0x00000b10   Section        0  i2c.o(.text.i2c_m_stop)
    [Anonymous Symbol]                       0x00000b1c   Section        0  i2c.o(.text.i2c_send)
    __arm_cp.5_0                             0x00000b24   Number         4  i2c.o(.text.i2c_send)
    [Anonymous Symbol]                       0x00000b28   Section        0  i2c.o(.text.i2c_tran)
    __arm_cp.3_0                             0x00000b34   Number         4  i2c.o(.text.i2c_tran)
    [Anonymous Symbol]                       0x00000b38   Section        0  i2c.o(.text.i2c_wait)
    __arm_cp.6_0                             0x00000b78   Number         4  i2c.o(.text.i2c_wait)
    __arm_cp.6_1                             0x00000b7c   Number         4  i2c.o(.text.i2c_wait)
    __arm_cp.6_2                             0x00000b80   Number         4  i2c.o(.text.i2c_wait)
    [Anonymous Symbol]                       0x00000b84   Section        0  buttons.o(.text.inttostring)
    [Anonymous Symbol]                       0x00000bec   Section        0  main.o(.text.main)
    __arm_cp.2_0                             0x00000c34   Number         4  main.o(.text.main)
    [Anonymous Symbol]                       0x00000c38   Section        0  buttons.o(.text.print_button)
    __arm_cp.2_0                             0x00000c70   Number         4  buttons.o(.text.print_button)
    __arm_cp.2_1                             0x00000c74   Number         4  buttons.o(.text.print_button)
    .text_divfast                            0x00000c78   Section      502  aeabi_sdivfast.o(.text_divfast)
    locale$$code                             0x00000e70   Section       44  lc_ctype_c.o(locale$$code)
    .L.str                                   0x00000e9c   Data          17  calc.o(.rodata.str1.1)
    [Anonymous Symbol]                       0x00000e9c   Section        0  calc.o(.rodata.str1.1)
    .L.str.2                                 0x00000ead   Data           5  calc.o(.rodata.str1.1)
    .L.str.3                                 0x00000eb2   Data          11  calc.o(.rodata.str1.1)
    locale$$data                             0x00000ee0   Section      272  lc_ctype_c.o(locale$$data)
    __lcctype_c_name                         0x00000ee4   Data           2  lc_ctype_c.o(locale$$data)
    __lcctype_c_start                        0x00000eec   Data           0  lc_ctype_c.o(locale$$data)
    __lcctype_c_end                          0x00000ff0   Data           0  lc_ctype_c.o(locale$$data)
    _strtok_saves1                           0x1ffffc00   Data           4  strtok.o(.data)
    .data                                    0x1ffffc00   Section        4  strtok.o(.data)
    lcd_backlight                            0x1ffffc08   Data           1  lcd1602.o(.data.lcd_backlight)
    [Anonymous Symbol]                       0x1ffffc08   Section        0  lcd1602.o(.data.lcd_backlight)
    .bss                                     0x1ffffc20   Section       96  libspace.o(.bss)
    error                                    0x1ffffc84   Data           1  i2c.o(.bss.error)
    [Anonymous Symbol]                       0x1ffffc84   Section        0  i2c.o(.bss.error)
    pcf_address                              0x1ffffc86   Data           1  lcd1602.o(.bss.pcf_address)
    [Anonymous Symbol]                       0x1ffffc86   Section        0  lcd1602.o(.bss.pcf_address)
    Heap_Mem                                 0x1ffffca8   Data           0  startup_mkl05z4.o(HEAP)
    Stack_Mem                                0x1ffffca8   Data         256  startup_mkl05z4.o(STACK)
    HEAP                                     0x1ffffca8   Section        0  startup_mkl05z4.o(HEAP)
    STACK                                    0x1ffffca8   Section      256  startup_mkl05z4.o(STACK)
    __initial_sp                             0x1ffffda8   Data           0  startup_mkl05z4.o(STACK)

    Global Symbols

    Symbol Name                              Value     Ov Type        Size  Object(Section)

    BuildAttributes$$THM_ISAv3M$S$PE$A:L22$X:L11$S22$IEEE1$IW$~IW$USESV6$~STKCKD$USESV7$~SHL$OTIME$ROPI$EBA8$UX$STANDARDLIB$REQ8$PRES8$EABIv2 0x00000000   Number         0  anon$$obj.o ABSOLUTE
    __Vectors                                0x00000000   Data           4  startup_mkl05z4.o(RESET)
    __ARM_exceptions_init                     - Undefined Weak Reference
    __alloca_initialize                       - Undefined Weak Reference
    __arm_preinit_                            - Undefined Weak Reference
    __cpp_initialize__aeabi_                  - Undefined Weak Reference
    __cxa_finalize                            - Undefined Weak Reference
    __sigvec_lookup                           - Undefined Weak Reference
    _atexit_init                              - Undefined Weak Reference
    _call_atexit_fns                          - Undefined Weak Reference
    _clock_init                               - Undefined Weak Reference
    _fp_trap_init                             - Undefined Weak Reference
    _fp_trap_shutdown                         - Undefined Weak Reference
    _get_lc_collate                           - Undefined Weak Reference
    _get_lc_monetary                          - Undefined Weak Reference
    _get_lc_numeric                           - Undefined Weak Reference
    _get_lc_time                              - Undefined Weak Reference
    _getenv_init                              - Undefined Weak Reference
    _handle_redirection                       - Undefined Weak Reference
    _init_alloc                               - Undefined Weak Reference
    _init_user_alloc                          - Undefined Weak Reference
    _initio                                   - Undefined Weak Reference
    _rand_init                                - Undefined Weak Reference
    _signal_finish                            - Undefined Weak Reference
    _signal_init                              - Undefined Weak Reference
    _terminate_alloc                          - Undefined Weak Reference
    _terminate_user_alloc                     - Undefined Weak Reference
    _terminateio                              - Undefined Weak Reference
    __Vectors_End                            0x000000c0   Data           0  startup_mkl05z4.o(RESET)
    __Vectors_Size                           0x000000c0   Number         0  startup_mkl05z4.o ABSOLUTE
    __main                                   0x000000c1   Thumb Code     8  __main.o(!!!main)
    __scatterload                            0x000000c9   Thumb Code     0  __scatter.o(!!!scatter)
    __scatterload_rt2                        0x000000c9   Thumb Code    52  __scatter.o(!!!scatter)
    __scatterload_rt2_thumb_only             0x000000c9   Thumb Code     0  __scatter.o(!!!scatter)
    __scatterload_null                       0x000000d9   Thumb Code     0  __scatter.o(!!!scatter)
    __scatterload_copy                       0x00000105   Thumb Code    26  __scatter_copy.o(!!handler_copy)
    __scatterload_zeroinit                   0x00000121   Thumb Code    28  __scatter_zi.o(!!handler_zi)
    __rt_lib_init                            0x0000013d   Thumb Code     0  libinit.o(.ARM.Collect$$libinit$$00000000)
    __rt_lib_init_fp_1                       0x0000013f   Thumb Code     0  libinit2.o(.ARM.Collect$$libinit$$00000002)
    __rt_lib_init_heap_1                     0x0000013f   Thumb Code     0  libinit2.o(.ARM.Collect$$libinit$$0000000A)
    __rt_lib_init_lc_common                  0x0000013f   Thumb Code     0  libinit2.o(.ARM.Collect$$libinit$$0000000F)
    __rt_lib_init_preinit_1                  0x0000013f   Thumb Code     0  libinit2.o(.ARM.Collect$$libinit$$00000004)
    __rt_lib_init_rand_1                     0x0000013f   Thumb Code     0  libinit2.o(.ARM.Collect$$libinit$$0000000E)
    __rt_lib_init_user_alloc_1               0x0000013f   Thumb Code     0  libinit2.o(.ARM.Collect$$libinit$$0000000C)
    __rt_lib_init_lc_collate_1               0x00000145   Thumb Code     0  libinit2.o(.ARM.Collect$$libinit$$00000011)
    __rt_lib_init_lc_ctype_2                 0x00000145   Thumb Code     0  libinit2.o(.ARM.Collect$$libinit$$00000012)
    __rt_lib_init_alloca_1                   0x00000151   Thumb Code     0  libinit2.o(.ARM.Collect$$libinit$$0000002E)
    __rt_lib_init_argv_1                     0x00000151   Thumb Code     0  libinit2.o(.ARM.Collect$$libinit$$0000002C)
    __rt_lib_init_atexit_1                   0x00000151   Thumb Code     0  libinit2.o(.ARM.Collect$$libinit$$0000001B)
    __rt_lib_init_clock_1                    0x00000151   Thumb Code     0  libinit2.o(.ARM.Collect$$libinit$$00000021)
    __rt_lib_init_cpp_1                      0x00000151   Thumb Code     0  libinit2.o(.ARM.Collect$$libinit$$00000032)
    __rt_lib_init_exceptions_1               0x00000151   Thumb Code     0  libinit2.o(.ARM.Collect$$libinit$$00000030)
    __rt_lib_init_fp_trap_1                  0x00000151   Thumb Code     0  libinit2.o(.ARM.Collect$$libinit$$0000001F)
    __rt_lib_init_getenv_1                   0x00000151   Thumb Code     0  libinit2.o(.ARM.Collect$$libinit$$00000023)
    __rt_lib_init_lc_ctype_1                 0x00000151   Thumb Code     0  libinit2.o(.ARM.Collect$$libinit$$00000013)
    __rt_lib_init_lc_monetary_1              0x00000151   Thumb Code     0  libinit2.o(.ARM.Collect$$libinit$$00000015)
    __rt_lib_init_lc_numeric_1               0x00000151   Thumb Code     0  libinit2.o(.ARM.Collect$$libinit$$00000017)
    __rt_lib_init_lc_time_1                  0x00000151   Thumb Code     0  libinit2.o(.ARM.Collect$$libinit$$00000019)
    __rt_lib_init_return                     0x00000151   Thumb Code     0  libinit2.o(.ARM.Collect$$libinit$$00000033)
    __rt_lib_init_signal_1                   0x00000151   Thumb Code     0  libinit2.o(.ARM.Collect$$libinit$$0000001D)
    __rt_lib_init_stdio_1                    0x00000151   Thumb Code     0  libinit2.o(.ARM.Collect$$libinit$$00000025)
    __rt_lib_shutdown                        0x00000153   Thumb Code     0  libshutdown.o(.ARM.Collect$$libshutdown$$00000000)
    __rt_lib_shutdown_cpp_1                  0x00000155   Thumb Code     0  libshutdown2.o(.ARM.Collect$$libshutdown$$00000002)
    __rt_lib_shutdown_fp_trap_1              0x00000155   Thumb Code     0  libshutdown2.o(.ARM.Collect$$libshutdown$$00000007)
    __rt_lib_shutdown_heap_1                 0x00000155   Thumb Code     0  libshutdown2.o(.ARM.Collect$$libshutdown$$0000000F)
    __rt_lib_shutdown_return                 0x00000155   Thumb Code     0  libshutdown2.o(.ARM.Collect$$libshutdown$$00000010)
    __rt_lib_shutdown_signal_1               0x00000155   Thumb Code     0  libshutdown2.o(.ARM.Collect$$libshutdown$$0000000A)
    __rt_lib_shutdown_stdio_1                0x00000155   Thumb Code     0  libshutdown2.o(.ARM.Collect$$libshutdown$$00000004)
    __rt_lib_shutdown_user_alloc_1           0x00000155   Thumb Code     0  libshutdown2.o(.ARM.Collect$$libshutdown$$0000000C)
    __rt_entry                               0x00000157   Thumb Code     0  __rtentry.o(.ARM.Collect$$rtentry$$00000000)
    __rt_entry_presh_1                       0x00000157   Thumb Code     0  __rtentry2.o(.ARM.Collect$$rtentry$$00000002)
    __rt_entry_sh                            0x00000157   Thumb Code     0  __rtentry4.o(.ARM.Collect$$rtentry$$00000004)
    __rt_entry_li                            0x0000015d   Thumb Code     0  __rtentry2.o(.ARM.Collect$$rtentry$$0000000A)
    __rt_entry_postsh_1                      0x0000015d   Thumb Code     0  __rtentry2.o(.ARM.Collect$$rtentry$$00000009)
    __rt_entry_main                          0x00000161   Thumb Code     0  __rtentry2.o(.ARM.Collect$$rtentry$$0000000D)
    __rt_entry_postli_1                      0x00000161   Thumb Code     0  __rtentry2.o(.ARM.Collect$$rtentry$$0000000C)
    __rt_exit                                0x00000169   Thumb Code     0  rtexit.o(.ARM.Collect$$rtexit$$00000000)
    __rt_exit_ls                             0x0000016b   Thumb Code     0  rtexit2.o(.ARM.Collect$$rtexit$$00000003)
    __rt_exit_prels_1                        0x0000016b   Thumb Code     0  rtexit2.o(.ARM.Collect$$rtexit$$00000002)
    __rt_exit_exit                           0x0000016f   Thumb Code     0  rtexit2.o(.ARM.Collect$$rtexit$$00000004)
    Reset_Handler                            0x00000175   Thumb Code     8  startup_mkl05z4.o(.text)
    NMI_Handler                              0x0000017d   Thumb Code     2  startup_mkl05z4.o(.text)
    HardFault_Handler                        0x0000017f   Thumb Code     2  startup_mkl05z4.o(.text)
    SVC_Handler                              0x00000181   Thumb Code     2  startup_mkl05z4.o(.text)
    PendSV_Handler                           0x00000183   Thumb Code     2  startup_mkl05z4.o(.text)
    SysTick_Handler                          0x00000185   Thumb Code     2  startup_mkl05z4.o(.text)
    ADC0_IRQHandler                          0x00000187   Thumb Code     0  startup_mkl05z4.o(.text)
    CMP0_IRQHandler                          0x00000187   Thumb Code     0  startup_mkl05z4.o(.text)
    DAC0_IRQHandler                          0x00000187   Thumb Code     0  startup_mkl05z4.o(.text)
    DMA0_IRQHandler                          0x00000187   Thumb Code     0  startup_mkl05z4.o(.text)
    DMA1_IRQHandler                          0x00000187   Thumb Code     0  startup_mkl05z4.o(.text)
    DMA2_IRQHandler                          0x00000187   Thumb Code     0  startup_mkl05z4.o(.text)
    DMA3_IRQHandler                          0x00000187   Thumb Code     0  startup_mkl05z4.o(.text)
    DefaultISR                               0x00000187   Thumb Code     0  startup_mkl05z4.o(.text)
    FTFA_IRQHandler                          0x00000187   Thumb Code     0  startup_mkl05z4.o(.text)
    I2C0_IRQHandler                          0x00000187   Thumb Code     0  startup_mkl05z4.o(.text)
    LLW_IRQHandler                           0x00000187   Thumb Code     0  startup_mkl05z4.o(.text)
    LPTimer_IRQHandler                       0x00000187   Thumb Code     0  startup_mkl05z4.o(.text)
    LVD_LVW_IRQHandler                       0x00000187   Thumb Code     0  startup_mkl05z4.o(.text)
    MCG_IRQHandler                           0x00000187   Thumb Code     0  startup_mkl05z4.o(.text)
    PORTA_IRQHandler                         0x00000187   Thumb Code     0  startup_mkl05z4.o(.text)
    PORTB_IRQHandler                         0x00000187   Thumb Code     0  startup_mkl05z4.o(.text)
    RTC_IRQHandler                           0x00000187   Thumb Code     0  startup_mkl05z4.o(.text)
    RTC_Seconds_IRQHandler                   0x00000187   Thumb Code     0  startup_mkl05z4.o(.text)
    Reserved20_IRQHandler                    0x00000187   Thumb Code     0  startup_mkl05z4.o(.text)
    Reserved25_IRQHandler                    0x00000187   Thumb Code     0  startup_mkl05z4.o(.text)
    Reserved27_IRQHandler                    0x00000187   Thumb Code     0  startup_mkl05z4.o(.text)
    Reserved29_IRQHandler                    0x00000187   Thumb Code     0  startup_mkl05z4.o(.text)
    Reserved30_IRQHandler                    0x00000187   Thumb Code     0  startup_mkl05z4.o(.text)
    Reserved35_IRQHandler                    0x00000187   Thumb Code     0  startup_mkl05z4.o(.text)
    Reserved39_IRQHandler                    0x00000187   Thumb Code     0  startup_mkl05z4.o(.text)
    Reserved40_IRQHandler                    0x00000187   Thumb Code     0  startup_mkl05z4.o(.text)
    Reserved45_IRQHandler                    0x00000187   Thumb Code     0  startup_mkl05z4.o(.text)
    SPI0_IRQHandler                          0x00000187   Thumb Code     0  startup_mkl05z4.o(.text)
    TPM0_IRQHandler                          0x00000187   Thumb Code     0  startup_mkl05z4.o(.text)
    TPM1_IRQHandler                          0x00000187   Thumb Code     0  startup_mkl05z4.o(.text)
    TSI0_IRQHandler                          0x00000187   Thumb Code     0  startup_mkl05z4.o(.text)
    UART0_IRQHandler                         0x00000187   Thumb Code     0  startup_mkl05z4.o(.text)
    __user_initial_stackheap                 0x00000189   Thumb Code     0  startup_mkl05z4.o(.text)
    atoi                                     0x000001a9   Thumb Code    26  atoi.o(.text)
    strtok                                   0x000001c5   Thumb Code    10  strtok.o(.text)
    strcpy                                   0x000001d5   Thumb Code    70  strcpy.o(.text)
    __use_two_region_memory                  0x00000221   Thumb Code     2  heapauxi.o(.text)
    __rt_heap_escrow$2region                 0x00000223   Thumb Code     2  heapauxi.o(.text)
    __rt_heap_expand$2region                 0x00000225   Thumb Code     2  heapauxi.o(.text)
    __aeabi_errno_addr                       0x00000229   Thumb Code     8  rt_errno_addr_intlibspace.o(.text)
    __errno$intlibspace                      0x00000229   Thumb Code     0  rt_errno_addr_intlibspace.o(.text)
    __rt_errno_addr$intlibspace              0x00000229   Thumb Code     0  rt_errno_addr_intlibspace.o(.text)
    strtol                                   0x00000231   Thumb Code   108  strtol.o(.text)
    __strtok_internal                        0x000002a1   Thumb Code    66  strtok_int.o(.text)
    __user_libspace                          0x000002e9   Thumb Code     8  libspace.o(.text)
    __user_perproc_libspace                  0x000002e9   Thumb Code     0  libspace.o(.text)
    __user_perthread_libspace                0x000002e9   Thumb Code     0  libspace.o(.text)
    __rt_ctype_table                         0x000002f1   Thumb Code    16  rt_ctype_table.o(.text)
    _strtoul                                 0x00000301   Thumb Code   166  _strtoul.o(.text)
    strcspn                                  0x000003a7   Thumb Code    34  strcspn.o(.text)
    strspn                                   0x000003c9   Thumb Code    32  strspn.o(.text)
    __rt_locale                              0x000003e9   Thumb Code     8  rt_locale_intlibspace.o(.text)
    exit                                     0x000003f1   Thumb Code    16  exit.o(.text)
    __user_setup_stackheap                   0x00000411   Thumb Code    62  sys_stackheap_outer.o(.text)
    _chval                                   0x0000044f   Thumb Code    30  _chval.o(.text)
    strcmp                                   0x0000046d   Thumb Code   176  strcmpv6m.o(.text)
    _sys_exit                                0x0000051d   Thumb Code     8  sys_exit.o(.text)
    __I$use$semihosting                      0x00000529   Thumb Code     0  use_no_semi.o(.text)
    __use_no_semihosting_swi                 0x00000529   Thumb Code     2  use_no_semi.o(.text)
    __semihosting_library_function           0x0000052b   Thumb Code     0  indicate_semi.o(.text)
    I2C_Init                                 0x0000052d   Thumb Code   108  i2c.o(.text.I2C_Init)
    I2C_Write                                0x00000599   Thumb Code    64  i2c.o(.text.I2C_Write)
    LCD1602_Backlight                        0x000005d9   Thumb Code    16  lcd1602.o(.text.LCD1602_Backlight)
    LCD1602_CheckAddress                     0x000005e9   Thumb Code    40  lcd1602.o(.text.LCD1602_CheckAddress)
    LCD1602_Init                             0x00000611   Thumb Code    76  lcd1602.o(.text.LCD1602_Init)
    LCD1602_Print                            0x0000065d   Thumb Code    32  lcd1602.o(.text.LCD1602_Print)
    LCD1602_SetCursor                        0x0000067d   Thumb Code    24  lcd1602.o(.text.LCD1602_SetCursor)
    LCD1602_Write4                           0x00000695   Thumb Code    40  lcd1602.o(.text.LCD1602_Write4)
    LCD1602_Write8                           0x000006bd   Thumb Code    26  lcd1602.o(.text.LCD1602_Write8)
    PCF8574_Write                            0x000006d9   Thumb Code    44  lcd1602.o(.text.PCF8574_Write)
    PIT_IRQHandler                           0x00000705   Thumb Code    44  main.o(.text.PIT_IRQHandler)
    PIT_Init                                 0x00000731   Thumb Code    68  pit.o(.text.PIT_Init)
    SystemInit                               0x00000775   Thumb Code    76  system_mkl05z4.o(.text.SystemInit)
    buttons_init                             0x000007ed   Thumb Code   152  buttons.o(.text.buttons_init)
    calculator                               0x00000885   Thumb Code   248  calc.o(.text.calculator)
    choose_row                               0x0000097d   Thumb Code   156  buttons.o(.text.choose_row)
    getResult                                0x00000a19   Thumb Code   212  calc.o(.text.getResult)
    i2c_disable                              0x00000aed   Thumb Code    12  i2c.o(.text.i2c_disable)
    i2c_enable                               0x00000af9   Thumb Code    12  i2c.o(.text.i2c_enable)
    i2c_m_start                              0x00000b05   Thumb Code    12  i2c.o(.text.i2c_m_start)
    i2c_m_stop                               0x00000b11   Thumb Code    12  i2c.o(.text.i2c_m_stop)
    i2c_send                                 0x00000b1d   Thumb Code    12  i2c.o(.text.i2c_send)
    i2c_tran                                 0x00000b29   Thumb Code    16  i2c.o(.text.i2c_tran)
    i2c_wait                                 0x00000b39   Thumb Code    76  i2c.o(.text.i2c_wait)
    inttostring                              0x00000b85   Thumb Code   104  buttons.o(.text.inttostring)
    main                                     0x00000bed   Thumb Code    76  main.o(.text.main)
    print_button                             0x00000c39   Thumb Code    64  buttons.o(.text.print_button)
    __aeabi_uidiv                            0x00000c79   Thumb Code    68  aeabi_sdivfast.o(.text_divfast)
    __aeabi_idiv                             0x00000cbd   Thumb Code   434  aeabi_sdivfast.o(.text_divfast)
    _get_lc_ctype                            0x00000e71   Thumb Code    44  lc_ctype_c.o(locale$$code)
    Region$$Table$$Base                      0x00000ec0   Number         0  anon$$obj.o(Region$$Table)
    Region$$Table$$Limit                     0x00000ee0   Number         0  anon$$obj.o(Region$$Table)
    __ctype                                  0x00000eed   Data           0  lc_ctype_c.o(locale$$data)
    SystemCoreClock                          0x1ffffc04   Data           4  system_mkl05z4.o(.data.SystemCoreClock)
    tab                                      0x1ffffc09   Data          16  buttons.o(.data.tab)
    __libspace_start                         0x1ffffc20   Data          96  libspace.o(.bss)
    __temporary_stack_top$libspace           0x1ffffc80   Data           0  libspace.o(.bss)
    counter                                  0x1ffffc80   Data           4  calc.o(.bss.counter)
    irqTimer                                 0x1ffffc85   Data           1  main.o(.bss.irqTimer)
    s                                        0x1ffffc88   Data           4  calc.o(.bss.s)
    sep                                      0x1ffffc8c   Data           2  calc.o(.bss.sep)
    temp                                     0x1ffffc90   Data          20  calc.o(.bss.temp)



==============================================================================

Memory Map of the image

  Image Entry point : 0x00000175

  Load Region LR_1 (Base: 0x00000000, Size: 0x0000100c, Max: 0xffffffff, ABSOLUTE)

    Execution Region ER_RO (Exec base: 0x00000000, Load base: 0x00000000, Size: 0x00000ff0, Max: 0xffffffff, ABSOLUTE)

    Exec Addr    Load Addr    Size         Type   Attr      Idx    E Section Name        Object

    0x00000000   0x00000000   0x000000c0   Data   RO          143    RESET               startup_mkl05z4.o
    0x000000c0   0x000000c0   0x00000008   Code   RO          185  * !!!main             c_p.l(__main.o)
    0x000000c8   0x000000c8   0x0000003c   Code   RO          389    !!!scatter          c_p.l(__scatter.o)
    0x00000104   0x00000104   0x0000001a   Code   RO          391    !!handler_copy      c_p.l(__scatter_copy.o)
    0x0000011e   0x0000011e   0x00000002   PAD
    0x00000120   0x00000120   0x0000001c   Code   RO          393    !!handler_zi        c_p.l(__scatter_zi.o)
    0x0000013c   0x0000013c   0x00000002   Code   RO          253    .ARM.Collect$$libinit$$00000000  c_p.l(libinit.o)
    0x0000013e   0x0000013e   0x00000000   Code   RO          266    .ARM.Collect$$libinit$$00000002  c_p.l(libinit2.o)
    0x0000013e   0x0000013e   0x00000000   Code   RO          268    .ARM.Collect$$libinit$$00000004  c_p.l(libinit2.o)
    0x0000013e   0x0000013e   0x00000000   Code   RO          271    .ARM.Collect$$libinit$$0000000A  c_p.l(libinit2.o)
    0x0000013e   0x0000013e   0x00000000   Code   RO          273    .ARM.Collect$$libinit$$0000000C  c_p.l(libinit2.o)
    0x0000013e   0x0000013e   0x00000000   Code   RO          275    .ARM.Collect$$libinit$$0000000E  c_p.l(libinit2.o)
    0x0000013e   0x0000013e   0x00000006   Code   RO          276    .ARM.Collect$$libinit$$0000000F  c_p.l(libinit2.o)
    0x00000144   0x00000144   0x00000000   Code   RO          278    .ARM.Collect$$libinit$$00000011  c_p.l(libinit2.o)
    0x00000144   0x00000144   0x0000000c   Code   RO          279    .ARM.Collect$$libinit$$00000012  c_p.l(libinit2.o)
    0x00000150   0x00000150   0x00000000   Code   RO          280    .ARM.Collect$$libinit$$00000013  c_p.l(libinit2.o)
    0x00000150   0x00000150   0x00000000   Code   RO          282    .ARM.Collect$$libinit$$00000015  c_p.l(libinit2.o)
    0x00000150   0x00000150   0x00000000   Code   RO          284    .ARM.Collect$$libinit$$00000017  c_p.l(libinit2.o)
    0x00000150   0x00000150   0x00000000   Code   RO          286    .ARM.Collect$$libinit$$00000019  c_p.l(libinit2.o)
    0x00000150   0x00000150   0x00000000   Code   RO          288    .ARM.Collect$$libinit$$0000001B  c_p.l(libinit2.o)
    0x00000150   0x00000150   0x00000000   Code   RO          290    .ARM.Collect$$libinit$$0000001D  c_p.l(libinit2.o)
    0x00000150   0x00000150   0x00000000   Code   RO          292    .ARM.Collect$$libinit$$0000001F  c_p.l(libinit2.o)
    0x00000150   0x00000150   0x00000000   Code   RO          294    .ARM.Collect$$libinit$$00000021  c_p.l(libinit2.o)
    0x00000150   0x00000150   0x00000000   Code   RO          296    .ARM.Collect$$libinit$$00000023  c_p.l(libinit2.o)
    0x00000150   0x00000150   0x00000000   Code   RO          298    .ARM.Collect$$libinit$$00000025  c_p.l(libinit2.o)
    0x00000150   0x00000150   0x00000000   Code   RO          302    .ARM.Collect$$libinit$$0000002C  c_p.l(libinit2.o)
    0x00000150   0x00000150   0x00000000   Code   RO          304    .ARM.Collect$$libinit$$0000002E  c_p.l(libinit2.o)
    0x00000150   0x00000150   0x00000000   Code   RO          306    .ARM.Collect$$libinit$$00000030  c_p.l(libinit2.o)
    0x00000150   0x00000150   0x00000000   Code   RO          308    .ARM.Collect$$libinit$$00000032  c_p.l(libinit2.o)
    0x00000150   0x00000150   0x00000002   Code   RO          309    .ARM.Collect$$libinit$$00000033  c_p.l(libinit2.o)
    0x00000152   0x00000152   0x00000002   Code   RO          344    .ARM.Collect$$libshutdown$$00000000  c_p.l(libshutdown.o)
    0x00000154   0x00000154   0x00000000   Code   RO          372    .ARM.Collect$$libshutdown$$00000002  c_p.l(libshutdown2.o)
    0x00000154   0x00000154   0x00000000   Code   RO          374    .ARM.Collect$$libshutdown$$00000004  c_p.l(libshutdown2.o)
    0x00000154   0x00000154   0x00000000   Code   RO          377    .ARM.Collect$$libshutdown$$00000007  c_p.l(libshutdown2.o)
    0x00000154   0x00000154   0x00000000   Code   RO          380    .ARM.Collect$$libshutdown$$0000000A  c_p.l(libshutdown2.o)
    0x00000154   0x00000154   0x00000000   Code   RO          382    .ARM.Collect$$libshutdown$$0000000C  c_p.l(libshutdown2.o)
    0x00000154   0x00000154   0x00000000   Code   RO          385    .ARM.Collect$$libshutdown$$0000000F  c_p.l(libshutdown2.o)
    0x00000154   0x00000154   0x00000002   Code   RO          386    .ARM.Collect$$libshutdown$$00000010  c_p.l(libshutdown2.o)
    0x00000156   0x00000156   0x00000000   Code   RO          187    .ARM.Collect$$rtentry$$00000000  c_p.l(__rtentry.o)
    0x00000156   0x00000156   0x00000000   Code   RO          205    .ARM.Collect$$rtentry$$00000002  c_p.l(__rtentry2.o)
    0x00000156   0x00000156   0x00000006   Code   RO          217    .ARM.Collect$$rtentry$$00000004  c_p.l(__rtentry4.o)
    0x0000015c   0x0000015c   0x00000000   Code   RO          207    .ARM.Collect$$rtentry$$00000009  c_p.l(__rtentry2.o)
    0x0000015c   0x0000015c   0x00000004   Code   RO          208    .ARM.Collect$$rtentry$$0000000A  c_p.l(__rtentry2.o)
    0x00000160   0x00000160   0x00000000   Code   RO          210    .ARM.Collect$$rtentry$$0000000C  c_p.l(__rtentry2.o)
    0x00000160   0x00000160   0x00000008   Code   RO          211    .ARM.Collect$$rtentry$$0000000D  c_p.l(__rtentry2.o)
    0x00000168   0x00000168   0x00000002   Code   RO          255    .ARM.Collect$$rtexit$$00000000  c_p.l(rtexit.o)
    0x0000016a   0x0000016a   0x00000000   Code   RO          315    .ARM.Collect$$rtexit$$00000002  c_p.l(rtexit2.o)
    0x0000016a   0x0000016a   0x00000004   Code   RO          316    .ARM.Collect$$rtexit$$00000003  c_p.l(rtexit2.o)
    0x0000016e   0x0000016e   0x00000006   Code   RO          317    .ARM.Collect$$rtexit$$00000004  c_p.l(rtexit2.o)
    0x00000174   0x00000174   0x00000034   Code   RO          145  * .text               startup_mkl05z4.o
    0x000001a8   0x000001a8   0x0000001a   Code   RO          168    .text               c_p.l(atoi.o)
    0x000001c2   0x000001c2   0x00000002   PAD
    0x000001c4   0x000001c4   0x00000010   Code   RO          170    .text               c_p.l(strtok.o)
    0x000001d4   0x000001d4   0x0000004c   Code   RO          173    .text               c_p.l(strcpy.o)
    0x00000220   0x00000220   0x00000006   Code   RO          183    .text               c_p.l(heapauxi.o)
    0x00000226   0x00000226   0x00000002   PAD
    0x00000228   0x00000228   0x00000008   Code   RO          195    .text               c_p.l(rt_errno_addr_intlibspace.o)
    0x00000230   0x00000230   0x00000070   Code   RO          197    .text               c_p.l(strtol.o)
    0x000002a0   0x000002a0   0x00000048   Code   RO          199    .text               c_p.l(strtok_int.o)
    0x000002e8   0x000002e8   0x00000008   Code   RO          201    .text               c_p.l(libspace.o)
    0x000002f0   0x000002f0   0x00000010   Code   RO          219    .text               c_p.l(rt_ctype_table.o)
    0x00000300   0x00000300   0x000000a6   Code   RO          223    .text               c_p.l(_strtoul.o)
    0x000003a6   0x000003a6   0x00000022   Code   RO          225    .text               c_p.l(strcspn.o)
    0x000003c8   0x000003c8   0x00000020   Code   RO          227    .text               c_p.l(strspn.o)
    0x000003e8   0x000003e8   0x00000008   Code   RO          235    .text               c_p.l(rt_locale_intlibspace.o)
    0x000003f0   0x000003f0   0x00000010   Code   RO          242    .text               c_p.l(exit.o)
    0x00000400   0x00000400   0x00000010   Code   RO          144    .ARM.__at_0x400     startup_mkl05z4.o
    0x00000410   0x00000410   0x0000003e   Code   RO          229    .text               c_p.l(sys_stackheap_outer.o)
    0x0000044e   0x0000044e   0x0000001e   Code   RO          237    .text               c_p.l(_chval.o)
    0x0000046c   0x0000046c   0x000000b0   Code   RO          263    .text               c_p.l(strcmpv6m.o)
    0x0000051c   0x0000051c   0x0000000c   Code   RO          310    .text               c_p.l(sys_exit.o)
    0x00000528   0x00000528   0x00000002   Code   RO          333    .text               c_p.l(use_no_semi.o)
    0x0000052a   0x0000052a   0x00000000   Code   RO          335    .text               c_p.l(indicate_semi.o)
    0x0000052a   0x0000052a   0x00000002   PAD
    0x0000052c   0x0000052c   0x0000006c   Code   RO           19    .text.I2C_Init      i2c.o
    0x00000598   0x00000598   0x00000040   Code   RO           21    .text.I2C_Write     i2c.o
    0x000005d8   0x000005d8   0x00000010   Code   RO           94    .text.LCD1602_Backlight  lcd1602.o
    0x000005e8   0x000005e8   0x00000028   Code   RO           80    .text.LCD1602_CheckAddress  lcd1602.o
    0x00000610   0x00000610   0x0000004c   Code   RO           78    .text.LCD1602_Init  lcd1602.o
    0x0000065c   0x0000065c   0x00000020   Code   RO           88    .text.LCD1602_Print  lcd1602.o
    0x0000067c   0x0000067c   0x00000018   Code   RO           84    .text.LCD1602_SetCursor  lcd1602.o
    0x00000694   0x00000694   0x00000028   Code   RO           98    .text.LCD1602_Write4  lcd1602.o
    0x000006bc   0x000006bc   0x0000001a   Code   RO           82    .text.LCD1602_Write8  lcd1602.o
    0x000006d6   0x000006d6   0x00000002   PAD
    0x000006d8   0x000006d8   0x0000002c   Code   RO           96    .text.PCF8574_Write  lcd1602.o
    0x00000704   0x00000704   0x0000002c   Code   RO           48    .text.PIT_IRQHandler  main.o
    0x00000730   0x00000730   0x00000044   Code   RO           64    .text.PIT_Init      pit.o
    0x00000774   0x00000774   0x0000004c   Code   RO          154    .text.SystemInit    system_mkl05z4.o
    0x000007c0   0x000007c0   0x0000000c   Code   RO           50    .text.__NVIC_ClearPendingIRQ  main.o
    0x000007cc   0x000007cc   0x00000010   Code   RO           66    .text.__NVIC_ClearPendingIRQ  pit.o
    0x000007dc   0x000007dc   0x00000010   Code   RO           68    .text.__NVIC_EnableIRQ  pit.o
    0x000007ec   0x000007ec   0x00000098   Code   RO            2    .text.buttons_init  buttons.o
    0x00000884   0x00000884   0x000000f8   Code   RO          110    .text.calculator    calc.o
    0x0000097c   0x0000097c   0x0000009c   Code   RO            4    .text.choose_row    buttons.o
    0x00000a18   0x00000a18   0x000000d4   Code   RO          112    .text.getResult     calc.o
    0x00000aec   0x00000aec   0x0000000c   Code   RO           35    .text.i2c_disable   i2c.o
    0x00000af8   0x00000af8   0x0000000c   Code   RO           23    .text.i2c_enable    i2c.o
    0x00000b04   0x00000b04   0x0000000c   Code   RO           27    .text.i2c_m_start   i2c.o
    0x00000b10   0x00000b10   0x0000000c   Code   RO           33    .text.i2c_m_stop    i2c.o
    0x00000b1c   0x00000b1c   0x0000000c   Code   RO           29    .text.i2c_send      i2c.o
    0x00000b28   0x00000b28   0x00000010   Code   RO           25    .text.i2c_tran      i2c.o
    0x00000b38   0x00000b38   0x0000004c   Code   RO           31    .text.i2c_wait      i2c.o
    0x00000b84   0x00000b84   0x00000068   Code   RO            8    .text.inttostring   buttons.o
    0x00000bec   0x00000bec   0x0000004c   Code   RO           52    .text.main          main.o
    0x00000c38   0x00000c38   0x00000040   Code   RO            6    .text.print_button  buttons.o
    0x00000c78   0x00000c78   0x000001f6   Code   RO          176    .text_divfast       c_p.l(aeabi_sdivfast.o)
    0x00000e6e   0x00000e6e   0x00000002   PAD
    0x00000e70   0x00000e70   0x0000002c   Code   RO          240    locale$$code        c_p.l(lc_ctype_c.o)
    0x00000e9c   0x00000e9c   0x00000021   Data   RO          119    .rodata.str1.1      calc.o
    0x00000ebd   0x00000ebd   0x00000003   PAD
    0x00000ec0   0x00000ec0   0x00000020   Data   RO          388    Region$$Table       anon$$obj.o
    0x00000ee0   0x00000ee0   0x00000110   Data   RO          239    locale$$data        c_p.l(lc_ctype_c.o)


    Execution Region ER_RW (Exec base: 0x1ffffc00, Load base: 0x00000ff0, Size: 0x0000001c, Max: 0xffffffff, ABSOLUTE)

    Exec Addr    Load Addr    Size         Type   Attr      Idx    E Section Name        Object

    0x1ffffc00   0x00000ff0   0x00000004   Data   RW          171    .data               c_p.l(strtok.o)
    0x1ffffc04   0x00000ff4   0x00000004   Data   RW          158    .data.SystemCoreClock  system_mkl05z4.o
    0x1ffffc08   0x00000ff8   0x00000001   Data   RW          100    .data.lcd_backlight  lcd1602.o
    0x1ffffc09   0x00000ff9   0x00000010   Data   RW           10    .data.tab           buttons.o


    Execution Region ER_ZI (Exec base: 0x1ffffc20, Load base: 0x0000100c, Size: 0x00000188, Max: 0xffffffff, ABSOLUTE)

    Exec Addr    Load Addr    Size         Type   Attr      Idx    E Section Name        Object

    0x1ffffc20        -       0x00000060   Zero   RW          202    .bss                c_p.l(libspace.o)
    0x1ffffc80        -       0x00000004   Zero   RW          117    .bss.counter        calc.o
    0x1ffffc84        -       0x00000001   Zero   RW           39    .bss.error          i2c.o
    0x1ffffc85        -       0x00000001   Zero   RW           54    .bss.irqTimer       main.o
    0x1ffffc86        -       0x00000001   Zero   RW          101    .bss.pcf_address    lcd1602.o
    0x1ffffc87   0x0000100c   0x00000001   PAD
    0x1ffffc88        -       0x00000004   Zero   RW          118    .bss.s              calc.o
    0x1ffffc8c        -       0x00000002   Zero   RW          120    .bss.sep            calc.o
    0x1ffffc8e   0x0000100c   0x00000002   PAD
    0x1ffffc90        -       0x00000014   Zero   RW          116    .bss.temp           calc.o
    0x1ffffca4   0x0000100c   0x00000004   PAD
    0x1ffffca8        -       0x00000000   Zero   RW          142    HEAP                startup_mkl05z4.o
    0x1ffffca8        -       0x00000100   Zero   RW          141    STACK               startup_mkl05z4.o


==============================================================================

Image component sizes


      Code (inc. data)   RO Data    RW Data    ZI Data      Debug   Object Name

       476         28          0         16          0       2987   buttons.o
       460         38         33          0         30       2704   calc.o
       324         36          0          0          1       2987   i2c.o
       298         16          0          1          1       3067   lcd1602.o
       132         12          0          0          1       2701   main.o
       100         24          0          0          0       3186   pit.o
        68         38        192          0        256        832   startup_mkl05z4.o
        76         16          0          4          0       2321   system_mkl05z4.o

    ----------------------------------------------------------------------
      1936        208        260         24        296      20785   Object Totals
         0          0         32          0          0          0   (incl. Generated)
         2          0          3          3          7          0   (incl. Padding)

    ----------------------------------------------------------------------

      Code (inc. data)   RO Data    RW Data    ZI Data      Debug   Library Member Name

         8          0          0          0          0         68   __main.o
         0          0          0          0          0          0   __rtentry.o
        12          0          0          0          0          0   __rtentry2.o
         6          0          0          0          0          0   __rtentry4.o
        60          8          0          0          0          0   __scatter.o
        26          0          0          0          0          0   __scatter_copy.o
        28          0          0          0          0          0   __scatter_zi.o
        30          0          0          0          0         60   _chval.o
       166          0          0          0          0         84   _strtoul.o
       502          0          0          0          0         92   aeabi_sdivfast.o
        26          0          0          0          0         72   atoi.o
        16          0          0          0          0         68   exit.o
         6          0          0          0          0        136   heapauxi.o
         0          0          0          0          0          0   indicate_semi.o
        44         10        272          0          0         76   lc_ctype_c.o
         2          0          0          0          0          0   libinit.o
        20          0          0          0          0          0   libinit2.o
         2          0          0          0          0          0   libshutdown.o
         2          0          0          0          0          0   libshutdown2.o
         8          4          0          0         96         68   libspace.o
        16          4          0          0          0         76   rt_ctype_table.o
         8          4          0          0          0         68   rt_errno_addr_intlibspace.o
         8          4          0          0          0         68   rt_locale_intlibspace.o
         2          0          0          0          0          0   rtexit.o
        10          0          0          0          0          0   rtexit2.o
       176          4          0          0          0         80   strcmpv6m.o
        76          6          0          0          0         72   strcpy.o
        34          0          0          0          0         72   strcspn.o
        32          0          0          0          0         72   strspn.o
        16          6          0          4          0         68   strtok.o
        72          6          0          0          0         76   strtok_int.o
       112          4          0          0          0         76   strtol.o
        12          4          0          0          0         60   sys_exit.o
        62          0          0          0          0         80   sys_stackheap_outer.o
         2          0          0          0          0         68   use_no_semi.o

    ----------------------------------------------------------------------
      1612         64        272          4         96       1660   Library Totals
        10          0          0          0          0          0   (incl. Padding)

    ----------------------------------------------------------------------

      Code (inc. data)   RO Data    RW Data    ZI Data      Debug   Library Name

      1602         64        272          4         96       1660   c_p.l

    ----------------------------------------------------------------------
      1612         64        272          4         96       1660   Library Totals

    ----------------------------------------------------------------------

==============================================================================


      Code (inc. data)   RO Data    RW Data    ZI Data      Debug   

      3548        272        532         28        392      21549   Grand Totals
      3548        272        532         28        392      21549   ELF Image Totals
      3548        272        532         28          0          0   ROM Totals

==============================================================================

    Total RO  Size (Code + RO Data)                 4080 (   3.98kB)
    Total RW  Size (RW Data + ZI Data)               420 (   0.41kB)
    Total ROM Size (Code + RO Data + RW Data)       4108 (   4.01kB)

==============================================================================

